Archive member included to satisfy reference by file (symbol)

/opt/wonderful/thirdparty/blocksds/external/nflib/lib/libnflib.a(nf_basic.c.o)
                              build/source/main.c.o (NF_SetRootFolder)
/opt/wonderful/thirdparty/blocksds/external/nflib/lib/libnflib.a(nf_sprite256.c.o)
                              build/source/main.c.o (NF_InitSpriteBuffers)
/opt/wonderful/thirdparty/blocksds/external/nflib/lib/libnflib.a(nf_tiledbg.c.o)
                              build/source/main.c.o (NF_InitTiledBgBuffers)
/opt/wonderful/thirdparty/blocksds/external/nflib/lib/libnflib.a(nf_2d.c.o)
                              build/source/main.c.o (NF_Set2D)
/opt/wonderful/thirdparty/blocksds/core/libs/libnds/lib/libnds9.a(IntrWait.s.o)
                              build/source/main.c.o (swiWaitForVBlank)
/opt/wonderful/thirdparty/blocksds/core/libs/libnds/lib/libnds9.a(mpu_setup.s.o)
                              /opt/wonderful/thirdparty/blocksds/core/sys/crts/ds_arm9_crt0.o (__libnds_mpu_setup)
/opt/wonderful/thirdparty/blocksds/core/libs/libnds/lib/libnds9.a(dma.s.o)
                              /opt/wonderful/thirdparty/blocksds/external/nflib/lib/libnflib.a(nf_basic.c.o) (dmaSetParams)
/opt/wonderful/thirdparty/blocksds/core/libs/libnds/lib/libnds9.a(memcpy.s.o)
                              /opt/wonderful/thirdparty/blocksds/external/nflib/lib/libnflib.a(nf_basic.c.o) (memcpy)
/opt/wonderful/thirdparty/blocksds/core/libs/libnds/lib/libnds9.a(memset.s.o)
                              /opt/wonderful/thirdparty/blocksds/external/nflib/lib/libnflib.a(nf_sprite256.c.o) (memset)
/opt/wonderful/thirdparty/blocksds/core/libs/libnds/lib/libnds9.a(sprite.c.o)
                              /opt/wonderful/thirdparty/blocksds/external/nflib/lib/libnflib.a(nf_sprite256.c.o) (oamInit)
/opt/wonderful/thirdparty/blocksds/core/libs/libnds/lib/libnds9.a(sprite_alloc.c.o)
                              /opt/wonderful/thirdparty/blocksds/core/libs/libnds/lib/libnds9.a(sprite.c.o) (oamAllocReset)
/opt/wonderful/thirdparty/blocksds/core/libs/libnds/lib/libnds9.a(video.c.o)
                              /opt/wonderful/thirdparty/blocksds/external/nflib/lib/libnflib.a(nf_basic.c.o) (setBrightness)
/opt/wonderful/thirdparty/blocksds/core/libs/libnds/lib/libnds9.a(securearea.c.o)
                              /opt/wonderful/thirdparty/blocksds/core/sys/crts/ds_arm9_crt0.o (__secure_area__)
/opt/wonderful/thirdparty/blocksds/core/libs/libnds/lib/libnds9.a(keys.c.o)
                              build/source/main.c.o (scanKeys)
/opt/wonderful/thirdparty/blocksds/core/libs/libnds/lib/libnds9.a(initSystem.c.o)
                              /opt/wonderful/thirdparty/blocksds/core/sys/crts/ds_arm9_crt0.o (initSystem)
/opt/wonderful/thirdparty/blocksds/core/libs/libnds/lib/libnds9.a(cache.c.o)
                              /opt/wonderful/thirdparty/blocksds/external/nflib/lib/libnflib.a(nf_basic.c.o) (CP15_CleanAndFlushDcacheRange)
/opt/wonderful/thirdparty/blocksds/core/libs/libnds/lib/libnds9.a(console.c.o)
                              /opt/wonderful/thirdparty/blocksds/external/nflib/lib/libnflib.a(nf_basic.c.o) (consoleDemoInit)
/opt/wonderful/thirdparty/blocksds/core/libs/libnds/lib/libnds9.a(trig.c.o)
                              /opt/wonderful/thirdparty/blocksds/core/libs/libnds/lib/libnds9.a(sprite.c.o) (sinLerp)
/opt/wonderful/thirdparty/blocksds/core/libs/libnds/lib/libnds9.a(filesystem.c.o)
                              /opt/wonderful/thirdparty/blocksds/external/nflib/lib/libnflib.a(nf_basic.c.o) (access)
/opt/wonderful/thirdparty/blocksds/core/libs/libnds/lib/libnds9.a(fatfs.c.o)
                              /opt/wonderful/thirdparty/blocksds/core/libs/libnds/lib/libnds9.a(filesystem.c.o) (fatfs_error_to_posix)
/opt/wonderful/thirdparty/blocksds/core/libs/libnds/lib/libnds9.a(ff.c.o)
                              /opt/wonderful/thirdparty/blocksds/core/libs/libnds/lib/libnds9.a(fatfs.c.o) (f_mount)
/opt/wonderful/thirdparty/blocksds/core/libs/libnds/lib/libnds9.a(ffunicode.c.o)
                              /opt/wonderful/thirdparty/blocksds/core/libs/libnds/lib/libnds9.a(ff.c.o) (ff_uni2oem)
/opt/wonderful/thirdparty/blocksds/core/libs/libnds/lib/libnds9.a(ffsystem.c.o)
                              /opt/wonderful/thirdparty/blocksds/core/libs/libnds/lib/libnds9.a(ff.c.o) (ff_mutex_create)
/opt/wonderful/thirdparty/blocksds/core/libs/libnds/lib/libnds9.a(diskio.c.o)
                              /opt/wonderful/thirdparty/blocksds/core/libs/libnds/lib/libnds9.a(ff.c.o) (disk_status)
/opt/wonderful/thirdparty/blocksds/core/libs/libnds/lib/libnds9.a(cache.c.o)
                              /opt/wonderful/thirdparty/blocksds/core/libs/libnds/lib/libnds9.a(fatfs.c.o) (cache_init)
/opt/wonderful/thirdparty/blocksds/core/libs/libnds/lib/libnds9.a(nitrofs.c.o)
                              /opt/wonderful/thirdparty/blocksds/core/libs/libnds/lib/libnds9.a(filesystem.c.o) (nitrofs_use_for_path)
[...]
Memory Configuration

Name             Origin             Length             Attributes
ewram            0x02000000         0x00380000
dtcm             0x02ff0000         0x00004000
vectors          0x01000000         0x00000100
itcm             0x01000100         0x00007f00
*default*        0x00000000         0xffffffff

Linker script and memory map

LOAD build/source/main.c.o
LOAD /opt/wonderful/thirdparty/blocksds/core/sys/crts/ds_arm9_crt0.o
START GROUP
LOAD /opt/wonderful/thirdparty/blocksds/external/nflib/lib/libnflib.a
LOAD /opt/wonderful/thirdparty/blocksds/core/libs/dswifi/lib/libdswifi9.a
LOAD /opt/wonderful/thirdparty/blocksds/core/libs/libnds/lib/libnds9.a
LOAD /opt/wonderful/toolchain/gcc-arm-none-eabi/lib/gcc/arm-none-eabi/13.2.0/../../../../arm-none-eabi/lib/libc.a
LOAD /opt/wonderful/toolchain/gcc-arm-none-eabi/lib/gcc/arm-none-eabi/13.2.0/../../../../arm-none-eabi/lib/libc.a
LOAD /opt/wonderful/toolchain/gcc-arm-none-eabi/lib/gcc/arm-none-eabi/13.2.0/thumb/libgcc.a
END GROUP
                0x02380000                        __ewram_end = (ORIGIN (ewram) + LENGTH (ewram))
                0x02380000                        __eheap_end = (ORIGIN (ewram) + LENGTH (ewram))
                0x02ff4000                        __dtcm_top = (ORIGIN (dtcm) + LENGTH (dtcm))
                0x02ff3ff8                        __irq_flags = (__dtcm_top - 0x8)
                0x02ff3ffc                        __irq_vector = (__dtcm_top - 0x4)
                0x02ff3f00                        __sp_svc = (__dtcm_top - 0x100)
                0x02ff3e00                        __sp_irq = (__sp_svc - 0x100)
                0x02ff3d00                        __sp_usr = (__sp_irq - 0x100)

.secure         0x02000000      0x800
 *(.secure)
 .secure        0x02000000      0x800 /opt/wonderful/thirdparty/blocksds/core/libs/libnds/lib/libnds9.a(securearea.c.o)
                0x02000000                __secure_area__

.crt0           0x02000800      0x308
                0x02000800                        __text_start = .
 *(.crt0)
 .crt0          0x02000800      0x308 /opt/wonderful/thirdparty/blocksds/core/sys/crts/ds_arm9_crt0.o
                0x02000800                _start
                0x02000b08                        . = ALIGN (0x4)

.plt
 *(.plt)

.init
 *(SORT_NONE(.init))

.text           0x02000b40    0x111f8
 *(EXCLUDE_FILE(*.twl* *.vectors* *.itcm*) .text)
 .text          0x02000b40     0x4000 /opt/wonderful/thirdparty/blocksds/core/libs/libnds/lib/libnds9.a(dldi_stub.s.o)
                0x02000b40                _io_dldi_stub
 .text          0x02004b40       0x14 /opt/wonderful/toolchain/gcc-arm-none-eabi/lib/gcc/arm-none-eabi/13.2.0/../../../../arm-none-eabi/lib/libc.a(strcmp.S.o)
                0x02004b40                strcmp
 .text          0x02004b54        0xe /opt/wonderful/toolchain/gcc-arm-none-eabi/lib/gcc/arm-none-eabi/13.2.0/../../../../arm-none-eabi/lib/libc.a(strlen.S.o)
                0x02004b54                strlen
 .text          0x02004b62       0x10 /opt/wonderful/toolchain/gcc-arm-none-eabi/lib/gcc/arm-none-eabi/13.2.0/../../../../arm-none-eabi/lib/libc.a(strcpy.S.o)
                0x02004b62                strcpy
 *fill*         0x02004b72        0x2 ff
 .text          0x02004b74       0x14 /opt/wonderful/toolchain/gcc-arm-none-eabi/lib/gcc/arm-none-eabi/13.2.0/thumb/libgcc.a(_thumb1_case_uqi.o)
                0x02004b74                __gnu_thumb1_case_uqi
 .text          0x02004b88      0x11c /opt/wonderful/toolchain/gcc-arm-none-eabi/lib/gcc/arm-none-eabi/13.2.0/thumb/libgcc.a(_udivsi3.o)
                0x02004b88                __udivsi3
                0x02004b88                __aeabi_uidiv
                0x02004c84                __aeabi_uidivmod
 .text          0x02004ca4      0x150 /opt/wonderful/toolchain/gcc-arm-none-eabi/lib/gcc/arm-none-eabi/13.2.0/thumb/libgcc.a(_divsi3.o)
                0x02004ca4                __aeabi_idiv
                0x02004ca4                __divsi3
                0x02004dd4                __aeabi_idivmod
 .text          0x02004df4        0x4 /opt/wonderful/toolchain/gcc-arm-none-eabi/lib/gcc/arm-none-eabi/13.2.0/thumb/libgcc.a(_dvmd_tls.o)
                0x02004df4                __aeabi_ldiv0
                0x02004df4                __aeabi_idiv0
 .text          0x02004df8       0x18 /opt/wonderful/toolchain/gcc-arm-none-eabi/lib/gcc/arm-none-eabi/13.2.0/thumb/libgcc.a(_lshrdi3.o)
                0x02004df8                __aeabi_llsr
                0x02004df8                __lshrdi3
 .text          0x02004e10       0x1c /opt/wonderful/toolchain/gcc-arm-none-eabi/lib/gcc/arm-none-eabi/13.2.0/thumb/libgcc.a(_ashrdi3.o)
                0x02004e10                __ashrdi3
                0x02004e10                __aeabi_lasr
 .text          0x02004e2c       0x18 /opt/wonderful/toolchain/gcc-arm-none-eabi/lib/gcc/arm-none-eabi/13.2.0/thumb/libgcc.a(_ashldi3.o)
                0x02004e2c                __ashldi3
                0x02004e2c                __aeabi_llsl
 .text          0x02004e44      0x424 /opt/wonderful/toolchain/gcc-arm-none-eabi/lib/gcc/arm-none-eabi/13.2.0/thumb/libgcc.a(_arm_addsubdf3.o)
                0x02004e44                __aeabi_drsub
                0x02004e4c                __subdf3
                0x02004e4c                __aeabi_dsub
                0x02004e50                __adddf3
                0x02004e50                __aeabi_dadd
                0x02005160                __aeabi_ui2d
                0x02005160                __floatunsidf
                0x02005184                __floatsidf
                0x02005184                __aeabi_i2d
                0x020051ac                __extendsfdf2
                0x020051ac                __aeabi_f2d
                0x020051f4                __aeabi_ul2d
                0x020051f4                __floatundidf
                0x02005208                __aeabi_l2d
                0x02005208                __floatdidf
 .text          0x02005268       0xa0 /opt/wonderful/toolchain/gcc-arm-none-eabi/lib/gcc/arm-none-eabi/13.2.0/thumb/libgcc.a(_arm_truncdfsf2.o)
                0x02005268                __aeabi_d2f
                0x02005268                __truncdfsf2
 .text          0x02005308       0x48 /opt/wonderful/toolchain/gcc-arm-none-eabi/lib/gcc/arm-none-eabi/13.2.0/thumb/libgcc.a(_clzsi2.o)
                0x02005308                __clzsi2
 .text          0x02005350       0x28 /opt/wonderful/toolchain/gcc-arm-none-eabi/lib/gcc/arm-none-eabi/13.2.0/thumb/libgcc.a(_clzdi2.o)
                0x02005350                __clzdi2
 .text          0x02005378       0xd4 /opt/wonderful/toolchain/gcc-arm-none-eabi/lib/gcc/arm-none-eabi/13.2.0/thumb/libgcc.a(_aeabi_ldivmod.o)
                0x02005378                __aeabi_ldivmod
 .text          0x0200544c       0x3c /opt/wonderful/toolchain/gcc-arm-none-eabi/lib/gcc/arm-none-eabi/13.2.0/thumb/libgcc.a(_aeabi_uldivmod.o)
                0x0200544c                __aeabi_uldivmod
 .text          0x02005488       0x64 /opt/wonderful/toolchain/gcc-arm-none-eabi/lib/gcc/arm-none-eabi/13.2.0/thumb/libgcc.a(_muldi3.o)
                0x02005488                __aeabi_lmul
                0x02005488                __muldi3
 .text          0x020054ec      0x19c /opt/wonderful/toolchain/gcc-arm-none-eabi/lib/gcc/arm-none-eabi/13.2.0/thumb/libgcc.a(_udivmoddi4.o)
                0x020054ec                __udivmoddi4
 *(EXCLUDE_FILE(*.twl* *.vectors* *.itcm*) .stub)
 *(EXCLUDE_FILE(*.twl* *.vectors* *.itcm*) .text.*)
 .text.startup.main
                0x02005688       0x90 build/source/main.c.o
                0x02005688                main
 .text.NF_Error
                0x02005718      0x2a4 /opt/wonderful/thirdparty/blocksds/external/nflib/lib/libnflib.a(nf_basic.c.o)
                0x02005718                NF_Error
 .text.NF_SetRootFolder
                0x020059bc      0x1dc /opt/wonderful/thirdparty/blocksds/external/nflib/lib/libnflib.a(nf_basic.c.o)
                0x020059bc                NF_SetRootFolder
 .text.NF_DmaMemCopy
                0x02005b98       0x7c /opt/wonderful/thirdparty/blocksds/external/nflib/lib/libnflib.a(nf_basic.c.o)
                0x02005b98                NF_DmaMemCopy
 .text.NF_FileLoad
                0x02005c14       0x7c /opt/wonderful/thirdparty/blocksds/external/nflib/lib/libnflib.a(nf_basic.c.o)
                0x02005c14                NF_FileLoad
 .text.NF_InitSpriteBuffers
                0x02005c90       0x5c /opt/wonderful/thirdparty/blocksds/external/nflib/lib/libnflib.a(nf_sprite256.c.o)
                0x02005c90                NF_InitSpriteBuffers
 .text.NF_InitSpriteSys
                0x02005cec      0x210 /opt/wonderful/thirdparty/blocksds/external/nflib/lib/libnflib.a(nf_sprite256.c.o)
                0x02005cec                NF_InitSpriteSys
 .text.NF_InitTiledBgBuffers
                0x02005efc       0x94 /opt/wonderful/thirdparty/blocksds/external/nflib/lib/libnflib.a(nf_tiledbg.c.o)
                0x02005efc                NF_InitTiledBgBuffers
 .text.NF_InitTiledBgSys
                0x02005f90      0x120 /opt/wonderful/thirdparty/blocksds/external/nflib/lib/libnflib.a(nf_tiledbg.c.o)
                0x02005f90                NF_InitTiledBgSys
 .text.NF_LoadTiledBg
                0x020060b0      0x1ac /opt/wonderful/thirdparty/blocksds/external/nflib/lib/libnflib.a(nf_tiledbg.c.o)
                0x020060b0                NF_LoadTiledBg
 .text.NF_DeleteTiledBg
                0x0200625c      0x198 /opt/wonderful/thirdparty/blocksds/external/nflib/lib/libnflib.a(nf_tiledbg.c.o)
                0x0200625c                NF_DeleteTiledBg
 .text.NF_CreateTiledBg
                0x020063f4      0x578 /opt/wonderful/thirdparty/blocksds/external/nflib/lib/libnflib.a(nf_tiledbg.c.o)
                0x020063f4                NF_CreateTiledBg
 .text.NF_Set2D
                0x0200696c       0x64 /opt/wonderful/thirdparty/blocksds/external/nflib/lib/libnflib.a(nf_2d.c.o)
                0x0200696c                NF_Set2D
 .text.NF_ShowBg
                0x020069d0       0x74 /opt/wonderful/thirdparty/blocksds/external/nflib/lib/libnflib.a(nf_2d.c.o)
                0x020069d0                NF_ShowBg
 .text.NF_HideBg
                0x02006a44       0x9c /opt/wonderful/thirdparty/blocksds/external/nflib/lib/libnflib.a(nf_2d.c.o)
                0x02006a44                NF_HideBg
 .text.NF_ScrollBg
                0x02006ae0      0x2fc /opt/wonderful/thirdparty/blocksds/external/nflib/lib/libnflib.a(nf_2d.c.o)
                0x02006ae0                NF_ScrollBg
 .text.swiWaitForVBlank
                0x02006ddc        0x8 /opt/wonderful/thirdparty/blocksds/core/libs/libnds/lib/libnds9.a(IntrWait.s.o)
                0x02006ddc                swiWaitForVBlank
 .text.swiIntrWait
                0x02006de4       0x70 /opt/wonderful/thirdparty/blocksds/core/libs/libnds/lib/libnds9.a(IntrWait.s.o)
                0x02006de4                swiIntrWait
 .text.__libnds_mpu_setup
                0x02006e54      0x168 /opt/wonderful/thirdparty/blocksds/core/libs/libnds/lib/libnds9.a(mpu_setup.s.o)
                0x02006e54                __libnds_mpu_setup
 .text.memUncached
                0x02006fbc       0x20 /opt/wonderful/thirdparty/blocksds/core/libs/libnds/lib/libnds9.a(mpu_setup.s.o)
                0x02006fbc                memUncached
 .text.dmaSetParams
                0x02006fdc       0x1c /opt/wonderful/thirdparty/blocksds/core/libs/libnds/lib/libnds9.a(dma.s.o)
                0x02006fdc                dmaSetParams
 .text.__aeabi_memcpy
                0x02006ff8       0x38 /opt/wonderful/thirdparty/blocksds/core/libs/libnds/lib/libnds9.a(memcpy.s.o)
                0x02006ff8                __aeabi_memcpy
 .text.__aeabi_memcpy4
                0x02007030       0x6c /opt/wonderful/thirdparty/blocksds/core/libs/libnds/lib/libnds9.a(memcpy.s.o)
                0x02007030                __aeabi_memcpy4
 .text.__ndsabi_memcpy1
                0x0200709c       0x14 /opt/wonderful/thirdparty/blocksds/core/libs/libnds/lib/libnds9.a(memcpy.s.o)
                0x0200709c                __ndsabi_memcpy1
 .text.memcpy   0x020070b0       0x10 /opt/wonderful/thirdparty/blocksds/core/libs/libnds/lib/libnds9.a(memcpy.s.o)
                0x020070b0                memcpy
 .text.__aeabi_memset
                0x020070c0       0x24 /opt/wonderful/thirdparty/blocksds/core/libs/libnds/lib/libnds9.a(memset.s.o)
                0x020070c0                __aeabi_memset
 .text.__ndsabi_memset1
                0x020070e4       0x10 /opt/wonderful/thirdparty/blocksds/core/libs/libnds/lib/libnds9.a(memset.s.o)
                0x020070e4                __ndsabi_memset1
 .text.memset   0x020070f4       0x1c /opt/wonderful/thirdparty/blocksds/core/libs/libnds/lib/libnds9.a(memset.s.o)
                0x020070f4                memset
 .text.oamInit  0x02007110      0x100 /opt/wonderful/thirdparty/blocksds/core/libs/libnds/lib/libnds9.a(sprite.c.o)
                0x02007110                oamInit
 .text.oamAllocReset
                0x02007210       0x1c /opt/wonderful/thirdparty/blocksds/core/libs/libnds/lib/libnds9.a(sprite_alloc.c.o)
                0x02007210                oamAllocReset
 .text.setBrightness
                0x0200722c       0x40 /opt/wonderful/thirdparty/blocksds/core/libs/libnds/lib/libnds9.a(video.c.o)
                0x0200722c                setBrightness
 .text.vramDefault
                0x0200726c       0xc8 /opt/wonderful/thirdparty/blocksds/core/libs/libnds/lib/libnds9.a(video.c.o)
                0x0200726c                vramDefault
 .text.scanKeys
                0x02007334       0xb0 /opt/wonderful/thirdparty/blocksds/core/libs/libnds/lib/libnds9.a(keys.c.o)
                0x02007334                scanKeys
 .text.keysCurrent
                0x020073e4       0x60 /opt/wonderful/thirdparty/blocksds/core/libs/libnds/lib/libnds9.a(keys.c.o)
                0x020073e4                keysCurrent
 .text.initSystem
                0x02007444      0x1a8 /opt/wonderful/thirdparty/blocksds/core/libs/libnds/lib/libnds9.a(initSystem.c.o)
                0x02007444                initSystem
 .text.newRow   0x020075ec       0xdc /opt/wonderful/thirdparty/blocksds/core/libs/libnds/lib/libnds9.a(console.c.o)
 .text.consolePrintChar
                0x020076c8       0xe0 /opt/wonderful/thirdparty/blocksds/core/libs/libnds/lib/libnds9.a(console.c.o)
                0x020076c8                consolePrintChar
 .text.con_write
                0x020077a8      0x344 /opt/wonderful/thirdparty/blocksds/core/libs/libnds/lib/libnds9.a(console.c.o)
 .text.consoleLoadFont
                0x02007aec      0x374 /opt/wonderful/thirdparty/blocksds/core/libs/libnds/lib/libnds9.a(console.c.o)
                0x02007aec                consoleLoadFont
 .text.consoleInit
                0x02007e60      0x194 /opt/wonderful/thirdparty/blocksds/core/libs/libnds/lib/libnds9.a(console.c.o)
                0x02007e60                consoleInit
 .text.consoleDemoInit
                0x02007ff4       0x48 /opt/wonderful/thirdparty/blocksds/core/libs/libnds/lib/libnds9.a(console.c.o)
                0x02007ff4                consoleDemoInit
 .text.sinLutLookup
                0x0200803c       0x4c /opt/wonderful/thirdparty/blocksds/core/libs/libnds/lib/libnds9.a(trig.c.o)
                0x0200803c                sinLutLookup
 .text.sinLerp  0x02008088       0x38 /opt/wonderful/thirdparty/blocksds/core/libs/libnds/lib/libnds9.a(trig.c.o)
                0x02008088                sinLerp
 .text.cosLerp  0x020080c0       0x48 /opt/wonderful/thirdparty/blocksds/core/libs/libnds/lib/libnds9.a(trig.c.o)
                0x020080c0                cosLerp
 .text.open     0x02008108       0xf0 /opt/wonderful/thirdparty/blocksds/core/libs/libnds/lib/libnds9.a(filesystem.c.o)
                0x02008108                open
 .text.read     0x020081f8       0x44 /opt/wonderful/thirdparty/blocksds/core/libs/libnds/lib/libnds9.a(filesystem.c.o)
                0x020081f8                read
 .text.write    0x0200823c       0x54 /opt/wonderful/thirdparty/blocksds/core/libs/libnds/lib/libnds9.a(filesystem.c.o)
                0x0200823c                write
 .text.close    0x02008290       0x48 /opt/wonderful/thirdparty/blocksds/core/libs/libnds/lib/libnds9.a(filesystem.c.o)
                0x02008290                close
 .text.lseek    0x020082d8       0x70 /opt/wonderful/thirdparty/blocksds/core/libs/libnds/lib/libnds9.a(filesystem.c.o)
                0x020082d8                lseek
 .text.access   0x02008348       0x80 /opt/wonderful/thirdparty/blocksds/core/libs/libnds/lib/libnds9.a(filesystem.c.o)
                0x02008348                access
 .text.fatfs_error_to_posix
                0x020083c8       0x24 /opt/wonderful/thirdparty/blocksds/core/libs/libnds/lib/libnds9.a(fatfs.c.o)
                0x020083c8                fatfs_error_to_posix
 .text.get_dirname
                0x020083ec       0x6c /opt/wonderful/thirdparty/blocksds/core/libs/libnds/lib/libnds9.a(fatfs.c.o)
                0x020083ec                get_dirname
 .text.fatGetDefaultCwd
                0x02008458       0x70 /opt/wonderful/thirdparty/blocksds/core/libs/libnds/lib/libnds9.a(fatfs.c.o)
                0x02008458                fatGetDefaultCwd
 .text.fatInit.part.0
                0x020084c8      0x108 /opt/wonderful/thirdparty/blocksds/core/libs/libnds/lib/libnds9.a(fatfs.c.o)
 .text.fatInitDefault
                0x020085d0       0x20 /opt/wonderful/thirdparty/blocksds/core/libs/libnds/lib/libnds9.a(fatfs.c.o)
                0x020085d0                fatInitDefault
 .text.get_ldnumber
                0x020085f0       0xd0 /opt/wonderful/thirdparty/blocksds/core/libs/libnds/lib/libnds9.a(ff.c.o)
 .text.put_utf  0x020086c0       0xec /opt/wonderful/thirdparty/blocksds/core/libs/libnds/lib/libnds9.a(ff.c.o)
 .text.get_fileinfo
                0x020087ac      0x1c0 /opt/wonderful/thirdparty/blocksds/core/libs/libnds/lib/libnds9.a(ff.c.o)
 .text.dir_clear
                0x0200896c      0x110 /opt/wonderful/thirdparty/blocksds/core/libs/libnds/lib/libnds9.a(ff.c.o)
 .text.unlock_volume.part.0.isra.0
                0x02008a7c        0x8 /opt/wonderful/thirdparty/blocksds/core/libs/libnds/lib/libnds9.a(ff.c.o)
 .text.sync_fs  0x02008a84      0x11c /opt/wonderful/thirdparty/blocksds/core/libs/libnds/lib/libnds9.a(ff.c.o)
 .text.move_window
                0x02008ba0       0x68 /opt/wonderful/thirdparty/blocksds/core/libs/libnds/lib/libnds9.a(ff.c.o)
 .text.put_fat.part.0
                0x02008c08      0x134 /opt/wonderful/thirdparty/blocksds/core/libs/libnds/lib/libnds9.a(ff.c.o)
 .text.get_fat.isra.0
                0x02008d3c       0xe0 /opt/wonderful/thirdparty/blocksds/core/libs/libnds/lib/libnds9.a(ff.c.o)
 .text.remove_chain
                0x02008e1c       0x90 /opt/wonderful/thirdparty/blocksds/core/libs/libnds/lib/libnds9.a(ff.c.o)
 .text.create_chain
                0x02008eac      0x120 /opt/wonderful/thirdparty/blocksds/core/libs/libnds/lib/libnds9.a(ff.c.o)
 .text.dir_next
                0x02008fcc       0xdc /opt/wonderful/thirdparty/blocksds/core/libs/libnds/lib/libnds9.a(ff.c.o)
 .text.dir_sdi  0x020090a8       0x9c /opt/wonderful/thirdparty/blocksds/core/libs/libnds/lib/libnds9.a(ff.c.o)
 .text.dir_find
                0x02009144      0x1a8 /opt/wonderful/thirdparty/blocksds/core/libs/libnds/lib/libnds9.a(ff.c.o)
 .text.follow_path
                0x020092ec      0x50c /opt/wonderful/thirdparty/blocksds/core/libs/libnds/lib/libnds9.a(ff.c.o)
 .text.dir_register
                0x020097f8      0x31c /opt/wonderful/thirdparty/blocksds/core/libs/libnds/lib/libnds9.a(ff.c.o)
 .text.validate
                0x02009b14       0x5c /opt/wonderful/thirdparty/blocksds/core/libs/libnds/lib/libnds9.a(ff.c.o)
 .text.check_fs
                0x02009b70      0x168 /opt/wonderful/thirdparty/blocksds/core/libs/libnds/lib/libnds9.a(ff.c.o)
 .text.mount_volume
                0x02009cd8      0x3dc /opt/wonderful/thirdparty/blocksds/core/libs/libnds/lib/libnds9.a(ff.c.o)
 .text.f_mount  0x0200a0b4       0xa4 /opt/wonderful/thirdparty/blocksds/core/libs/libnds/lib/libnds9.a(ff.c.o)
                0x0200a0b4                f_mount
 .text.f_open   0x0200a158      0x354 /opt/wonderful/thirdparty/blocksds/core/libs/libnds/lib/libnds9.a(ff.c.o)
                0x0200a158                f_open
 .text.f_read   0x0200a4ac      0x1f4 /opt/wonderful/thirdparty/blocksds/core/libs/libnds/lib/libnds9.a(ff.c.o)
                0x0200a4ac                f_read
 .text.f_write  0x0200a6a0      0x24c /opt/wonderful/thirdparty/blocksds/core/libs/libnds/lib/libnds9.a(ff.c.o)
                0x0200a6a0                f_write
 .text.f_sync   0x0200a8ec       0xe4 /opt/wonderful/thirdparty/blocksds/core/libs/libnds/lib/libnds9.a(ff.c.o)
                0x0200a8ec                f_sync
 .text.f_close  0x0200a9d0       0x30 /opt/wonderful/thirdparty/blocksds/core/libs/libnds/lib/libnds9.a(ff.c.o)
                0x0200a9d0                f_close
 .text.f_chdrive
                0x0200aa00       0x24 /opt/wonderful/thirdparty/blocksds/core/libs/libnds/lib/libnds9.a(ff.c.o)
                0x0200aa00                f_chdrive
 .text.f_chdir  0x0200aa24       0xc4 /opt/wonderful/thirdparty/blocksds/core/libs/libnds/lib/libnds9.a(ff.c.o)
                0x0200aa24                f_chdir
 .text.f_lseek  0x0200aae8      0x1c8 /opt/wonderful/thirdparty/blocksds/core/libs/libnds/lib/libnds9.a(ff.c.o)
                0x0200aae8                f_lseek
 .text.f_stat   0x0200acb0       0xc0 /opt/wonderful/thirdparty/blocksds/core/libs/libnds/lib/libnds9.a(ff.c.o)
                0x0200acb0                f_stat
 .text.ff_uni2oem
                0x0200ad70       0x44 /opt/wonderful/thirdparty/blocksds/core/libs/libnds/lib/libnds9.a(ffunicode.c.o)
                0x0200ad70                ff_uni2oem
 .text.ff_oem2uni
                0x0200adb4       0x2c /opt/wonderful/thirdparty/blocksds/core/libs/libnds/lib/libnds9.a(ffunicode.c.o)
                0x0200adb4                ff_oem2uni
 .text.ff_wtoupper
                0x0200ade0       0xcc /opt/wonderful/thirdparty/blocksds/core/libs/libnds/lib/libnds9.a(ffunicode.c.o)
                0x0200ade0                ff_wtoupper
 .text.ff_mutex_create
                0x0200aeac       0x10 /opt/wonderful/thirdparty/blocksds/core/libs/libnds/lib/libnds9.a(ffsystem.c.o)
                0x0200aeac                ff_mutex_create
 .text.ff_mutex_delete
                0x0200aebc        0x4 /opt/wonderful/thirdparty/blocksds/core/libs/libnds/lib/libnds9.a(ffsystem.c.o)
                0x0200aebc                ff_mutex_delete
 .text.ff_mutex_take
                0x0200aec0       0x1c /opt/wonderful/thirdparty/blocksds/core/libs/libnds/lib/libnds9.a(ffsystem.c.o)
                0x0200aec0                ff_mutex_take
 .text.ff_mutex_give
                0x0200aedc       0x10 /opt/wonderful/thirdparty/blocksds/core/libs/libnds/lib/libnds9.a(ffsystem.c.o)
                0x0200aedc                ff_mutex_give
 .text.disk_status
                0x0200aeec       0x18 /opt/wonderful/thirdparty/blocksds/core/libs/libnds/lib/libnds9.a(diskio.c.o)
                0x0200aeec                disk_status
 .text.disk_initialize
                0x0200af04       0x68 /opt/wonderful/thirdparty/blocksds/core/libs/libnds/lib/libnds9.a(diskio.c.o)
                0x0200af04                disk_initialize
 .text.disk_read
                0x0200af6c       0xcc /opt/wonderful/thirdparty/blocksds/core/libs/libnds/lib/libnds9.a(diskio.c.o)
                0x0200af6c                disk_read
 .text.disk_write
                0x0200b038       0xb4 /opt/wonderful/thirdparty/blocksds/core/libs/libnds/lib/libnds9.a(diskio.c.o)
                0x0200b038                disk_write
 .text.disk_ioctl
                0x0200b0ec       0x2c /opt/wonderful/thirdparty/blocksds/core/libs/libnds/lib/libnds9.a(diskio.c.o)
                0x0200b0ec                disk_ioctl
 .text.get_fattime
                0x0200b118       0x40 /opt/wonderful/thirdparty/blocksds/core/libs/libnds/lib/libnds9.a(diskio.c.o)
                0x0200b118                get_fattime
 .text.cache_init
                0x0200b158       0x58 /opt/wonderful/thirdparty/blocksds/core/libs/libnds/lib/libnds9.a(cache.c.o)
                0x0200b158                cache_init
 .text.cache_sector_get
                0x0200b1b0       0x50 /opt/wonderful/thirdparty/blocksds/core/libs/libnds/lib/libnds9.a(cache.c.o)
                0x0200b1b0                cache_sector_get
 .text.cache_sector_add
                0x0200b200      0x120 /opt/wonderful/thirdparty/blocksds/core/libs/libnds/lib/libnds9.a(cache.c.o)
                0x0200b200                cache_sector_add
 .text.cache_sector_invalidate
                0x0200b320       0x3c /opt/wonderful/thirdparty/blocksds/core/libs/libnds/lib/libnds9.a(cache.c.o)
                0x0200b320                cache_sector_invalidate
 .text.nitrofs_read_internal
                0x0200b35c       0x70 /opt/wonderful/thirdparty/blocksds/core/libs/libnds/lib/libnds9.a(nitrofs.c.o)
 .text.nitrofs_dir_state_init
                0x0200b3cc       0x7c /opt/wonderful/thirdparty/blocksds/core/libs/libnds/lib/libnds9.a(nitrofs.c.o)
 .text.nitrofs_dir_state_next
                0x0200b448       0xc0 /opt/wonderful/thirdparty/blocksds/core/libs/libnds/lib/libnds9.a(nitrofs.c.o)
 .text.nitrofs_dir_step
                0x0200b508       0xf4 /opt/wonderful/thirdparty/blocksds/core/libs/libnds/lib/libnds9.a(nitrofs.c.o)
 .text.nitrofs_use_for_path
                0x0200b5fc       0x30 /opt/wonderful/thirdparty/blocksds/core/libs/libnds/lib/libnds9.a(nitrofs.c.o)
                0x0200b5fc                nitrofs_use_for_path
 .text.nitrofs_path_resolve
                0x0200b62c       0x68 /opt/wonderful/thirdparty/blocksds/core/libs/libnds/lib/libnds9.a(nitrofs.c.o)
                0x0200b62c                nitrofs_path_resolve
 .text.nitrofs_chdir
                0x0200b694       0x2c /opt/wonderful/thirdparty/blocksds/core/libs/libnds/lib/libnds9.a(nitrofs.c.o)
                0x0200b694                nitrofs_chdir
 .text.nitrofs_read
                0x0200b6c0       0x30 /opt/wonderful/thirdparty/blocksds/core/libs/libnds/lib/libnds9.a(nitrofs.c.o)
                0x0200b6c0                nitrofs_read
 .text.nitrofs_lseek
                0x0200b6f0       0x54 /opt/wonderful/thirdparty/blocksds/core/libs/libnds/lib/libnds9.a(nitrofs.c.o)
                0x0200b6f0                nitrofs_lseek
 .text.nitrofs_close
                0x0200b744       0x10 /opt/wonderful/thirdparty/blocksds/core/libs/libnds/lib/libnds9.a(nitrofs.c.o)
                0x0200b744                nitrofs_close
 .text.nitrofs_open
                0x0200b754       0xac /opt/wonderful/thirdparty/blocksds/core/libs/libnds/lib/libnds9.a(nitrofs.c.o)
                0x0200b754                nitrofs_open
 .text.nitroFSInit
                0x0200b800      0x104 /opt/wonderful/thirdparty/blocksds/core/libs/libnds/lib/libnds9.a(nitrofs.c.o)
                0x0200b800                nitroFSInit
 .text.build_argv
                0x0200b904       0x58 /opt/wonderful/thirdparty/blocksds/core/libs/libnds/lib/libnds9.a(crt0_argv.c.o)
                0x0200b904                build_argv
 .text.chdir    0x0200b95c      0x114 /opt/wonderful/thirdparty/blocksds/core/libs/libnds/lib/libnds9.a(chdir.c.o)
                0x0200b95c                chdir
 .text.putc_buffered
                0x0200ba70       0x98 /opt/wonderful/thirdparty/blocksds/core/libs/libnds/lib/libnds9.a(iob.c.o)
 .text.stdout_putc_buffered
                0x0200bb08       0x20 /opt/wonderful/thirdparty/blocksds/core/libs/libnds/lib/libnds9.a(iob.c.o)
 .text.stderr_putc_buffered
                0x0200bb28       0x20 /opt/wonderful/thirdparty/blocksds/core/libs/libnds/lib/libnds9.a(iob.c.o)
 .text.stdin_getc_keyboard
                0x0200bb48       0xe4 /opt/wonderful/thirdparty/blocksds/core/libs/libnds/lib/libnds9.a(iob.c.o)
 .text.dldi_arm7_write_sectors
                0x0200bc2c       0x64 /opt/wonderful/thirdparty/blocksds/core/libs/libnds/lib/libnds9.a(dldi.c.o)
                0x0200bc2c                dldi_arm7_write_sectors
 .text.dldi_arm7_is_inserted
                0x0200bc90       0x3c /opt/wonderful/thirdparty/blocksds/core/libs/libnds/lib/libnds9.a(dldi.c.o)
                0x0200bc90                dldi_arm7_is_inserted
 .text.dldi_arm7_clear_status
                0x0200bccc       0x3c /opt/wonderful/thirdparty/blocksds/core/libs/libnds/lib/libnds9.a(dldi.c.o)
                0x0200bccc                dldi_arm7_clear_status
 .text.dldi_arm7_shutdown
                0x0200bd08       0x3c /opt/wonderful/thirdparty/blocksds/core/libs/libnds/lib/libnds9.a(dldi.c.o)
                0x0200bd08                dldi_arm7_shutdown
 .text.dldi_arm7_startup
                0x0200bd44       0x50 /opt/wonderful/thirdparty/blocksds/core/libs/libnds/lib/libnds9.a(dldi.c.o)
                0x0200bd44                dldi_arm7_startup
 .text.dldi_arm7_read_sectors
                0x0200bd94       0x64 /opt/wonderful/thirdparty/blocksds/core/libs/libnds/lib/libnds9.a(dldi.c.o)
                0x0200bd94                dldi_arm7_read_sectors
 .text.dldiGetInternal
                0x0200bdf8       0xb0 /opt/wonderful/thirdparty/blocksds/core/libs/libnds/lib/libnds9.a(dldi.c.o)
                0x0200bdf8                dldiGetInternal
 .text.fifo_buffer_enqueue_block
                0x0200bea8       0x44 /opt/wonderful/thirdparty/blocksds/core/libs/libnds/lib/libnds9.a(fifosystem.c.o)
 .text.fifo_buffer_wait_block
                0x0200beec       0x80 /opt/wonderful/thirdparty/blocksds/core/libs/libnds/lib/libnds9.a(fifosystem.c.o)
 .text.fifoInternalSend.part.0
                0x0200bf6c       0xcc /opt/wonderful/thirdparty/blocksds/core/libs/libnds/lib/libnds9.a(fifosystem.c.o)
 .text.fifoInternalSendInterrupt
                0x0200c038       0xb0 /opt/wonderful/thirdparty/blocksds/core/libs/libnds/lib/libnds9.a(fifosystem.c.o)
 .text.fifoSetValue32Handler
                0x0200c0e8       0xd4 /opt/wonderful/thirdparty/blocksds/core/libs/libnds/lib/libnds9.a(fifosystem.c.o)
                0x0200c0e8                fifoSetValue32Handler
 .text.fifoSendValue32
                0x0200c1bc       0x50 /opt/wonderful/thirdparty/blocksds/core/libs/libnds/lib/libnds9.a(fifosystem.c.o)
                0x0200c1bc                fifoSendValue32
 .text.fifoSendDatamsg
                0x0200c20c       0x94 /opt/wonderful/thirdparty/blocksds/core/libs/libnds/lib/libnds9.a(fifosystem.c.o)
                0x0200c20c                fifoSendDatamsg
 .text.fifoGetValue32
                0x0200c2a0       0x70 /opt/wonderful/thirdparty/blocksds/core/libs/libnds/lib/libnds9.a(fifosystem.c.o)
                0x0200c2a0                fifoGetValue32
 .text.fifoGetDatamsg
                0x0200c310       0xe8 /opt/wonderful/thirdparty/blocksds/core/libs/libnds/lib/libnds9.a(fifosystem.c.o)
                0x0200c310                fifoGetDatamsg
 .text.fifoInternalRecvInterrupt
                0x0200c3f8      0x310 /opt/wonderful/thirdparty/blocksds/core/libs/libnds/lib/libnds9.a(fifosystem.c.o)
 .text.fifoSetDatamsgHandler
                0x0200c708       0x9c /opt/wonderful/thirdparty/blocksds/core/libs/libnds/lib/libnds9.a(fifosystem.c.o)
                0x0200c708                fifoSetDatamsgHandler
 .text.fifoCheckValue32
                0x0200c7a4       0x24 /opt/wonderful/thirdparty/blocksds/core/libs/libnds/lib/libnds9.a(fifosystem.c.o)
                0x0200c7a4                fifoCheckValue32
 .text.fifoInit
                0x0200c7c8      0x114 /opt/wonderful/thirdparty/blocksds/core/libs/libnds/lib/libnds9.a(fifosystem.c.o)
                0x0200c7c8                fifoInit
 .text.fifoMutexAcquire
                0x0200c8dc       0x30 /opt/wonderful/thirdparty/blocksds/core/libs/libnds/lib/libnds9.a(fifosystem.c.o)
                0x0200c8dc                fifoMutexAcquire
 .text.fifoMutexRelease
                0x0200c90c       0x14 /opt/wonderful/thirdparty/blocksds/core/libs/libnds/lib/libnds9.a(fifosystem.c.o)
                0x0200c90c                fifoMutexRelease
 .text.irqDummy
                0x0200c920        0x4 /opt/wonderful/thirdparty/blocksds/core/libs/libnds/lib/libnds9.a(interrupts.c.o)
                0x0200c920                irqDummy
 .text.irqSet   0x0200c924       0x78 /opt/wonderful/thirdparty/blocksds/core/libs/libnds/lib/libnds9.a(interrupts.c.o)
                0x0200c924                irqSet
 .text.irqInit  0x0200c99c       0x50 /opt/wonderful/thirdparty/blocksds/core/libs/libnds/lib/libnds9.a(interrupts.c.o)
                0x0200c99c                irqInit
 .text.irqEnable
                0x0200c9ec       0x64 /opt/wonderful/thirdparty/blocksds/core/libs/libnds/lib/libnds9.a(interrupts.c.o)
                0x0200c9ec                irqEnable
 .text.systemErrorExit
                0x0200ca50        0x4 /opt/wonderful/thirdparty/blocksds/core/libs/libnds/lib/libnds9.a(libnds_exit.c.o)
                0x0200ca50                systemErrorExit
 .text.__libnds_exit
                0x0200ca54       0x78 /opt/wonderful/thirdparty/blocksds/core/libs/libnds/lib/libnds9.a(libnds_exit.c.o)
                0x0200ca54                __libnds_exit
 .text.cardPolledTransfer
                0x0200cacc       0x54 /opt/wonderful/thirdparty/blocksds/core/libs/libnds/lib/libnds9.a(card.c.o)
                0x0200cacc                cardPolledTransfer
 .text.cardRead
                0x0200cb20      0x120 /opt/wonderful/thirdparty/blocksds/core/libs/libnds/lib/libnds9.a(card.c.o)
                0x0200cb20                cardRead
 .text.sbrk     0x0200cc40       0x5c /opt/wonderful/thirdparty/blocksds/core/libs/libnds/lib/libnds9.a(sbrk.c.o)
                0x0200cc40                sbrk
 .text.cothread_delete_internal
                0x0200cc9c       0x3c /opt/wonderful/thirdparty/blocksds/core/libs/libnds/lib/libnds9.a(threads.c.o)
 .text.cothread_main
                0x0200ccd8       0x10 /opt/wonderful/thirdparty/blocksds/core/libs/libnds/lib/libnds9.a(threads.c.o)
                0x0200ccd8                cothread_main
 .text.cothread_yield
                0x0200cce8       0x14 /opt/wonderful/thirdparty/blocksds/core/libs/libnds/lib/libnds9.a(threads.c.o)
                0x0200cce8                cothread_yield
 .text.cothread_yield_irq
                0x0200ccfc       0x18 /opt/wonderful/thirdparty/blocksds/core/libs/libnds/lib/libnds9.a(threads.c.o)
                0x0200ccfc                cothread_yield_irq
 .text.cothread_start
                0x0200cd14       0xe8 /opt/wonderful/thirdparty/blocksds/core/libs/libnds/lib/libnds9.a(threads.c.o)
                0x0200cd14                cothread_start
 .text.__ndsabi_coro_resume
                0x0200cdfc       0x18 /opt/wonderful/thirdparty/blocksds/core/libs/libnds/lib/libnds9.a(coroutine.s.o)
                0x0200cdfc                __ndsabi_coro_resume
 .text.__ndsabi_coro_yield
                0x0200ce14       0x1c /opt/wonderful/thirdparty/blocksds/core/libs/libnds/lib/libnds9.a(coroutine.s.o)
                0x0200ce14                __ndsabi_coro_yield
 .text.__ndsabi_coro_pop_noctx
                0x0200ce30       0x34 /opt/wonderful/thirdparty/blocksds/core/libs/libnds/lib/libnds9.a(coroutine.s.o)
                0x0200ce30                __ndsabi_coro_pop_noctx
 .text.__aeabi_read_tp
                0x0200ce64        0xc /opt/wonderful/thirdparty/blocksds/core/libs/libnds/lib/libnds9.a(aeabi_read_tp.s.o)
                0x0200ce64                __aeabi_read_tp
 .text.checkIfText
                0x0200ce70       0x5c /opt/wonderful/thirdparty/blocksds/core/libs/libnds/lib/libnds9.a(background.c.o)
                0x0200ce70                checkIfText
 .text.bgUpdate
                0x0200cecc       0xf4 /opt/wonderful/thirdparty/blocksds/core/libs/libnds/lib/libnds9.a(background.c.o)
                0x0200cecc                bgUpdate
 .text.bgInit_call
                0x0200cfc0       0xac /opt/wonderful/thirdparty/blocksds/core/libs/libnds/lib/libnds9.a(background.c.o)
                0x0200cfc0                bgInit_call
 .text.bgInitSub_call
                0x0200d06c       0xb4 /opt/wonderful/thirdparty/blocksds/core/libs/libnds/lib/libnds9.a(background.c.o)
                0x0200d06c                bgInitSub_call
 .text.systemValueHandler
                0x0200d120       0x44 /opt/wonderful/thirdparty/blocksds/core/libs/libnds/lib/libnds9.a(system.c.o)
                0x0200d120                systemValueHandler
 .text.systemMsgHandler
                0x0200d164       0x78 /opt/wonderful/thirdparty/blocksds/core/libs/libnds/lib/libnds9.a(system.c.o)
                0x0200d164                systemMsgHandler
 .text.powerOn  0x0200d1dc       0x2c /opt/wonderful/thirdparty/blocksds/core/libs/libnds/lib/libnds9.a(system.c.o)
                0x0200d1dc                powerOn
 .text.keyboardGetKey
                0x0200d208       0x5c /opt/wonderful/thirdparty/blocksds/core/libs/libnds/lib/libnds9.a(keyboard.c.o)
                0x0200d208                keyboardGetKey
 .text.keyboardShiftState
                0x0200d264       0x88 /opt/wonderful/thirdparty/blocksds/core/libs/libnds/lib/libnds9.a(keyboard.c.o)
                0x0200d264                keyboardShiftState
 .text.swapKeyGfx
                0x0200d2ec      0x164 /opt/wonderful/thirdparty/blocksds/core/libs/libnds/lib/libnds9.a(keyboard.c.o)
                0x0200d2ec                swapKeyGfx
 .text.keyboardUpdate
                0x0200d450       0xf0 /opt/wonderful/thirdparty/blocksds/core/libs/libnds/lib/libnds9.a(keyboard.c.o)
                0x0200d450                keyboardUpdate
 .text.keyboardShow
                0x0200d540       0xd8 /opt/wonderful/thirdparty/blocksds/core/libs/libnds/lib/libnds9.a(keyboard.c.o)
                0x0200d540                keyboardShow
 .text.keyboardHide
                0x0200d618       0x8c /opt/wonderful/thirdparty/blocksds/core/libs/libnds/lib/libnds9.a(keyboard.c.o)
                0x0200d618                keyboardHide
 .text.__ndsabi_coro_make_noctx
                0x0200d6a4       0x24 /opt/wonderful/thirdparty/blocksds/core/libs/libnds/lib/libnds9.a(coroutine.c.o)
                0x0200d6a4                __ndsabi_coro_make_noctx
 .text.touchRead
                0x0200d6c8       0x3c /opt/wonderful/thirdparty/blocksds/core/libs/libnds/lib/libnds9.a(touch.c.o)
                0x0200d6c8                touchRead
 .text.calloc   0x0200d704       0xb8 /opt/wonderful/toolchain/gcc-arm-none-eabi/lib/gcc/arm-none-eabi/13.2.0/../../../../arm-none-eabi/lib/libc.a(malloc-calloc.c.o)
                0x0200d704                calloc
 .text.malloc_trim
                0x0200d7bc       0xa0 /opt/wonderful/toolchain/gcc-arm-none-eabi/lib/gcc/arm-none-eabi/13.2.0/../../../../arm-none-eabi/lib/libc.a(malloc-free.c.o)
                0x0200d7bc                malloc_trim
 .text.free     0x0200d85c      0x168 /opt/wonderful/toolchain/gcc-arm-none-eabi/lib/gcc/arm-none-eabi/13.2.0/../../../../arm-none-eabi/lib/libc.a(malloc-free.c.o)
                0x0200d85c                __malloc_free
                0x0200d85c                free
 .text.malloc   0x0200d9c4      0x434 /opt/wonderful/toolchain/gcc-arm-none-eabi/lib/gcc/arm-none-eabi/13.2.0/../../../../arm-none-eabi/lib/libc.a(malloc-malloc.c.o)
                0x0200d9c4                malloc
 .text.realloc  0x0200ddf8      0x360 /opt/wonderful/toolchain/gcc-arm-none-eabi/lib/gcc/arm-none-eabi/13.2.0/../../../../arm-none-eabi/lib/libc.a(malloc-realloc.c.o)
                0x0200ddf8                realloc
 .text.__libc_init_array
                0x0200e158       0x60 /opt/wonderful/toolchain/gcc-arm-none-eabi/lib/gcc/arm-none-eabi/13.2.0/../../../../arm-none-eabi/lib/libc.a(libc_misc_init.c.o)
                0x0200e158                __libc_init_array
 .text.__retarget_lock_init
                0x0200e1b8        0x2 /opt/wonderful/toolchain/gcc-arm-none-eabi/lib/gcc/arm-none-eabi/13.2.0/../../../../arm-none-eabi/lib/libc.a(libc_misc_lock.c.o)
                0x0200e1b8                __retarget_lock_init
 .text.__retarget_lock_close
                0x0200e1ba        0x2 /opt/wonderful/toolchain/gcc-arm-none-eabi/lib/gcc/arm-none-eabi/13.2.0/../../../../arm-none-eabi/lib/libc.a(libc_misc_lock.c.o)
                0x0200e1ba                __retarget_lock_close
 .text.__retarget_lock_acquire
                0x0200e1bc        0x2 /opt/wonderful/toolchain/gcc-arm-none-eabi/lib/gcc/arm-none-eabi/13.2.0/../../../../arm-none-eabi/lib/libc.a(libc_misc_lock.c.o)
                0x0200e1bc                __retarget_lock_acquire
 .text.__retarget_lock_acquire_recursive
                0x0200e1be        0x2 /opt/wonderful/toolchain/gcc-arm-none-eabi/lib/gcc/arm-none-eabi/13.2.0/../../../../arm-none-eabi/lib/libc.a(libc_misc_lock.c.o)
                0x0200e1be                __retarget_lock_acquire_recursive
 .text.__retarget_lock_release
                0x0200e1c0        0x2 /opt/wonderful/toolchain/gcc-arm-none-eabi/lib/gcc/arm-none-eabi/13.2.0/../../../../arm-none-eabi/lib/libc.a(libc_misc_lock.c.o)
                0x0200e1c0                __retarget_lock_release
 .text.__retarget_lock_release_recursive
                0x0200e1c2        0x2 /opt/wonderful/toolchain/gcc-arm-none-eabi/lib/gcc/arm-none-eabi/13.2.0/../../../../arm-none-eabi/lib/libc.a(libc_misc_lock.c.o)
                0x0200e1c2                __retarget_lock_release_recursive
 .text.exit     0x0200e1c4       0x20 /opt/wonderful/toolchain/gcc-arm-none-eabi/lib/gcc/arm-none-eabi/13.2.0/../../../../arm-none-eabi/lib/libc.a(libc_stdlib_pico-exit.c.o)
                0x0200e1c4                exit
 .text.memcmp   0x0200e1e4       0x20 /opt/wonderful/toolchain/gcc-arm-none-eabi/lib/gcc/arm-none-eabi/13.2.0/../../../../arm-none-eabi/lib/libc.a(libc_string_memcmp.c.o)
                0x0200e1e4                memcmp
 .text.strchr   0x0200e204       0x1e /opt/wonderful/toolchain/gcc-arm-none-eabi/lib/gcc/arm-none-eabi/13.2.0/../../../../arm-none-eabi/lib/libc.a(libc_string_strchr.c.o)
                0x0200e204                strchr
 .text.strdup   0x0200e222       0x24 /opt/wonderful/toolchain/gcc-arm-none-eabi/lib/gcc/arm-none-eabi/13.2.0/../../../../arm-none-eabi/lib/libc.a(libc_string_strdup.c.o)
                0x0200e222                strdup
 .text.strncmp  0x0200e246       0x26 /opt/wonderful/toolchain/gcc-arm-none-eabi/lib/gcc/arm-none-eabi/13.2.0/../../../../arm-none-eabi/lib/libc.a(libc_string_strncmp.c.o)
                0x0200e246                strncmp
 .text.strstr   0x0200e26c       0x30 /opt/wonderful/toolchain/gcc-arm-none-eabi/lib/gcc/arm-none-eabi/13.2.0/../../../../arm-none-eabi/lib/libc.a(libc_string_strstr.c.o)
                0x0200e26c                strstr
 .text.localtime
                0x0200e29c       0x1c /opt/wonderful/toolchain/gcc-arm-none-eabi/lib/gcc/arm-none-eabi/13.2.0/../../../../arm-none-eabi/lib/libc.a(libc_time_lcltime.c.o)
                0x0200e29c                localtime
 .text.localtime_r
                0x0200e2b8      0x1fc /opt/wonderful/toolchain/gcc-arm-none-eabi/lib/gcc/arm-none-eabi/13.2.0/../../../../arm-none-eabi/lib/libc.a(libc_time_lcltime_r.c.o)
                0x0200e2b8                localtime_r
 .text.time     0x0200e4b4       0x2e /opt/wonderful/toolchain/gcc-arm-none-eabi/lib/gcc/arm-none-eabi/13.2.0/../../../../arm-none-eabi/lib/libc.a(libc_time_time.c.o)
                0x0200e4b4                time
 *fill*         0x0200e4e2        0x2 ff
 .text.__tzcalc_limits
                0x0200e4e4      0x180 /opt/wonderful/toolchain/gcc-arm-none-eabi/lib/gcc/arm-none-eabi/13.2.0/../../../../arm-none-eabi/lib/libc.a(libc_time_tzcalc_limits.c.o)
                0x0200e4e4                __tzcalc_limits
 .text._tzset_unlocked
                0x0200e664      0x43c /opt/wonderful/toolchain/gcc-arm-none-eabi/lib/gcc/arm-none-eabi/13.2.0/../../../../arm-none-eabi/lib/libc.a(libc_time_tzset.c.o)
                0x0200e664                _tzset_unlocked
 .text.fclose   0x0200eaa0       0x20 /opt/wonderful/toolchain/gcc-arm-none-eabi/lib/gcc/arm-none-eabi/13.2.0/../../../../arm-none-eabi/lib/libc.a(libc_tinystdio_fclose.c.o)
                0x0200eaa0                fclose
 .text.fflush   0x0200eac0       0x1a /opt/wonderful/toolchain/gcc-arm-none-eabi/lib/gcc/arm-none-eabi/13.2.0/../../../../arm-none-eabi/lib/libc.a(libc_tinystdio_fflush.c.o)
                0x0200eac0                fflush
 .text.fread    0x0200eada       0x8c /opt/wonderful/toolchain/gcc-arm-none-eabi/lib/gcc/arm-none-eabi/13.2.0/../../../../arm-none-eabi/lib/libc.a(libc_tinystdio_fread.c.o)
                0x0200eada                fread
 *fill*         0x0200eb66        0x2 ff
 .text.fseek    0x0200eb68       0x48 /opt/wonderful/toolchain/gcc-arm-none-eabi/lib/gcc/arm-none-eabi/13.2.0/../../../../arm-none-eabi/lib/libc.a(libc_tinystdio_fseek.c.o)
                0x0200eb68                fseek
 .text.ftell    0x0200ebb0       0x34 /opt/wonderful/toolchain/gcc-arm-none-eabi/lib/gcc/arm-none-eabi/13.2.0/../../../../arm-none-eabi/lib/libc.a(libc_tinystdio_ftell.c.o)
                0x0200ebb0                ftell
 .text.printf   0x0200ebe4       0x20 /opt/wonderful/toolchain/gcc-arm-none-eabi/lib/gcc/arm-none-eabi/13.2.0/../../../../arm-none-eabi/lib/libc.a(libc_tinystdio_printf.c.o)
                0x0200ebe4                printf
 .text.puts     0x0200ec04       0x4c /opt/wonderful/toolchain/gcc-arm-none-eabi/lib/gcc/arm-none-eabi/13.2.0/../../../../arm-none-eabi/lib/libc.a(libc_tinystdio_puts.c.o)
                0x0200ec04                puts
 .text.rewind   0x0200ec50       0x1a /opt/wonderful/toolchain/gcc-arm-none-eabi/lib/gcc/arm-none-eabi/13.2.0/../../../../arm-none-eabi/lib/libc.a(libc_tinystdio_rewind.c.o)
                0x0200ec50                rewind
 .text.setvbuf  0x0200ec6a       0x20 /opt/wonderful/toolchain/gcc-arm-none-eabi/lib/gcc/arm-none-eabi/13.2.0/../../../../arm-none-eabi/lib/libc.a(libc_tinystdio_setvbuf.c.o)
                0x0200ec6a                setvbuf
 *fill*         0x0200ec8a        0x2 ff
 .text.snprintf
                0x0200ec8c       0x5c /opt/wonderful/toolchain/gcc-arm-none-eabi/lib/gcc/arm-none-eabi/13.2.0/../../../../arm-none-eabi/lib/libc.a(libc_tinystdio_snprintf.c.o)
                0x0200ec8c                snprintf
 .text.sscanf   0x0200ece8       0x3c /opt/wonderful/toolchain/gcc-arm-none-eabi/lib/gcc/arm-none-eabi/13.2.0/../../../../arm-none-eabi/lib/libc.a(libc_tinystdio_sscanf.c.o)
                0x0200ece8                sscanf
 .text.strtoul  0x0200ed24      0x128 /opt/wonderful/toolchain/gcc-arm-none-eabi/lib/gcc/arm-none-eabi/13.2.0/../../../../arm-none-eabi/lib/libc.a(libc_tinystdio_strtoul.c.o)
                0x0200ed24                strtoul
 .text.__ultoa_invert
                0x0200ee4c       0x56 /opt/wonderful/toolchain/gcc-arm-none-eabi/lib/gcc/arm-none-eabi/13.2.0/../../../../arm-none-eabi/lib/libc.a(libc_tinystdio_vfprintf.c.o)
 *fill*         0x0200eea2        0x2 ff
 .text.skip_to_arg
                0x0200eea4      0x140 /opt/wonderful/toolchain/gcc-arm-none-eabi/lib/gcc/arm-none-eabi/13.2.0/../../../../arm-none-eabi/lib/libc.a(libc_tinystdio_vfprintf.c.o)
 .text.vfprintf
                0x0200efe4      0xa24 /opt/wonderful/toolchain/gcc-arm-none-eabi/lib/gcc/arm-none-eabi/13.2.0/../../../../arm-none-eabi/lib/libc.a(libc_tinystdio_vfprintf.c.o)
                0x0200efe4                __d_vfprintf
                0x0200efe4                vfprintf
 .text.scanf_getc
                0x0200fa08       0x18 /opt/wonderful/toolchain/gcc-arm-none-eabi/lib/gcc/arm-none-eabi/13.2.0/../../../../arm-none-eabi/lib/libc.a(libc_tinystdio_vfscanf.c.o)
 .text.putval   0x0200fa20       0x2e /opt/wonderful/toolchain/gcc-arm-none-eabi/lib/gcc/arm-none-eabi/13.2.0/../../../../arm-none-eabi/lib/libc.a(libc_tinystdio_vfscanf.c.o)
 .text.scanf_ungetc.isra.0
                0x0200fa4e       0x18 /opt/wonderful/toolchain/gcc-arm-none-eabi/lib/gcc/arm-none-eabi/13.2.0/../../../../arm-none-eabi/lib/libc.a(libc_tinystdio_vfscanf.c.o)
 .text.skip_spaces
                0x0200fa66       0x2e /opt/wonderful/toolchain/gcc-arm-none-eabi/lib/gcc/arm-none-eabi/13.2.0/../../../../arm-none-eabi/lib/libc.a(libc_tinystdio_vfscanf.c.o)
 .text.vfscanf  0x0200fa94      0x97c /opt/wonderful/toolchain/gcc-arm-none-eabi/lib/gcc/arm-none-eabi/13.2.0/../../../../arm-none-eabi/lib/libc.a(libc_tinystdio_vfscanf.c.o)
                0x0200fa94                __d_vfscanf
                0x0200fa94                vfscanf
 .text.mulShiftAll64
                0x02010410      0x1ea /opt/wonderful/toolchain/gcc-arm-none-eabi/lib/gcc/arm-none-eabi/13.2.0/../../../../arm-none-eabi/lib/libc.a(libc_tinystdio_dtoa_ryu.c.o)
 *fill*         0x020105fa        0x2 ff
 .text.div10    0x020105fc       0x28 /opt/wonderful/toolchain/gcc-arm-none-eabi/lib/gcc/arm-none-eabi/13.2.0/../../../../arm-none-eabi/lib/libc.a(libc_tinystdio_dtoa_ryu.c.o)
 .text.__dtoa_engine
                0x02010624      0x494 /opt/wonderful/toolchain/gcc-arm-none-eabi/lib/gcc/arm-none-eabi/13.2.0/../../../../arm-none-eabi/lib/libc.a(libc_tinystdio_dtoa_ryu.c.o)
                0x02010624                __dtoa_engine
 .text.__pow5Factor
                0x02010ab8       0x30 /opt/wonderful/toolchain/gcc-arm-none-eabi/lib/gcc/arm-none-eabi/13.2.0/../../../../arm-none-eabi/lib/libc.a(libc_tinystdio_ryu_table.c.o)
                0x02010ab8                __pow5Factor
 .text.__double_computePow5
                0x02010ae8      0x100 /opt/wonderful/toolchain/gcc-arm-none-eabi/lib/gcc/arm-none-eabi/13.2.0/../../../../arm-none-eabi/lib/libc.a(libc_tinystdio_ryu_table.c.o)
                0x02010ae8                __double_computePow5
 .text.__double_computeInvPow5
                0x02010be8      0x104 /opt/wonderful/toolchain/gcc-arm-none-eabi/lib/gcc/arm-none-eabi/13.2.0/../../../../arm-none-eabi/lib/libc.a(libc_tinystdio_ryu_table.c.o)
                0x02010be8                __double_computeInvPow5
 .text.mulShift64
                0x02010cec       0x68 /opt/wonderful/toolchain/gcc-arm-none-eabi/lib/gcc/arm-none-eabi/13.2.0/../../../../arm-none-eabi/lib/libc.a(libc_tinystdio_atod_ryu.c.o)
 .text.__atod_engine
                0x02010d54      0x164 /opt/wonderful/toolchain/gcc-arm-none-eabi/lib/gcc/arm-none-eabi/13.2.0/../../../../arm-none-eabi/lib/libc.a(libc_tinystdio_atod_ryu.c.o)
                0x02010d54                __atod_engine
 .text.__atof_engine
                0x02010eb8      0x122 /opt/wonderful/toolchain/gcc-arm-none-eabi/lib/gcc/arm-none-eabi/13.2.0/../../../../arm-none-eabi/lib/libc.a(libc_tinystdio_atof_ryu.c.o)
                0x02010eb8                __atof_engine
 *fill*         0x02010fda        0x2 ff
 .text.__log2pow5
                0x02010fdc        0xc /opt/wonderful/toolchain/gcc-arm-none-eabi/lib/gcc/arm-none-eabi/13.2.0/../../../../arm-none-eabi/lib/libc.a(libc_tinystdio_ryu_log2pow5.c.o)
                0x02010fdc                __log2pow5
 .text.__ceil_log2pow5
                0x02010fe8       0x10 /opt/wonderful/toolchain/gcc-arm-none-eabi/lib/gcc/arm-none-eabi/13.2.0/../../../../arm-none-eabi/lib/libc.a(libc_tinystdio_ryu_log2pow5.c.o)
                0x02010fe8                __ceil_log2pow5
 .text.__log10Pow2
                0x02010ff8        0xc /opt/wonderful/toolchain/gcc-arm-none-eabi/lib/gcc/arm-none-eabi/13.2.0/../../../../arm-none-eabi/lib/libc.a(libc_tinystdio_ryu_log10.c.o)
                0x02010ff8                __log10Pow2
 .text.__log10Pow5
                0x02011004        0xc /opt/wonderful/toolchain/gcc-arm-none-eabi/lib/gcc/arm-none-eabi/13.2.0/../../../../arm-none-eabi/lib/libc.a(libc_tinystdio_ryu_log10.c.o)
                0x02011004                __log10Pow5
 .text.__pow5bits
                0x02011010       0x10 /opt/wonderful/toolchain/gcc-arm-none-eabi/lib/gcc/arm-none-eabi/13.2.0/../../../../arm-none-eabi/lib/libc.a(libc_tinystdio_ryu_pow5bits.c.o)
                0x02011010                __pow5bits
 .text.__umul128
                0x02011020       0x74 /opt/wonderful/toolchain/gcc-arm-none-eabi/lib/gcc/arm-none-eabi/13.2.0/../../../../arm-none-eabi/lib/libc.a(libc_tinystdio_ryu_umul128.c.o)
                0x02011020                __umul128
 .text.__shiftright128
                0x02011094       0x2c /opt/wonderful/toolchain/gcc-arm-none-eabi/lib/gcc/arm-none-eabi/13.2.0/../../../../arm-none-eabi/lib/libc.a(libc_tinystdio_ryu_umul128.c.o)
                0x02011094                __shiftright128
 .text.mulShift32
                0x020110c0       0x4e /opt/wonderful/toolchain/gcc-arm-none-eabi/lib/gcc/arm-none-eabi/13.2.0/../../../../arm-none-eabi/lib/libc.a(libc_tinystdio_ryu_divpow2.c.o)
 .text.__mulPow5InvDivPow2
                0x0201110e       0x2c /opt/wonderful/toolchain/gcc-arm-none-eabi/lib/gcc/arm-none-eabi/13.2.0/../../../../arm-none-eabi/lib/libc.a(libc_tinystdio_ryu_divpow2.c.o)
                0x0201110e                __mulPow5InvDivPow2
 .text.__mulPow5divPow2
                0x0201113a       0x24 /opt/wonderful/toolchain/gcc-arm-none-eabi/lib/gcc/arm-none-eabi/13.2.0/../../../../arm-none-eabi/lib/libc.a(libc_tinystdio_ryu_divpow2.c.o)
                0x0201113a                __mulPow5divPow2
 .text.__picolibc_non_atomic_exchange_ungetc
                0x0201115e        0x8 /opt/wonderful/toolchain/gcc-arm-none-eabi/lib/gcc/arm-none-eabi/13.2.0/../../../../arm-none-eabi/lib/libc.a(libc_tinystdio_exchange.c.o)
                0x0201115e                __atomic_exchange_ungetc
                0x0201115e                __picolibc_non_atomic_exchange_ungetc
 .text.fopen    0x02011166       0x32 /opt/wonderful/toolchain/gcc-arm-none-eabi/lib/gcc/arm-none-eabi/13.2.0/../../../../arm-none-eabi/lib/libc.a(libc_tinystdio_fopen.c.o)
                0x02011166                fopen
 .text.fdopen   0x02011198       0xbc /opt/wonderful/toolchain/gcc-arm-none-eabi/lib/gcc/arm-none-eabi/13.2.0/../../../../arm-none-eabi/lib/libc.a(libc_tinystdio_fdopen.c.o)
                0x02011198                fdopen
 .text.memmove  0x02011254       0x28 /opt/wonderful/toolchain/gcc-arm-none-eabi/lib/gcc/arm-none-eabi/13.2.0/../../../../arm-none-eabi/lib/libc.a(memmove.c.o)
                0x02011254                memmove
                0x02011254                __aeabi_memmove8
                0x02011254                __aeabi_memmove
                0x02011254                __aeabi_memmove4
 .text.__libc_fini_array
                0x0201127c       0x3c /opt/wonderful/toolchain/gcc-arm-none-eabi/lib/gcc/arm-none-eabi/13.2.0/../../../../arm-none-eabi/lib/libc.a(libc_misc_fini.c.o)
                0x0201127c                __libc_fini_array
 .text.getenv   0x020112b8        0xe /opt/wonderful/toolchain/gcc-arm-none-eabi/lib/gcc/arm-none-eabi/13.2.0/../../../../arm-none-eabi/lib/libc.a(libc_stdlib_getenv.c.o)
                0x020112b8                getenv
 *fill*         0x020112c6        0x2 ff
 .text._findenv
                0x020112c8       0x80 /opt/wonderful/toolchain/gcc-arm-none-eabi/lib/gcc/arm-none-eabi/13.2.0/../../../../arm-none-eabi/lib/libc.a(libc_stdlib_getenv_r.c.o)
                0x020112c8                _findenv
 .text.strnlen  0x02011348       0x16 /opt/wonderful/toolchain/gcc-arm-none-eabi/lib/gcc/arm-none-eabi/13.2.0/../../../../arm-none-eabi/lib/libc.a(libc_string_strnlen.c.o)
                0x02011348                strnlen
 *fill*         0x0201135e        0x2 ff
 .text.__gettzinfo
                0x02011360        0x8 /opt/wonderful/toolchain/gcc-arm-none-eabi/lib/gcc/arm-none-eabi/13.2.0/../../../../arm-none-eabi/lib/libc.a(libc_time_gettzinfo.c.o)
                0x02011360                __gettzinfo
 .text.gmtime_r
                0x02011368      0x1ac /opt/wonderful/toolchain/gcc-arm-none-eabi/lib/gcc/arm-none-eabi/13.2.0/../../../../arm-none-eabi/lib/libc.a(libc_time_gmtime_r.c.o)
                0x02011368                gmtime_r
 .text.__bufio_flush_locked
                0x02011514       0x70 /opt/wonderful/toolchain/gcc-arm-none-eabi/lib/gcc/arm-none-eabi/13.2.0/../../../../arm-none-eabi/lib/libc.a(libc_tinystdio_bufio.c.o)
 .text.__bufio_lock
                0x02011584        0xe /opt/wonderful/toolchain/gcc-arm-none-eabi/lib/gcc/arm-none-eabi/13.2.0/../../../../arm-none-eabi/lib/libc.a(libc_tinystdio_bufio.c.o)
 .text.__bufio_unlock
                0x02011592        0xe /opt/wonderful/toolchain/gcc-arm-none-eabi/lib/gcc/arm-none-eabi/13.2.0/../../../../arm-none-eabi/lib/libc.a(libc_tinystdio_bufio.c.o)
 .text.__bufio_flush
                0x020115a0       0x1e /opt/wonderful/toolchain/gcc-arm-none-eabi/lib/gcc/arm-none-eabi/13.2.0/../../../../arm-none-eabi/lib/libc.a(libc_tinystdio_bufio.c.o)
                0x020115a0                __bufio_flush
 .text.__bufio_put
                0x020115be       0x68 /opt/wonderful/toolchain/gcc-arm-none-eabi/lib/gcc/arm-none-eabi/13.2.0/../../../../arm-none-eabi/lib/libc.a(libc_tinystdio_bufio.c.o)
                0x020115be                __bufio_put
 .text.__bufio_write
                0x02011626       0x76 /opt/wonderful/toolchain/gcc-arm-none-eabi/lib/gcc/arm-none-eabi/13.2.0/../../../../arm-none-eabi/lib/libc.a(libc_tinystdio_bufio.c.o)
                0x02011626                __bufio_write
 .text.__bufio_get
                0x0201169c       0x98 /opt/wonderful/toolchain/gcc-arm-none-eabi/lib/gcc/arm-none-eabi/13.2.0/../../../../arm-none-eabi/lib/libc.a(libc_tinystdio_bufio.c.o)
                0x0201169c                __bufio_get
 .text.__bufio_read
                0x02011734      0x100 /opt/wonderful/toolchain/gcc-arm-none-eabi/lib/gcc/arm-none-eabi/13.2.0/../../../../arm-none-eabi/lib/libc.a(libc_tinystdio_bufio.c.o)
                0x02011734                __bufio_read
 .text.__bufio_seek
                0x02011834       0x60 /opt/wonderful/toolchain/gcc-arm-none-eabi/lib/gcc/arm-none-eabi/13.2.0/../../../../arm-none-eabi/lib/libc.a(libc_tinystdio_bufio.c.o)
                0x02011834                __bufio_seek
 .text.__bufio_setvbuf
                0x02011894       0x8c /opt/wonderful/toolchain/gcc-arm-none-eabi/lib/gcc/arm-none-eabi/13.2.0/../../../../arm-none-eabi/lib/libc.a(libc_tinystdio_bufio.c.o)
                0x02011894                __bufio_setvbuf
 .text.__bufio_close
                0x02011920       0x48 /opt/wonderful/toolchain/gcc-arm-none-eabi/lib/gcc/arm-none-eabi/13.2.0/../../../../arm-none-eabi/lib/libc.a(libc_tinystdio_bufio.c.o)
                0x02011920                __bufio_close
 .text.__dtox_engine
                0x02011968      0x140 /opt/wonderful/toolchain/gcc-arm-none-eabi/lib/gcc/arm-none-eabi/13.2.0/../../../../arm-none-eabi/lib/libc.a(libc_tinystdio_dtox_engine.c.o)
                0x02011968                __dtox_engine
 .text.fgetc    0x02011aa8       0x48 /opt/wonderful/toolchain/gcc-arm-none-eabi/lib/gcc/arm-none-eabi/13.2.0/../../../../arm-none-eabi/lib/libc.a(libc_tinystdio_fgetc.c.o)
                0x02011aa8                getc
                0x02011aa8                fgetc
 .text.__file_str_get
                0x02011af0       0x16 /opt/wonderful/toolchain/gcc-arm-none-eabi/lib/gcc/arm-none-eabi/13.2.0/../../../../arm-none-eabi/lib/libc.a(libc_tinystdio_filestrget.c.o)
                0x02011af0                __file_str_get
 .text.__file_str_put
                0x02011b06       0x10 /opt/wonderful/toolchain/gcc-arm-none-eabi/lib/gcc/arm-none-eabi/13.2.0/../../../../arm-none-eabi/lib/libc.a(libc_tinystdio_filestrput.c.o)
                0x02011b06                __file_str_put
 *fill*         0x02011b16        0x2 ff
 .text.fseeko   0x02011b18       0x48 /opt/wonderful/toolchain/gcc-arm-none-eabi/lib/gcc/arm-none-eabi/13.2.0/../../../../arm-none-eabi/lib/libc.a(libc_tinystdio_fseeko.c.o)
                0x02011b18                fseeko
 .text.__posix_sflags
                0x02011b60       0x5c /opt/wonderful/toolchain/gcc-arm-none-eabi/lib/gcc/arm-none-eabi/13.2.0/../../../../arm-none-eabi/lib/libc.a(libc_tinystdio_sflags.c.o)
                0x02011b60                __posix_sflags
 .text.ungetc   0x02011bbc       0x3a /opt/wonderful/toolchain/gcc-arm-none-eabi/lib/gcc/arm-none-eabi/13.2.0/../../../../arm-none-eabi/lib/libc.a(libc_tinystdio_ungetc.c.o)
                0x02011bbc                ungetc
 .text.__picolibc_non_atomic_compare_exchange_ungetc
                0x02011bf6       0x16 /opt/wonderful/toolchain/gcc-arm-none-eabi/lib/gcc/arm-none-eabi/13.2.0/../../../../arm-none-eabi/lib/libc.a(libc_tinystdio_compare_exchange.c.o)
                0x02011bf6                __picolibc_non_atomic_compare_exchange_ungetc
                0x02011bf6                __atomic_compare_exchange_ungetc
 .text._exit    0x02011c0c        0x8 /opt/wonderful/thirdparty/blocksds/core/libs/libnds/lib/libnds9.a(syscalls.c.o)
                0x02011c0c                _exit
 .text.gettimeofday
                0x02011c14       0x1c /opt/wonderful/thirdparty/blocksds/core/libs/libnds/lib/libnds9.a(syscalls.c.o)
                0x02011c14                gettimeofday
 .text.gettimeofday.__stub
                0x02011c30       0xec linker stubs
 *(EXCLUDE_FILE(*.twl*) .gnu.warning)
 *(EXCLUDE_FILE(*.twl*) .gnu.linkonce.t*)
 *(.glue_7)
 .glue_7        0x02011d38        0x0 linker stubs
 *(.glue_7t)
 .glue_7t       0x02011d38        0x0 linker stubs
                0x02011d38                        . = ALIGN (0x4)

.vfp11_veneer   0x02011d38        0x0
 .vfp11_veneer  0x02011d38        0x0 linker stubs

.v4_bx          0x02011d38        0x0
 .v4_bx         0x02011d38        0x0 linker stubs

.iplt           0x02011d38        0x0
 .iplt          0x02011d38        0x0 build/source/main.c.o

.fini
 *(.fini)
                0x02011d38                        __text_end = .

.rodata         0x02011d38     0x148c
 *(EXCLUDE_FILE(*.twl*) .rodata)
 .rodata        0x02011d38       0x14 /opt/wonderful/thirdparty/blocksds/core/libs/libnds/lib/libnds9.a(fatfs.c.o)
 .rodata        0x02011d4c       0x18 /opt/wonderful/toolchain/gcc-arm-none-eabi/lib/gcc/arm-none-eabi/13.2.0/../../../../arm-none-eabi/lib/libc.a(libc_time_month_lengths.c.o)
                0x02011d4c                __month_lengths
 .rodata        0x02011d64        0xb /opt/wonderful/toolchain/gcc-arm-none-eabi/lib/gcc/arm-none-eabi/13.2.0/../../../../arm-none-eabi/lib/libc.a(libc_tinystdio_vfscanf.c.o)
 *fill*         0x02011d6f        0x1 ff
 .rodata        0x02011d70      0x338 /opt/wonderful/toolchain/gcc-arm-none-eabi/lib/gcc/arm-none-eabi/13.2.0/../../../../arm-none-eabi/lib/libc.a(libc_tinystdio_ryu_table.c.o)
 *all.rodata*(*)
 *(EXCLUDE_FILE(*.twl*) .roda)
 *(EXCLUDE_FILE(*.twl*) .rodata.*)
 .rodata.main.str1.4
                0x020120a8      0x70f build/source/main.c.o
                                 0x3b (size before relaxing)
 .rodata.NF_Error.str1.4
                0x020127b7      0x3d0 /opt/wonderful/thirdparty/blocksds/external/nflib/lib/libnflib.a(nf_basic.c.o)
 *fill*         0x020127b7        0x1 ff
 .rodata.NF_Error
                0x020127b8       0x50 /opt/wonderful/thirdparty/blocksds/external/nflib/lib/libnflib.a(nf_basic.c.o)
 .rodata.NF_SetRootFolder.str1.4
                0x02012808      0x25a /opt/wonderful/thirdparty/blocksds/external/nflib/lib/libnflib.a(nf_basic.c.o)
 .rodata.NF_FileLoad.str1.4
                0x02012808        0x3 /opt/wonderful/thirdparty/blocksds/external/nflib/lib/libnflib.a(nf_basic.c.o)
 .rodata.NF_InitTiledBgBuffers.str1.4
                0x02012808        0xd /opt/wonderful/thirdparty/blocksds/external/nflib/lib/libnflib.a(nf_tiledbg.c.o)
 .rodata.NF_LoadTiledBg.str1.4
                0x02012808       0x37 /opt/wonderful/thirdparty/blocksds/external/nflib/lib/libnflib.a(nf_tiledbg.c.o)
 .rodata.NF_DeleteTiledBg.str1.4
                0x02012808        0x3 /opt/wonderful/thirdparty/blocksds/external/nflib/lib/libnflib.a(nf_tiledbg.c.o)
 .rodata.con_write.str1.4
                0x02012808       0x30 /opt/wonderful/thirdparty/blocksds/core/libs/libnds/lib/libnds9.a(console.c.o)
 .rodata.con_write
                0x02012808       0xd4 /opt/wonderful/thirdparty/blocksds/core/libs/libnds/lib/libnds9.a(console.c.o)
 .rodata.SIN_LUT
                0x020128dc      0x102 /opt/wonderful/thirdparty/blocksds/core/libs/libnds/lib/libnds9.a(trig.c.o)
                0x020128dc                SIN_LUT
 *fill*         0x020129de        0x2 ff
 .rodata.CSWTCH.24
                0x020129e0        0xc /opt/wonderful/thirdparty/blocksds/core/libs/libnds/lib/libnds9.a(filesystem.c.o)
 .rodata.fatGetDefaultCwd.str1.4
                0x020129ec        0xd /opt/wonderful/thirdparty/blocksds/core/libs/libnds/lib/libnds9.a(fatfs.c.o)
 .rodata.get_ldnumber.str1.4
                0x020129ec        0x7 /opt/wonderful/thirdparty/blocksds/core/libs/libnds/lib/libnds9.a(ff.c.o)
 .rodata.follow_path.str1.4
                0x020129ec       0x13 /opt/wonderful/thirdparty/blocksds/core/libs/libnds/lib/libnds9.a(ff.c.o)
 .rodata.check_fs.str1.4
                0x020129ec        0x9 /opt/wonderful/thirdparty/blocksds/core/libs/libnds/lib/libnds9.a(ff.c.o)
 .rodata.ExCvt  0x020129ec       0x80 /opt/wonderful/thirdparty/blocksds/core/libs/libnds/lib/libnds9.a(ff.c.o)
 .rodata.LfnOfs
                0x02012a6c        0xd /opt/wonderful/thirdparty/blocksds/core/libs/libnds/lib/libnds9.a(ff.c.o)
 *fill*         0x02012a79        0x3 ff
 .rodata.ff_wtoupper
                0x02012a7c       0x24 /opt/wonderful/thirdparty/blocksds/core/libs/libnds/lib/libnds9.a(ffunicode.c.o)
 .rodata.cvt2.0
                0x02012aa0       0xbc /opt/wonderful/thirdparty/blocksds/core/libs/libnds/lib/libnds9.a(ffunicode.c.o)
 .rodata.cvt1.1
                0x02012b5c      0x1f2 /opt/wonderful/thirdparty/blocksds/core/libs/libnds/lib/libnds9.a(ffunicode.c.o)
 *fill*         0x02012d4e        0x2 ff
 .rodata.uc437  0x02012d50      0x100 /opt/wonderful/thirdparty/blocksds/core/libs/libnds/lib/libnds9.a(ffunicode.c.o)
 .rodata.nitrofs_use_for_path.str1.4
                0x02012e50        0xc /opt/wonderful/thirdparty/blocksds/core/libs/libnds/lib/libnds9.a(nitrofs.c.o)
 .rodata.nitroFSInit.str1.4
                0x02012e50        0x2 /opt/wonderful/thirdparty/blocksds/core/libs/libnds/lib/libnds9.a(nitrofs.c.o)
 .rodata.chdir.str1.4
                0x02012e50        0xb /opt/wonderful/thirdparty/blocksds/core/libs/libnds/lib/libnds9.a(chdir.c.o)
 .rodata.stderr
                0x02012e50        0x4 /opt/wonderful/thirdparty/blocksds/core/libs/libnds/lib/libnds9.a(iob.c.o)
                0x02012e50                stderr
 .rodata.stdout
                0x02012e54        0x4 /opt/wonderful/thirdparty/blocksds/core/libs/libnds/lib/libnds9.a(iob.c.o)
                0x02012e54                stdout
 .rodata.stdin  0x02012e58        0x4 /opt/wonderful/thirdparty/blocksds/core/libs/libnds/lib/libnds9.a(iob.c.o)
                0x02012e58                stdin
 .rodata.default_font_bin
                0x02012e5c      0x2f8 /opt/wonderful/thirdparty/blocksds/core/libs/libnds/lib/libnds9.a(default_font.bin.o)
                0x02012e5c                default_font_bin
 .rodata.str1.1
                0x02013154       0x70 /opt/wonderful/toolchain/gcc-arm-none-eabi/lib/gcc/arm-none-eabi/13.2.0/../../../../arm-none-eabi/lib/libc.a(libc_time_tzset.c.o)
                                 0x61 (size before relaxing)
 .rodata.str1.1
                0x020131c4        0x4 /opt/wonderful/toolchain/gcc-arm-none-eabi/lib/gcc/arm-none-eabi/13.2.0/../../../../arm-none-eabi/lib/libc.a(libc_time_tzvars.c.o)
 .rodata.str1.1
                0x020131c4        0xf /opt/wonderful/toolchain/gcc-arm-none-eabi/lib/gcc/arm-none-eabi/13.2.0/../../../../arm-none-eabi/lib/libc.a(libc_tinystdio_vfprintf.c.o)
 .rodata.str1.1
                0x020131c4       0x13 /opt/wonderful/toolchain/gcc-arm-none-eabi/lib/gcc/arm-none-eabi/13.2.0/../../../../arm-none-eabi/lib/libc.a(libc_tinystdio_vfscanf.c.o)
 *(EXCLUDE_FILE(*.twl*) .gnu.linkonce.r*)
                0x020131d8                        . = ALIGN (0x4)

.ARM.extab
 *(.ARM.extab* .gnu.linkonce.armextab.*)
                0x020131c4                        __exidx_start = .

ARM.exidx       0x020131c4        0x8
 *(.ARM.exidx* .gnu.linkonce.armexidx.*)
 .ARM.exidx     0x020131c4        0x8 /opt/wonderful/toolchain/gcc-arm-none-eabi/lib/gcc/arm-none-eabi/13.2.0/../../../../arm-none-eabi/lib/libc.a(strcpy.S.o)
 .ARM.exidx     0x020131cc        0x0 /opt/wonderful/toolchain/gcc-arm-none-eabi/lib/gcc/arm-none-eabi/13.2.0/thumb/libgcc.a(_udivmoddi4.o)
                                  0x8 (size before relaxing)
                0x020131cc                        __exidx_end = .
                0x020131cc                        . = ALIGN (0x4)
                0x020131cc                        PROVIDE (__preinit_array_start = .)

.preinit_array
 *(.preinit_array)
                0x020131cc                        PROVIDE (__preinit_array_end = .)
                0x020131cc                        PROVIDE (__init_array_start = .)

.init_array
 *(SORT_BY_NAME(.init_array.*))
 *(.init_array)
                0x020131cc                        PROVIDE (__init_array_end = .)
                0x020131cc                        PROVIDE (__fini_array_start = .)

.fini_array
 *(.fini_array)
 *(SORT_BY_NAME(.fini_array.*))
                0x020131cc                        PROVIDE (__fini_array_end = .)

.ctors          0x020131cc        0x0
 *crtbegin.o(.ctors)
 *(EXCLUDE_FILE(*crtend.o) .ctors)
 *(SORT_BY_NAME(.ctors.*))
 *(.ctors)
                0x020131cc                        . = ALIGN (0x4)

.dtors          0x020131cc        0x0
 *crtbegin.o(.dtors)
 *(EXCLUDE_FILE(*crtend.o) .dtors)
 *(SORT_BY_NAME(.dtors.*))
 *(.dtors)
                0x020131cc                        . = ALIGN (0x4)

.eh_frame       0x020131cc        0x0
 *(.eh_frame)
                0x020131cc                        . = ALIGN (0x4)

.gcc_except_table
                0x020131cc        0x0
 *(.gcc_except_table)
                0x020131cc                        . = ALIGN (0x4)

.jcr
 *(.jcr)

.got            0x020131cc       0x10
 *(.got.plt)
 .got.plt       0x020131cc        0xc build/source/main.c.o
                0x020131cc                _GLOBAL_OFFSET_TABLE_
 *(.got)
 .got           0x020131d8        0x4 build/source/main.c.o
 *(.rel.got)
 .rel.got       0x020131dc        0x0 build/source/main.c.o

.ewram          0x020131dc        0x0
                0x020131dc                        __ewram_start = ABSOLUTE (.)
 *(.ewram)
 *ewram.*(.text)
                0x020131dc                        . = ALIGN (0x4)

.data           0x020131dc      0x598
                0x020131dc                        __data_start = ABSOLUTE (.)
 *(EXCLUDE_FILE(*.twl*) .data)
 .data          0x020131dc       0x28 /opt/wonderful/thirdparty/blocksds/core/libs/libnds/lib/libnds9.a(mpu_setup.s.o)
 .data          0x02013204      0x410 /opt/wonderful/toolchain/gcc-arm-none-eabi/lib/gcc/arm-none-eabi/13.2.0/../../../../arm-none-eabi/lib/libc.a(malloc-malloc.c.o)
                0x02013204                __malloc_sbrk_base
                0x02013208                __malloc_trim_threshold
                0x0201320c                __malloc_av_
 .data          0x02013614        0x8 /opt/wonderful/toolchain/gcc-arm-none-eabi/lib/gcc/arm-none-eabi/13.2.0/../../../../arm-none-eabi/lib/libc.a(libc_time_tzvars.c.o)
                0x02013614                _tzname
 .data          0x0201361c        0x4 /opt/wonderful/toolchain/gcc-arm-none-eabi/lib/gcc/arm-none-eabi/13.2.0/../../../../arm-none-eabi/lib/libc.a(libc_stdlib_environ.c.o)
                0x0201361c                environ
 *(EXCLUDE_FILE(*.twl*) .data.*)
 .data.oamSub   0x02013620       0x14 /opt/wonderful/thirdparty/blocksds/core/libs/libnds/lib/libnds9.a(sprite.c.o)
                0x02013620                oamSub
 .data.oamMain  0x02013634       0x14 /opt/wonderful/thirdparty/blocksds/core/libs/libnds/lib/libnds9.a(sprite.c.o)
                0x02013634                oamMain
 .data.count    0x02013648        0x1 /opt/wonderful/thirdparty/blocksds/core/libs/libnds/lib/libnds9.a(keys.c.o)
 .data.repeat   0x02013649        0x1 /opt/wonderful/thirdparty/blocksds/core/libs/libnds/lib/libnds9.a(keys.c.o)
 .data.delay    0x0201364a        0x1 /opt/wonderful/thirdparty/blocksds/core/libs/libnds/lib/libnds9.a(keys.c.o)
 .data.firstConsoleInit.0
                0x0201364b        0x1 /opt/wonderful/thirdparty/blocksds/core/libs/libnds/lib/libnds9.a(console.c.o)
 .data.currentConsole
                0x0201364c        0x4 /opt/wonderful/thirdparty/blocksds/core/libs/libnds/lib/libnds9.a(console.c.o)
                0x0201364c                currentConsole
 .data.defaultConsole
                0x02013650       0x5c /opt/wonderful/thirdparty/blocksds/core/libs/libnds/lib/libnds9.a(console.c.o)
                0x02013650                defaultConsole
 .data.__stderr
                0x020136ac       0x10 /opt/wonderful/thirdparty/blocksds/core/libs/libnds/lib/libnds9.a(iob.c.o)
 .data.__stdout
                0x020136bc       0x10 /opt/wonderful/thirdparty/blocksds/core/libs/libnds/lib/libnds9.a(iob.c.o)
 .data.__stdin  0x020136cc       0x10 /opt/wonderful/thirdparty/blocksds/core/libs/libnds/lib/libnds9.a(iob.c.o)
 .data.dldi_mode
                0x020136dc        0x1 /opt/wonderful/thirdparty/blocksds/core/libs/libnds/lib/libnds9.a(dldi.c.o)
 *fill*         0x020136dd        0x3 ff
 .data.__io_dldi_arm7_interface
                0x020136e0       0x20 /opt/wonderful/thirdparty/blocksds/core/libs/libnds/lib/libnds9.a(dldi.c.o)
                0x020136e0                __io_dldi_arm7_interface
 .data.fifo_freewords
                0x02013700        0x4 /opt/wonderful/thirdparty/blocksds/core/libs/libnds/lib/libnds9.a(fifosystem.c.o)
 .data.fifo_receive_queue
                0x02013704        0x4 /opt/wonderful/thirdparty/blocksds/core/libs/libnds/lib/libnds9.a(fifosystem.c.o)
 .data.fifo_send_queue
                0x02013708        0x4 /opt/wonderful/thirdparty/blocksds/core/libs/libnds/lib/libnds9.a(fifosystem.c.o)
 .data.fifo_buffer_free
                0x0201370c        0x4 /opt/wonderful/thirdparty/blocksds/core/libs/libnds/lib/libnds9.a(fifosystem.c.o)
 .data.bgTransform
                0x02013710       0x20 /opt/wonderful/thirdparty/blocksds/core/libs/libnds/lib/libnds9.a(background.c.o)
                0x02013710                bgTransform
 .data.bgScrollTable
                0x02013730       0x20 /opt/wonderful/thirdparty/blocksds/core/libs/libnds/lib/libnds9.a(background.c.o)
                0x02013730                bgScrollTable
 .data.bgControl
                0x02013750       0x20 /opt/wonderful/thirdparty/blocksds/core/libs/libnds/lib/libnds9.a(background.c.o)
                0x02013750                bgControl
 .data.lastKey  0x02013770        0x2 /opt/wonderful/thirdparty/blocksds/core/libs/libnds/lib/libnds9.a(keyboard.c.o)
                0x02013770                lastKey
 *(EXCLUDE_FILE(*.twl*) .gnu.linkonce.d*)
                0x02013774                        . = ALIGN (0x4)
 *fill*         0x02013772        0x2 ff

.igot.plt       0x02013774        0x0
 .igot.plt      0x02013774        0x0 build/source/main.c.o

.tdata          0x02013774        0x0
                0x02013774                        __tdata_start = ABSOLUTE (.)
 *(.tdata .tdata.* .gnu.linkonce.td.*)
                0x02013774                        . = ALIGN (0x4)
                0x02013774                        __tdata_end = ABSOLUTE (.)
                0x02013774                        __data_end = .
                0x00000000                        __tdata_size = (__tdata_end - __tdata_start)

.tbss           0x02013774       0x28
                0x02013774                        __tbss_start = ABSOLUTE (.)
 *(.tbss .tbss.* .gnu.linkonce.tb.*)
 .tbss          0x02013774        0x4 /opt/wonderful/toolchain/gcc-arm-none-eabi/lib/gcc/arm-none-eabi/13.2.0/../../../../arm-none-eabi/lib/libc.a(libc_errno_errno.c.o)
                0x02013774                errno
 .tbss          0x02013778       0x24 /opt/wonderful/toolchain/gcc-arm-none-eabi/lib/gcc/arm-none-eabi/13.2.0/../../../../arm-none-eabi/lib/libc.a(libc_time_lcltime_buf.c.o)
                0x02013778                _localtime_buf
 *(.tcommon)
                0x0201379c                        . = ALIGN (0x4)
                0x0201379c                        __tbss_end = ABSOLUTE (.)
                0x00000028                        __tbss_size = (__tbss_end - __tbss_start)
                0x02013774                        __bss_vma = .

.dtcm           0x02ff0000        0x0 load address 0x02013774
                0x02013774                        __dtcm_lma = LOADADDR (.dtcm)
                0x02ff0000                        __dtcm_start = ABSOLUTE (.)
 *(.dtcm)
 *(.dtcm.*)
                0x02ff0000                        . = ALIGN (0x4)
                0x02ff0000                        __dtcm_end = ABSOLUTE (.)

.itcm           0x01000100      0x2f8 load address 0x02013774
                0x02013774                        __itcm_lma = LOADADDR (.itcm)
                0x01000100                        __itcm_start = ABSOLUTE (.)
 *(.itcm)
 .itcm          0x01000100       0x8c /opt/wonderful/thirdparty/blocksds/core/libs/libnds/lib/libnds9.a(cache.c.o)
                0x01000100                CP15_CleanAndFlushDcacheRange
                0x01000134                CP15_FlushDcacheRange
                0x01000160                CP15_FlushIcacheRange
 .itcm          0x0100018c      0x100 /opt/wonderful/thirdparty/blocksds/core/libs/libnds/lib/libnds9.a(interrupts.c.o)
                0x0100018c                irqTable
 .itcm          0x0100028c       0x3c /opt/wonderful/thirdparty/blocksds/core/libs/libnds/lib/libnds9.a(threads.c.o)
                0x0100028c                cothread_scheduler_refresh_irq_flags
 *(.itcm.*)
 .itcm.setCpuClock
                0x010002c8       0x50 /opt/wonderful/thirdparty/blocksds/core/libs/libnds/lib/libnds9.a(cpu_clock.s.o)
                0x010002c8                setCpuClock
 .itcm.IntrMain
                0x01000318       0xe0 /opt/wonderful/thirdparty/blocksds/core/libs/libnds/lib/libnds9.a(interruptDispatcher.s.o)
                0x01000318                IntrMain
 *.itcm*(.text .stub .text.*)
                0x010003f8                        . = ALIGN (0x4)
                0x010003f8                        __itcm_end = ABSOLUTE (.)

.vectors        0x01000000        0x0 load address 0x02013a6c
                0x02013a6c                        __vectors_lma = LOADADDR (.vectors)
                0x01000000                        __vectors_start = ABSOLUTE (.)
 *(.vectors .vectors.*)
                0x01000000                        . = ALIGN (0x4)
                0x01000000                        __vectors_end = ABSOLUTE (.)

.sbss           0x02ff0000        0x4
                0x02ff0000                        __sbss_start = ABSOLUTE (.)
                0x02ff0000                        __sbss_start__ = ABSOLUTE (.)
 *(.sbss)
 .sbss          0x02ff0000        0x4 /opt/wonderful/thirdparty/blocksds/core/libs/libnds/lib/libnds9.a(threads.c.o)
                0x02ff0000                cothread_irq_flags
                0x02ff0004                        . = ALIGN (0x4)
                0x02ff0004                        __sbss_end = ABSOLUTE (.)

.bss            0x02013774     0x8538
                0x02013774                        __bss_start = ABSOLUTE (.)
                0x02013774                        __bss_start__ = ABSOLUTE (.)
 *(EXCLUDE_FILE(*.twl*) .dynbss)
 *(EXCLUDE_FILE(*.twl*) .gnu.linkonce.b*)
 *(EXCLUDE_FILE(*.twl*) .bss*)
 .bss.NF_ROOTFOLDER
                0x02013774       0x40 /opt/wonderful/thirdparty/blocksds/external/nflib/lib/libnflib.a(nf_basic.c.o)
                0x02013774                NF_ROOTFOLDER
 .bss.NF_SPRVRAM
                0x020137b4      0x838 /opt/wonderful/thirdparty/blocksds/external/nflib/lib/libnflib.a(nf_sprite256.c.o)
                0x020137b4                NF_SPRVRAM
 .bss.NF_SPRITEOAM
                0x02013fec     0x2400 /opt/wonderful/thirdparty/blocksds/external/nflib/lib/libnflib.a(nf_sprite256.c.o)
                0x02013fec                NF_SPRITEOAM
 .bss.NF_SPRPALSLOT
                0x020163ec       0x40 /opt/wonderful/thirdparty/blocksds/external/nflib/lib/libnflib.a(nf_sprite256.c.o)
                0x020163ec                NF_SPRPALSLOT
 .bss.NF_SPR256VRAM
                0x0201642c     0x1400 /opt/wonderful/thirdparty/blocksds/external/nflib/lib/libnflib.a(nf_sprite256.c.o)
                0x0201642c                NF_SPR256VRAM
 .bss.NF_SPR256PAL
                0x0201782c      0x200 /opt/wonderful/thirdparty/blocksds/external/nflib/lib/libnflib.a(nf_sprite256.c.o)
                0x0201782c                NF_SPR256PAL
 .bss.NF_SPR256GFX
                0x02017a2c      0xc00 /opt/wonderful/thirdparty/blocksds/external/nflib/lib/libnflib.a(nf_sprite256.c.o)
                0x02017a2c                NF_SPR256GFX
 .bss.NF_BUFFER_SPR256PAL
                0x0201862c      0x100 /opt/wonderful/thirdparty/blocksds/external/nflib/lib/libnflib.a(nf_sprite256.c.o)
                0x0201862c                NF_BUFFER_SPR256PAL
 .bss.NF_BUFFER_SPR256GFX
                0x0201872c      0x400 /opt/wonderful/thirdparty/blocksds/external/nflib/lib/libnflib.a(nf_sprite256.c.o)
                0x0201872c                NF_BUFFER_SPR256GFX
 .bss.NF_MAPBLOCKS
                0x02018b2c       0x20 /opt/wonderful/thirdparty/blocksds/external/nflib/lib/libnflib.a(nf_tiledbg.c.o)
                0x02018b2c                NF_MAPBLOCKS
 .bss.NF_TILEBLOCKS
                0x02018b4c       0x10 /opt/wonderful/thirdparty/blocksds/external/nflib/lib/libnflib.a(nf_tiledbg.c.o)
                0x02018b4c                NF_TILEBLOCKS
 .bss.NF_EXBGPAL
                0x02018b5c      0x600 /opt/wonderful/thirdparty/blocksds/external/nflib/lib/libnflib.a(nf_tiledbg.c.o)
                0x02018b5c                NF_EXBGPAL
 .bss.NF_TILEDBG_LAYERS
                0x0201915c       0x90 /opt/wonderful/thirdparty/blocksds/external/nflib/lib/libnflib.a(nf_tiledbg.c.o)
                0x0201915c                NF_TILEDBG_LAYERS
 .bss.NF_TILEDBG
                0x020191ec      0xd00 /opt/wonderful/thirdparty/blocksds/external/nflib/lib/libnflib.a(nf_tiledbg.c.o)
                0x020191ec                NF_TILEDBG
 .bss.NF_BUFFER_BGPAL
                0x02019eec      0x100 /opt/wonderful/thirdparty/blocksds/external/nflib/lib/libnflib.a(nf_tiledbg.c.o)
                0x02019eec                NF_BUFFER_BGPAL
 .bss.NF_BUFFER_BGMAP
                0x02019fec      0x100 /opt/wonderful/thirdparty/blocksds/external/nflib/lib/libnflib.a(nf_tiledbg.c.o)
                0x02019fec                NF_BUFFER_BGMAP
 .bss.NF_BUFFER_BGTILES
                0x0201a0ec      0x100 /opt/wonderful/thirdparty/blocksds/external/nflib/lib/libnflib.a(nf_tiledbg.c.o)
                0x0201a0ec                NF_BUFFER_BGTILES
 .bss.NF_BANKS_MAPS
                0x0201a1ec        0x2 /opt/wonderful/thirdparty/blocksds/external/nflib/lib/libnflib.a(nf_tiledbg.c.o)
                0x0201a1ec                NF_BANKS_MAPS
 *fill*         0x0201a1ee        0x2 
 .bss.NF_BANKS_TILES
                0x0201a1f0        0x2 /opt/wonderful/thirdparty/blocksds/external/nflib/lib/libnflib.a(nf_tiledbg.c.o)
                0x0201a1f0                NF_BANKS_TILES
 *fill*         0x0201a1f2        0x2 
 .bss.OamMemory
                0x0201a1f4      0x400 /opt/wonderful/thirdparty/blocksds/core/libs/libnds/lib/libnds9.a(sprite.c.o)
                0x0201a1f4                OamMemory
 .bss.OamMemorySub
                0x0201a5f4      0x400 /opt/wonderful/thirdparty/blocksds/core/libs/libnds/lib/libnds9.a(sprite.c.o)
                0x0201a5f4                OamMemorySub
 .bss.keysrepeat
                0x0201a9f4        0x2 /opt/wonderful/thirdparty/blocksds/core/libs/libnds/lib/libnds9.a(keys.c.o)
 .bss.keysold   0x0201a9f6        0x2 /opt/wonderful/thirdparty/blocksds/core/libs/libnds/lib/libnds9.a(keys.c.o)
 .bss.keys      0x0201a9f8        0x2 /opt/wonderful/thirdparty/blocksds/core/libs/libnds/lib/libnds9.a(keys.c.o)
 *fill*         0x0201a9fa        0x2 
 .bss.punixTime
                0x0201a9fc        0x4 /opt/wonderful/thirdparty/blocksds/core/libs/libnds/lib/libnds9.a(initSystem.c.o)
                0x0201a9fc                punixTime
 .bss.__dsimode
                0x0201aa00        0x1 /opt/wonderful/thirdparty/blocksds/core/libs/libnds/lib/libnds9.a(initSystem.c.o)
                0x0201aa00                __dsimode
 *fill*         0x0201aa01        0x3 
 .bss.libnds_stderr_write
                0x0201aa04        0x4 /opt/wonderful/thirdparty/blocksds/core/libs/libnds/lib/libnds9.a(console.c.o)
                0x0201aa04                libnds_stderr_write
 .bss.libnds_stdout_write
                0x0201aa08        0x4 /opt/wonderful/thirdparty/blocksds/core/libs/libnds/lib/libnds9.a(console.c.o)
                0x0201aa08                libnds_stdout_write
 .bss.currentCopy
                0x0201aa0c       0x5c /opt/wonderful/thirdparty/blocksds/core/libs/libnds/lib/libnds9.a(console.c.o)
                0x0201aa0c                currentCopy
 .bss.current_drive_is_nitrofs
                0x0201aa68        0x1 /opt/wonderful/thirdparty/blocksds/core/libs/libnds/lib/libnds9.a(filesystem.c.o)
                0x0201aa68                current_drive_is_nitrofs
 .bss.has_been_called.0
                0x0201aa69        0x1 /opt/wonderful/thirdparty/blocksds/core/libs/libnds/lib/libnds9.a(fatfs.c.o)
 .bss.fat_initialized
                0x0201aa6a        0x1 /opt/wonderful/thirdparty/blocksds/core/libs/libnds/lib/libnds9.a(fatfs.c.o)
 *fill*         0x0201aa6b        0x1 
 .bss.fs_info   0x0201aa6c      0x470 /opt/wonderful/thirdparty/blocksds/core/libs/libnds/lib/libnds9.a(fatfs.c.o)
 .bss.CurrVol   0x0201aedc        0x1 /opt/wonderful/thirdparty/blocksds/core/libs/libnds/lib/libnds9.a(ff.c.o)
 *fill*         0x0201aedd        0x1 
 .bss.Fsid      0x0201aede        0x2 /opt/wonderful/thirdparty/blocksds/core/libs/libnds/lib/libnds9.a(ff.c.o)
 .bss.FatFs     0x0201aee0        0x8 /opt/wonderful/thirdparty/blocksds/core/libs/libnds/lib/libnds9.a(ff.c.o)
 .bss.Mutex     0x0201aee8        0xc /opt/wonderful/thirdparty/blocksds/core/libs/libnds/lib/libnds9.a(ffsystem.c.o)
 .bss.fs_io     0x0201aef4        0x8 /opt/wonderful/thirdparty/blocksds/core/libs/libnds/lib/libnds9.a(diskio.c.o)
 .bss.fs_initialized
                0x0201aefc        0x2 /opt/wonderful/thirdparty/blocksds/core/libs/libnds/lib/libnds9.a(diskio.c.o)
 *fill*         0x0201aefe        0x2 
 .bss.selected_entry.0
                0x0201af00        0x4 /opt/wonderful/thirdparty/blocksds/core/libs/libnds/lib/libnds9.a(cache.c.o)
 .bss.cache_num_sectors
                0x0201af04        0x4 /opt/wonderful/thirdparty/blocksds/core/libs/libnds/lib/libnds9.a(cache.c.o)
 .bss.cache_mem
                0x0201af08        0x4 /opt/wonderful/thirdparty/blocksds/core/libs/libnds/lib/libnds9.a(cache.c.o)
 .bss.cache_entries
                0x0201af0c        0x4 /opt/wonderful/thirdparty/blocksds/core/libs/libnds/lib/libnds9.a(cache.c.o)
 .bss.nitrofs_local
                0x0201af10       0x10 /opt/wonderful/thirdparty/blocksds/core/libs/libnds/lib/libnds9.a(nitrofs.c.o)
 .bss.nitrofs_initialized
                0x0201af20        0x1 /opt/wonderful/thirdparty/blocksds/core/libs/libnds/lib/libnds9.a(nitrofs.c.o)
 *fill*         0x0201af21        0x3 
 .bss.shown.0   0x0201af24        0x4 /opt/wonderful/thirdparty/blocksds/core/libs/libnds/lib/libnds9.a(iob.c.o)
 .bss.stderr_buf_len
                0x0201af28        0x2 /opt/wonderful/thirdparty/blocksds/core/libs/libnds/lib/libnds9.a(iob.c.o)
 .bss.stdout_buf_len
                0x0201af2a        0x2 /opt/wonderful/thirdparty/blocksds/core/libs/libnds/lib/libnds9.a(iob.c.o)
 .bss.stderr_buf
                0x0201af2c       0x11 /opt/wonderful/thirdparty/blocksds/core/libs/libnds/lib/libnds9.a(iob.c.o)
 *fill*         0x0201af3d        0x3 
 .bss.stdout_buf
                0x0201af40       0x11 /opt/wonderful/thirdparty/blocksds/core/libs/libnds/lib/libnds9.a(iob.c.o)
 .bss.stdin_buf_empty
                0x0201af51        0x1 /opt/wonderful/thirdparty/blocksds/core/libs/libnds/lib/libnds9.a(iob.c.o)
                0x0201af51                stdin_buf_empty
 .bss.stdin_buf_right
                0x0201af52        0x2 /opt/wonderful/thirdparty/blocksds/core/libs/libnds/lib/libnds9.a(iob.c.o)
 .bss.stdin_buf_left
                0x0201af54        0x2 /opt/wonderful/thirdparty/blocksds/core/libs/libnds/lib/libnds9.a(iob.c.o)
 *fill*         0x0201af56        0x2 
 .bss.stdin_buf
                0x0201af58       0x80 /opt/wonderful/thirdparty/blocksds/core/libs/libnds/lib/libnds9.a(iob.c.o)
 .bss.fifo_mutex
                0x0201afd8       0x40 /opt/wonderful/thirdparty/blocksds/core/libs/libnds/lib/libnds9.a(fifosystem.c.o)
 .bss.processing
                0x0201b018        0x4 /opt/wonderful/thirdparty/blocksds/core/libs/libnds/lib/libnds9.a(fifosystem.c.o)
 .bss.fifo_datamsg_data
                0x0201b01c       0x40 /opt/wonderful/thirdparty/blocksds/core/libs/libnds/lib/libnds9.a(fifosystem.c.o)
 .bss.fifo_value32_data
                0x0201b05c       0x40 /opt/wonderful/thirdparty/blocksds/core/libs/libnds/lib/libnds9.a(fifosystem.c.o)
 .bss.fifo_address_data
                0x0201b09c       0x40 /opt/wonderful/thirdparty/blocksds/core/libs/libnds/lib/libnds9.a(fifosystem.c.o)
 .bss.fifo_datamsg_func
                0x0201b0dc       0x40 /opt/wonderful/thirdparty/blocksds/core/libs/libnds/lib/libnds9.a(fifosystem.c.o)
 .bss.fifo_value32_func
                0x0201b11c       0x40 /opt/wonderful/thirdparty/blocksds/core/libs/libnds/lib/libnds9.a(fifosystem.c.o)
 .bss.fifo_address_func
                0x0201b15c       0x40 /opt/wonderful/thirdparty/blocksds/core/libs/libnds/lib/libnds9.a(fifosystem.c.o)
 .bss.fifo_value32_queue
                0x0201b19c       0x40 /opt/wonderful/thirdparty/blocksds/core/libs/libnds/lib/libnds9.a(fifosystem.c.o)
 .bss.fifo_data_queue
                0x0201b1dc       0x40 /opt/wonderful/thirdparty/blocksds/core/libs/libnds/lib/libnds9.a(fifosystem.c.o)
 .bss.fifo_address_queue
                0x0201b21c       0x40 /opt/wonderful/thirdparty/blocksds/core/libs/libnds/lib/libnds9.a(fifosystem.c.o)
 .bss.fifo_buffer
                0x0201b25c      0x800 /opt/wonderful/thirdparty/blocksds/core/libs/libnds/lib/libnds9.a(fifosystem.c.o)
 .bss.heap_start.0
                0x0201ba5c        0x4 /opt/wonderful/thirdparty/blocksds/core/libs/libnds/lib/libnds9.a(sbrk.c.o)
 .bss.fake_heap_start
                0x0201ba60        0x4 /opt/wonderful/thirdparty/blocksds/core/libs/libnds/lib/libnds9.a(sbrk.c.o)
                0x0201ba60                fake_heap_start
 .bss.fake_heap_end
                0x0201ba64        0x4 /opt/wonderful/thirdparty/blocksds/core/libs/libnds/lib/libnds9.a(sbrk.c.o)
                0x0201ba64                fake_heap_end
 .bss.main_args
                0x0201ba68        0x8 /opt/wonderful/thirdparty/blocksds/core/libs/libnds/lib/libnds9.a(threads.c.o)
 .bss.__tls     0x0201ba70        0x4 /opt/wonderful/thirdparty/blocksds/core/libs/libnds/lib/libnds9.a(threads.c.o)
                0x0201ba70                __tls
 .bss.cothread_list
                0x0201ba74       0x1c /opt/wonderful/thirdparty/blocksds/core/libs/libnds/lib/libnds9.a(threads.c.o)
 .bss.cothread_active_thread
                0x0201ba90        0x4 /opt/wonderful/thirdparty/blocksds/core/libs/libnds/lib/libnds9.a(threads.c.o)
 .bss.free_fn   0x0201ba94        0x4 /opt/wonderful/thirdparty/blocksds/core/libs/libnds/lib/libnds9.a(threads.c.o)
 .bss.bgIsTextLut
                0x0201ba98        0x8 /opt/wonderful/thirdparty/blocksds/core/libs/libnds/lib/libnds9.a(background.c.o)
                0x0201ba98                bgIsTextLut
 .bss.bgState   0x0201baa0      0x140 /opt/wonderful/thirdparty/blocksds/core/libs/libnds/lib/libnds9.a(background.c.o)
                0x0201baa0                bgState
 .bss.SDcallback
                0x0201bbe0        0x4 /opt/wonderful/thirdparty/blocksds/core/libs/libnds/lib/libnds9.a(system.c.o)
 .bss.pressed.0
                0x0201bbe4        0x4 /opt/wonderful/thirdparty/blocksds/core/libs/libnds/lib/libnds9.a(keyboard.c.o)
 .bss.oldKeys.1
                0x0201bbe8        0x4 /opt/wonderful/thirdparty/blocksds/core/libs/libnds/lib/libnds9.a(keyboard.c.o)
 .bss.curKeyboard
                0x0201bbec        0x4 /opt/wonderful/thirdparty/blocksds/core/libs/libnds/lib/libnds9.a(keyboard.c.o)
                0x0201bbec                curKeyboard
 .bss           0x0201bbf0       0x34 /opt/wonderful/toolchain/gcc-arm-none-eabi/lib/gcc/arm-none-eabi/13.2.0/../../../../arm-none-eabi/lib/libc.a(malloc-malloc.c.o)
                0x0201bbf0                __malloc_top_pad
                0x0201bbf4                __malloc_current_mallinfo
                0x0201bc1c                __malloc_max_sbrked_mem
                0x0201bc20                __malloc_max_total_mem
 .bss           0x0201bc24        0x1 /opt/wonderful/toolchain/gcc-arm-none-eabi/lib/gcc/arm-none-eabi/13.2.0/../../../../arm-none-eabi/lib/libc.a(libc_misc_lock.c.o)
                0x0201bc24                __lock___libc_recursive_mutex
 *fill*         0x0201bc25        0x3 
 .bss           0x0201bc28       0x1c /opt/wonderful/toolchain/gcc-arm-none-eabi/lib/gcc/arm-none-eabi/13.2.0/../../../../arm-none-eabi/lib/libc.a(libc_time_tzset.c.o)
 .bss           0x0201bc44        0x8 /opt/wonderful/toolchain/gcc-arm-none-eabi/lib/gcc/arm-none-eabi/13.2.0/../../../../arm-none-eabi/lib/libc.a(libc_time_tzvars.c.o)
                0x0201bc44                _timezone
                0x0201bc48                _daylight
 *fill*         0x0201bc4c        0x4 
 .bss           0x0201bc50       0x58 /opt/wonderful/toolchain/gcc-arm-none-eabi/lib/gcc/arm-none-eabi/13.2.0/../../../../arm-none-eabi/lib/libc.a(libc_time_gettzinfo.c.o)
 .bss           0x0201bca8        0x4 /opt/wonderful/toolchain/gcc-arm-none-eabi/lib/gcc/arm-none-eabi/13.2.0/../../../../arm-none-eabi/lib/libc.a(libc_stdlib_environ.c.o)
 *(EXCLUDE_FILE(*.twl*) COMMON)
                0x0201bcac                        . = ALIGN (0x4)
                0x0201bcac                        __bss_end__ = ABSOLUTE (.)

.tls            0x0201bcac       0x28
                0x0201bcac                        __tls_start = ABSOLUTE (.)
                0x0201bcd4                        . = ((. + __tdata_size) + __tbss_size)
 *fill*         0x0201bcac       0x28 