Archive member included to satisfy reference by file (symbol)

/opt/wonderful/thirdparty/blocksds/external/nflib/lib/libnflib.a(nf_basic.c.o)
                              build/source/main.c.o (NF_SetRootFolder)
/opt/wonderful/thirdparty/blocksds/external/nflib/lib/libnflib.a(nf_sprite256.c.o)
                              build/source/main.c.o (NF_InitSpriteBuffers)
/opt/wonderful/thirdparty/blocksds/external/nflib/lib/libnflib.a(nf_tiledbg.c.o)
                              build/source/main.c.o (NF_InitTiledBgBuffers)
/opt/wonderful/thirdparty/blocksds/external/nflib/lib/libnflib.a(nf_2d.c.o)
                              build/source/main.c.o (NF_Set2D)
/opt/wonderful/thirdparty/blocksds/core/libs/libnds/lib/libnds9.a(IntrWait.s.o)
                              build/source/main.c.o (swiWaitForVBlank)
/opt/wonderful/thirdparty/blocksds/core/libs/libnds/lib/libnds9.a(mpu_setup.s.o)
                              /opt/wonderful/thirdparty/blocksds/core/sys/crts/ds_arm9_crt0.o (__libnds_mpu_setup)
/opt/wonderful/thirdparty/blocksds/core/libs/libnds/lib/libnds9.a(dma.s.o)
                              /opt/wonderful/thirdparty/blocksds/external/nflib/lib/libnflib.a(nf_basic.c.o) (dmaSetParams)
/opt/wonderful/thirdparty/blocksds/core/libs/libnds/lib/libnds9.a(memcpy.s.o)
                              /opt/wonderful/thirdparty/blocksds/external/nflib/lib/libnflib.a(nf_basic.c.o) (memcpy)
/opt/wonderful/thirdparty/blocksds/core/libs/libnds/lib/libnds9.a(memset.s.o)
                              /opt/wonderful/thirdparty/blocksds/external/nflib/lib/libnflib.a(nf_sprite256.c.o) (memset)
/opt/wonderful/thirdparty/blocksds/core/libs/libnds/lib/libnds9.a(sprite.c.o)
                              /opt/wonderful/thirdparty/blocksds/external/nflib/lib/libnflib.a(nf_sprite256.c.o) (oamInit)
/opt/wonderful/thirdparty/blocksds/core/libs/libnds/lib/libnds9.a(sprite_alloc.c.o)
                              /opt/wonderful/thirdparty/blocksds/core/libs/libnds/lib/libnds9.a(sprite.c.o) (oamAllocReset)
/opt/wonderful/thirdparty/blocksds/core/libs/libnds/lib/libnds9.a(video.c.o)
                              /opt/wonderful/thirdparty/blocksds/external/nflib/lib/libnflib.a(nf_basic.c.o) (setBrightness)
/opt/wonderful/thirdparty/blocksds/core/libs/libnds/lib/libnds9.a(securearea.c.o)
                              /opt/wonderful/thirdparty/blocksds/core/sys/crts/ds_arm9_crt0.o (__secure_area__)
/opt/wonderful/thirdparty/blocksds/core/libs/libnds/lib/libnds9.a(keys.c.o)
                              build/source/main.c.o (scanKeys)
/opt/wonderful/thirdparty/blocksds/core/libs/libnds/lib/libnds9.a(initSystem.c.o)
                              /opt/wonderful/thirdparty/blocksds/core/sys/crts/ds_arm9_crt0.o (initSystem)
/opt/wonderful/thirdparty/blocksds/core/libs/libnds/lib/libnds9.a(cache.c.o)
                              /opt/wonderful/thirdparty/blocksds/external/nflib/lib/libnflib.a(nf_basic.c.o) (CP15_CleanAndFlushDcacheRange)
/opt/wonderful/thirdparty/blocksds/core/libs/libnds/lib/libnds9.a(console.c.o)
                              /opt/wonderful/thirdparty/blocksds/external/nflib/lib/libnflib.a(nf_basic.c.o) (consoleDemoInit)
/opt/wonderful/thirdparty/blocksds/core/libs/libnds/lib/libnds9.a(trig.c.o)
                              /opt/wonderful/thirdparty/blocksds/core/libs/libnds/lib/libnds9.a(sprite.c.o) (sinLerp)
/opt/wonderful/thirdparty/blocksds/core/libs/libnds/lib/libnds9.a(filesystem.c.o)
                              /opt/wonderful/thirdparty/blocksds/external/nflib/lib/libnflib.a(nf_basic.c.o) (access)
/opt/wonderful/thirdparty/blocksds/core/libs/libnds/lib/libnds9.a(fatfs.c.o)
                              /opt/wonderful/thirdparty/blocksds/core/libs/libnds/lib/libnds9.a(filesystem.c.o) (fatfs_error_to_posix)
/opt/wonderful/thirdparty/blocksds/core/libs/libnds/lib/libnds9.a(ff.c.o)
                              /opt/wonderful/thirdparty/blocksds/core/libs/libnds/lib/libnds9.a(fatfs.c.o) (f_mount)
/opt/wonderful/thirdparty/blocksds/core/libs/libnds/lib/libnds9.a(ffunicode.c.o)
                              /opt/wonderful/thirdparty/blocksds/core/libs/libnds/lib/libnds9.a(ff.c.o) (ff_uni2oem)
/opt/wonderful/thirdparty/blocksds/core/libs/libnds/lib/libnds9.a(ffsystem.c.o)
                              /opt/wonderful/thirdparty/blocksds/core/libs/libnds/lib/libnds9.a(ff.c.o) (ff_mutex_create)
/opt/wonderful/thirdparty/blocksds/core/libs/libnds/lib/libnds9.a(diskio.c.o)
                              /opt/wonderful/thirdparty/blocksds/core/libs/libnds/lib/libnds9.a(ff.c.o) (disk_status)
/opt/wonderful/thirdparty/blocksds/core/libs/libnds/lib/libnds9.a(cache.c.o)
                              /opt/wonderful/thirdparty/blocksds/core/libs/libnds/lib/libnds9.a(fatfs.c.o) (cache_init)
/opt/wonderful/thirdparty/blocksds/core/libs/libnds/lib/libnds9.a(nitrofs.c.o)
                              /opt/wonderful/thirdparty/blocksds/core/libs/libnds/lib/libnds9.a(filesystem.c.o) (nitrofs_use_for_path)
[...]
Memory Configuration

Name             Origin             Length             Attributes
ewram            0x02000000         0x00380000
dtcm             0x02ff0000         0x00004000
vectors          0x01000000         0x00000100
itcm             0x01000100         0x00007f00
*default*        0x00000000         0xffffffff

Linker script and memory map

LOAD build/source/main.c.o
LOAD /opt/wonderful/thirdparty/blocksds/core/sys/crts/ds_arm9_crt0.o
START GROUP
LOAD /opt/wonderful/thirdparty/blocksds/external/nflib/lib/libnflib.a
LOAD /opt/wonderful/thirdparty/blocksds/core/libs/dswifi/lib/libdswifi9.a
LOAD /opt/wonderful/thirdparty/blocksds/core/libs/libnds/lib/libnds9.a
LOAD /opt/wonderful/toolchain/gcc-arm-none-eabi/lib/gcc/arm-none-eabi/13.2.0/../../../../arm-none-eabi/lib/libc.a
LOAD /opt/wonderful/toolchain/gcc-arm-none-eabi/lib/gcc/arm-none-eabi/13.2.0/../../../../arm-none-eabi/lib/libc.a
LOAD /opt/wonderful/toolchain/gcc-arm-none-eabi/lib/gcc/arm-none-eabi/13.2.0/thumb/libgcc.a
END GROUP
                0x02380000                        __ewram_end = (ORIGIN (ewram) + LENGTH (ewram))
                0x02380000                        __eheap_end = (ORIGIN (ewram) + LENGTH (ewram))
                0x02ff4000                        __dtcm_top = (ORIGIN (dtcm) + LENGTH (dtcm))
                0x02ff3ff8                        __irq_flags = (__dtcm_top - 0x8)
                0x02ff3ffc                        __irq_vector = (__dtcm_top - 0x4)
                0x02ff3f00                        __sp_svc = (__dtcm_top - 0x100)
                0x02ff3e00                        __sp_irq = (__sp_svc - 0x100)
                0x02ff3d00                        __sp_usr = (__sp_irq - 0x100)

.secure         0x02000000      0x800
 *(.secure)
 .secure        0x02000000      0x800 /opt/wonderful/thirdparty/blocksds/core/libs/libnds/lib/libnds9.a(securearea.c.o)
                0x02000000                __secure_area__

.crt0           0x02000800      0x308
                0x02000800                        __text_start = .
 *(.crt0)
 .crt0          0x02000800      0x308 /opt/wonderful/thirdparty/blocksds/core/sys/crts/ds_arm9_crt0.o
                0x02000800                _start
                0x02000b08                        . = ALIGN (0x4)

.plt
 *(.plt)

.init
 *(SORT_NONE(.init))

.text           0x02000b40    0x118a8
 *(EXCLUDE_FILE(*.twl* *.vectors* *.itcm*) .text)
 .text          0x02000b40     0x4000 /opt/wonderful/thirdparty/blocksds/core/libs/libnds/lib/libnds9.a(dldi_stub.s.o)
                0x02000b40                _io_dldi_stub
 .text          0x02004b40       0x14 /opt/wonderful/toolchain/gcc-arm-none-eabi/lib/gcc/arm-none-eabi/13.2.0/../../../../arm-none-eabi/lib/libc.a(strcmp.S.o)
                0x02004b40                strcmp
 .text          0x02004b54        0xe /opt/wonderful/toolchain/gcc-arm-none-eabi/lib/gcc/arm-none-eabi/13.2.0/../../../../arm-none-eabi/lib/libc.a(strlen.S.o)
                0x02004b54                strlen
 .text          0x02004b62       0x10 /opt/wonderful/toolchain/gcc-arm-none-eabi/lib/gcc/arm-none-eabi/13.2.0/../../../../arm-none-eabi/lib/libc.a(strcpy.S.o)
                0x02004b62                strcpy
 *fill*         0x02004b72        0x2 ff
 .text          0x02004b74       0x14 /opt/wonderful/toolchain/gcc-arm-none-eabi/lib/gcc/arm-none-eabi/13.2.0/thumb/libgcc.a(_thumb1_case_uqi.o)
                0x02004b74                __gnu_thumb1_case_uqi
 .text          0x02004b88      0x11c /opt/wonderful/toolchain/gcc-arm-none-eabi/lib/gcc/arm-none-eabi/13.2.0/thumb/libgcc.a(_udivsi3.o)
                0x02004b88                __udivsi3
                0x02004b88                __aeabi_uidiv
                0x02004c84                __aeabi_uidivmod
 .text          0x02004ca4      0x150 /opt/wonderful/toolchain/gcc-arm-none-eabi/lib/gcc/arm-none-eabi/13.2.0/thumb/libgcc.a(_divsi3.o)
                0x02004ca4                __aeabi_idiv
                0x02004ca4                __divsi3
                0x02004dd4                __aeabi_idivmod
 .text          0x02004df4        0x4 /opt/wonderful/toolchain/gcc-arm-none-eabi/lib/gcc/arm-none-eabi/13.2.0/thumb/libgcc.a(_dvmd_tls.o)
                0x02004df4                __aeabi_ldiv0
                0x02004df4                __aeabi_idiv0
 .text          0x02004df8       0x18 /opt/wonderful/toolchain/gcc-arm-none-eabi/lib/gcc/arm-none-eabi/13.2.0/thumb/libgcc.a(_lshrdi3.o)
                0x02004df8                __aeabi_llsr
                0x02004df8                __lshrdi3
 .text          0x02004e10       0x1c /opt/wonderful/toolchain/gcc-arm-none-eabi/lib/gcc/arm-none-eabi/13.2.0/thumb/libgcc.a(_ashrdi3.o)
                0x02004e10                __ashrdi3
                0x02004e10                __aeabi_lasr
 .text          0x02004e2c       0x18 /opt/wonderful/toolchain/gcc-arm-none-eabi/lib/gcc/arm-none-eabi/13.2.0/thumb/libgcc.a(_ashldi3.o)
                0x02004e2c                __ashldi3
                0x02004e2c                __aeabi_llsl
 .text          0x02004e44      0x424 /opt/wonderful/toolchain/gcc-arm-none-eabi/lib/gcc/arm-none-eabi/13.2.0/thumb/libgcc.a(_arm_addsubdf3.o)
                0x02004e44                __aeabi_drsub
                0x02004e4c                __subdf3
                0x02004e4c                __aeabi_dsub
                0x02004e50                __adddf3
                0x02004e50                __aeabi_dadd
                0x02005160                __aeabi_ui2d
                0x02005160                __floatunsidf
                0x02005184                __floatsidf
                0x02005184                __aeabi_i2d
                0x020051ac                __extendsfdf2
                0x020051ac                __aeabi_f2d
                0x020051f4                __aeabi_ul2d
                0x020051f4                __floatundidf
                0x02005208                __aeabi_l2d
                0x02005208                __floatdidf
 .text          0x02005268       0xa0 /opt/wonderful/toolchain/gcc-arm-none-eabi/lib/gcc/arm-none-eabi/13.2.0/thumb/libgcc.a(_arm_truncdfsf2.o)
                0x02005268                __aeabi_d2f
                0x02005268                __truncdfsf2
 .text          0x02005308       0x48 /opt/wonderful/toolchain/gcc-arm-none-eabi/lib/gcc/arm-none-eabi/13.2.0/thumb/libgcc.a(_clzsi2.o)
                0x02005308                __clzsi2
 .text          0x02005350       0x28 /opt/wonderful/toolchain/gcc-arm-none-eabi/lib/gcc/arm-none-eabi/13.2.0/thumb/libgcc.a(_clzdi2.o)
                0x02005350                __clzdi2
 .text          0x02005378       0xd4 /opt/wonderful/toolchain/gcc-arm-none-eabi/lib/gcc/arm-none-eabi/13.2.0/thumb/libgcc.a(_aeabi_ldivmod.o)
                0x02005378                __aeabi_ldivmod
 .text          0x0200544c       0x3c /opt/wonderful/toolchain/gcc-arm-none-eabi/lib/gcc/arm-none-eabi/13.2.0/thumb/libgcc.a(_aeabi_uldivmod.o)
                0x0200544c                __aeabi_uldivmod
 .text          0x02005488       0x64 /opt/wonderful/toolchain/gcc-arm-none-eabi/lib/gcc/arm-none-eabi/13.2.0/thumb/libgcc.a(_muldi3.o)
                0x02005488                __aeabi_lmul
                0x02005488                __muldi3
 .text          0x020054ec      0x19c /opt/wonderful/toolchain/gcc-arm-none-eabi/lib/gcc/arm-none-eabi/13.2.0/thumb/libgcc.a(_udivmoddi4.o)
                0x020054ec                __udivmoddi4
 *(EXCLUDE_FILE(*.twl* *.vectors* *.itcm*) .stub)
 *(EXCLUDE_FILE(*.twl* *.vectors* *.itcm*) .text.*)
 .text.startup.main
                0x02005688      0x104 build/source/main.c.o
                0x02005688                main
 .text.NF_Error
                0x0200578c      0x2a4 /opt/wonderful/thirdparty/blocksds/external/nflib/lib/libnflib.a(nf_basic.c.o)
                0x0200578c                NF_Error
 .text.NF_SetRootFolder
                0x02005a30      0x1dc /opt/wonderful/thirdparty/blocksds/external/nflib/lib/libnflib.a(nf_basic.c.o)
                0x02005a30                NF_SetRootFolder
 .text.NF_DmaMemCopy
                0x02005c0c       0x7c /opt/wonderful/thirdparty/blocksds/external/nflib/lib/libnflib.a(nf_basic.c.o)
                0x02005c0c                NF_DmaMemCopy
 .text.NF_FileLoad
                0x02005c88       0x7c /opt/wonderful/thirdparty/blocksds/external/nflib/lib/libnflib.a(nf_basic.c.o)
                0x02005c88                NF_FileLoad
 .text.NF_InitSpriteBuffers
                0x02005d04       0x5c /opt/wonderful/thirdparty/blocksds/external/nflib/lib/libnflib.a(nf_sprite256.c.o)
                0x02005d04                NF_InitSpriteBuffers
 .text.NF_InitSpriteSys
                0x02005d60      0x210 /opt/wonderful/thirdparty/blocksds/external/nflib/lib/libnflib.a(nf_sprite256.c.o)
                0x02005d60                NF_InitSpriteSys
 .text.NF_LoadSpriteGfx
                0x02005f70       0x98 /opt/wonderful/thirdparty/blocksds/external/nflib/lib/libnflib.a(nf_sprite256.c.o)
                0x02005f70                NF_LoadSpriteGfx
 .text.NF_LoadSpritePal
                0x02006008       0x80 /opt/wonderful/thirdparty/blocksds/external/nflib/lib/libnflib.a(nf_sprite256.c.o)
                0x02006008                NF_LoadSpritePal
 .text.NF_VramSpriteGfx
                0x02006088      0x2a4 /opt/wonderful/thirdparty/blocksds/external/nflib/lib/libnflib.a(nf_sprite256.c.o)
                0x02006088                NF_VramSpriteGfx
 .text.NF_VramSpritePal
                0x0200632c       0xb0 /opt/wonderful/thirdparty/blocksds/external/nflib/lib/libnflib.a(nf_sprite256.c.o)
                0x0200632c                NF_VramSpritePal
 .text.NF_CreateSprite
                0x020063dc      0x1cc /opt/wonderful/thirdparty/blocksds/external/nflib/lib/libnflib.a(nf_sprite256.c.o)
                0x020063dc                NF_CreateSprite
 .text.NF_InitTiledBgBuffers
                0x020065a8       0x94 /opt/wonderful/thirdparty/blocksds/external/nflib/lib/libnflib.a(nf_tiledbg.c.o)
                0x020065a8                NF_InitTiledBgBuffers
 .text.NF_InitTiledBgSys
                0x0200663c      0x120 /opt/wonderful/thirdparty/blocksds/external/nflib/lib/libnflib.a(nf_tiledbg.c.o)
                0x0200663c                NF_InitTiledBgSys
 .text.NF_LoadTiledBg
                0x0200675c      0x1ac /opt/wonderful/thirdparty/blocksds/external/nflib/lib/libnflib.a(nf_tiledbg.c.o)
                0x0200675c                NF_LoadTiledBg
 .text.NF_DeleteTiledBg
                0x02006908      0x198 /opt/wonderful/thirdparty/blocksds/external/nflib/lib/libnflib.a(nf_tiledbg.c.o)
                0x02006908                NF_DeleteTiledBg
 .text.NF_CreateTiledBg
                0x02006aa0      0x578 /opt/wonderful/thirdparty/blocksds/external/nflib/lib/libnflib.a(nf_tiledbg.c.o)
                0x02006aa0                NF_CreateTiledBg
 .text.NF_Set2D
                0x02007018       0x64 /opt/wonderful/thirdparty/blocksds/external/nflib/lib/libnflib.a(nf_2d.c.o)
                0x02007018                NF_Set2D
 .text.NF_ShowBg
                0x0200707c       0x74 /opt/wonderful/thirdparty/blocksds/external/nflib/lib/libnflib.a(nf_2d.c.o)
                0x0200707c                NF_ShowBg
 .text.NF_HideBg
                0x020070f0       0x9c /opt/wonderful/thirdparty/blocksds/external/nflib/lib/libnflib.a(nf_2d.c.o)
                0x020070f0                NF_HideBg
 .text.NF_ScrollBg
                0x0200718c      0x2fc /opt/wonderful/thirdparty/blocksds/external/nflib/lib/libnflib.a(nf_2d.c.o)
                0x0200718c                NF_ScrollBg
 .text.swiWaitForVBlank
                0x02007488        0x8 /opt/wonderful/thirdparty/blocksds/core/libs/libnds/lib/libnds9.a(IntrWait.s.o)
                0x02007488                swiWaitForVBlank
 .text.swiIntrWait
                0x02007490       0x70 /opt/wonderful/thirdparty/blocksds/core/libs/libnds/lib/libnds9.a(IntrWait.s.o)
                0x02007490                swiIntrWait
 .text.__libnds_mpu_setup
                0x02007500      0x168 /opt/wonderful/thirdparty/blocksds/core/libs/libnds/lib/libnds9.a(mpu_setup.s.o)
                0x02007500                __libnds_mpu_setup
 .text.memUncached
                0x02007668       0x20 /opt/wonderful/thirdparty/blocksds/core/libs/libnds/lib/libnds9.a(mpu_setup.s.o)
                0x02007668                memUncached
 .text.dmaSetParams
                0x02007688       0x1c /opt/wonderful/thirdparty/blocksds/core/libs/libnds/lib/libnds9.a(dma.s.o)
                0x02007688                dmaSetParams
 .text.__aeabi_memcpy
                0x020076a4       0x38 /opt/wonderful/thirdparty/blocksds/core/libs/libnds/lib/libnds9.a(memcpy.s.o)
                0x020076a4                __aeabi_memcpy
 .text.__aeabi_memcpy4
                0x020076dc       0x6c /opt/wonderful/thirdparty/blocksds/core/libs/libnds/lib/libnds9.a(memcpy.s.o)
                0x020076dc                __aeabi_memcpy4
 .text.__ndsabi_memcpy1
                0x02007748       0x14 /opt/wonderful/thirdparty/blocksds/core/libs/libnds/lib/libnds9.a(memcpy.s.o)
                0x02007748                __ndsabi_memcpy1
 .text.memcpy   0x0200775c       0x10 /opt/wonderful/thirdparty/blocksds/core/libs/libnds/lib/libnds9.a(memcpy.s.o)
                0x0200775c                memcpy
 .text.__aeabi_memset
                0x0200776c       0x24 /opt/wonderful/thirdparty/blocksds/core/libs/libnds/lib/libnds9.a(memset.s.o)
                0x0200776c                __aeabi_memset
 .text.__ndsabi_memset1
                0x02007790       0x10 /opt/wonderful/thirdparty/blocksds/core/libs/libnds/lib/libnds9.a(memset.s.o)
                0x02007790                __ndsabi_memset1
 .text.memset   0x020077a0       0x1c /opt/wonderful/thirdparty/blocksds/core/libs/libnds/lib/libnds9.a(memset.s.o)
                0x020077a0                memset
 .text.oamInit  0x020077bc      0x100 /opt/wonderful/thirdparty/blocksds/core/libs/libnds/lib/libnds9.a(sprite.c.o)
                0x020077bc                oamInit
 .text.oamAllocReset
                0x020078bc       0x1c /opt/wonderful/thirdparty/blocksds/core/libs/libnds/lib/libnds9.a(sprite_alloc.c.o)
                0x020078bc                oamAllocReset
 .text.setBrightness
                0x020078d8       0x40 /opt/wonderful/thirdparty/blocksds/core/libs/libnds/lib/libnds9.a(video.c.o)
                0x020078d8                setBrightness
 .text.vramDefault
                0x02007918       0xc8 /opt/wonderful/thirdparty/blocksds/core/libs/libnds/lib/libnds9.a(video.c.o)
                0x02007918                vramDefault
 .text.scanKeys
                0x020079e0       0xb0 /opt/wonderful/thirdparty/blocksds/core/libs/libnds/lib/libnds9.a(keys.c.o)
                0x020079e0                scanKeys
 .text.keysCurrent
                0x02007a90       0x60 /opt/wonderful/thirdparty/blocksds/core/libs/libnds/lib/libnds9.a(keys.c.o)
                0x02007a90                keysCurrent
 .text.initSystem
                0x02007af0      0x1a8 /opt/wonderful/thirdparty/blocksds/core/libs/libnds/lib/libnds9.a(initSystem.c.o)
                0x02007af0                initSystem
 .text.newRow   0x02007c98       0xdc /opt/wonderful/thirdparty/blocksds/core/libs/libnds/lib/libnds9.a(console.c.o)
 .text.consolePrintChar
                0x02007d74       0xe0 /opt/wonderful/thirdparty/blocksds/core/libs/libnds/lib/libnds9.a(console.c.o)
                0x02007d74                consolePrintChar
 .text.con_write
                0x02007e54      0x344 /opt/wonderful/thirdparty/blocksds/core/libs/libnds/lib/libnds9.a(console.c.o)
 .text.consoleLoadFont
                0x02008198      0x374 /opt/wonderful/thirdparty/blocksds/core/libs/libnds/lib/libnds9.a(console.c.o)
                0x02008198                consoleLoadFont
 .text.consoleInit
                0x0200850c      0x194 /opt/wonderful/thirdparty/blocksds/core/libs/libnds/lib/libnds9.a(console.c.o)
                0x0200850c                consoleInit
 .text.consoleDemoInit
                0x020086a0       0x48 /opt/wonderful/thirdparty/blocksds/core/libs/libnds/lib/libnds9.a(console.c.o)
                0x020086a0                consoleDemoInit
 .text.sinLutLookup
                0x020086e8       0x4c /opt/wonderful/thirdparty/blocksds/core/libs/libnds/lib/libnds9.a(trig.c.o)
                0x020086e8                sinLutLookup
 .text.sinLerp  0x02008734       0x38 /opt/wonderful/thirdparty/blocksds/core/libs/libnds/lib/libnds9.a(trig.c.o)
                0x02008734                sinLerp
 .text.cosLerp  0x0200876c       0x48 /opt/wonderful/thirdparty/blocksds/core/libs/libnds/lib/libnds9.a(trig.c.o)
                0x0200876c                cosLerp
 .text.open     0x020087b4       0xf0 /opt/wonderful/thirdparty/blocksds/core/libs/libnds/lib/libnds9.a(filesystem.c.o)
                0x020087b4                open
 .text.read     0x020088a4       0x44 /opt/wonderful/thirdparty/blocksds/core/libs/libnds/lib/libnds9.a(filesystem.c.o)
                0x020088a4                read
 .text.write    0x020088e8       0x54 /opt/wonderful/thirdparty/blocksds/core/libs/libnds/lib/libnds9.a(filesystem.c.o)
                0x020088e8                write
 .text.close    0x0200893c       0x48 /opt/wonderful/thirdparty/blocksds/core/libs/libnds/lib/libnds9.a(filesystem.c.o)
                0x0200893c                close
 .text.lseek    0x02008984       0x70 /opt/wonderful/thirdparty/blocksds/core/libs/libnds/lib/libnds9.a(filesystem.c.o)
                0x02008984                lseek
 .text.access   0x020089f4       0x80 /opt/wonderful/thirdparty/blocksds/core/libs/libnds/lib/libnds9.a(filesystem.c.o)
                0x020089f4                access
 .text.fatfs_error_to_posix
                0x02008a74       0x24 /opt/wonderful/thirdparty/blocksds/core/libs/libnds/lib/libnds9.a(fatfs.c.o)
                0x02008a74                fatfs_error_to_posix
 .text.get_dirname
                0x02008a98       0x6c /opt/wonderful/thirdparty/blocksds/core/libs/libnds/lib/libnds9.a(fatfs.c.o)
                0x02008a98                get_dirname
 .text.fatGetDefaultCwd
                0x02008b04       0x70 /opt/wonderful/thirdparty/blocksds/core/libs/libnds/lib/libnds9.a(fatfs.c.o)
                0x02008b04                fatGetDefaultCwd
 .text.fatInit.part.0
                0x02008b74      0x108 /opt/wonderful/thirdparty/blocksds/core/libs/libnds/lib/libnds9.a(fatfs.c.o)
 .text.fatInitDefault
                0x02008c7c       0x20 /opt/wonderful/thirdparty/blocksds/core/libs/libnds/lib/libnds9.a(fatfs.c.o)
                0x02008c7c                fatInitDefault
 .text.get_ldnumber
                0x02008c9c       0xd0 /opt/wonderful/thirdparty/blocksds/core/libs/libnds/lib/libnds9.a(ff.c.o)
 .text.put_utf  0x02008d6c       0xec /opt/wonderful/thirdparty/blocksds/core/libs/libnds/lib/libnds9.a(ff.c.o)
 .text.get_fileinfo
                0x02008e58      0x1c0 /opt/wonderful/thirdparty/blocksds/core/libs/libnds/lib/libnds9.a(ff.c.o)
 .text.dir_clear
                0x02009018      0x110 /opt/wonderful/thirdparty/blocksds/core/libs/libnds/lib/libnds9.a(ff.c.o)
 .text.unlock_volume.part.0.isra.0
                0x02009128        0x8 /opt/wonderful/thirdparty/blocksds/core/libs/libnds/lib/libnds9.a(ff.c.o)
 .text.sync_fs  0x02009130      0x11c /opt/wonderful/thirdparty/blocksds/core/libs/libnds/lib/libnds9.a(ff.c.o)
 .text.move_window
                0x0200924c       0x68 /opt/wonderful/thirdparty/blocksds/core/libs/libnds/lib/libnds9.a(ff.c.o)
 .text.put_fat.part.0
                0x020092b4      0x134 /opt/wonderful/thirdparty/blocksds/core/libs/libnds/lib/libnds9.a(ff.c.o)
 .text.get_fat.isra.0
                0x020093e8       0xe0 /opt/wonderful/thirdparty/blocksds/core/libs/libnds/lib/libnds9.a(ff.c.o)
 .text.remove_chain
                0x020094c8       0x90 /opt/wonderful/thirdparty/blocksds/core/libs/libnds/lib/libnds9.a(ff.c.o)
 .text.create_chain
                0x02009558      0x120 /opt/wonderful/thirdparty/blocksds/core/libs/libnds/lib/libnds9.a(ff.c.o)
 .text.dir_next
                0x02009678       0xdc /opt/wonderful/thirdparty/blocksds/core/libs/libnds/lib/libnds9.a(ff.c.o)
 .text.dir_sdi  0x02009754       0x9c /opt/wonderful/thirdparty/blocksds/core/libs/libnds/lib/libnds9.a(ff.c.o)
 .text.dir_find
                0x020097f0      0x1a8 /opt/wonderful/thirdparty/blocksds/core/libs/libnds/lib/libnds9.a(ff.c.o)
 .text.follow_path
                0x02009998      0x50c /opt/wonderful/thirdparty/blocksds/core/libs/libnds/lib/libnds9.a(ff.c.o)
 .text.dir_register
                0x02009ea4      0x31c /opt/wonderful/thirdparty/blocksds/core/libs/libnds/lib/libnds9.a(ff.c.o)
 .text.validate
                0x0200a1c0       0x5c /opt/wonderful/thirdparty/blocksds/core/libs/libnds/lib/libnds9.a(ff.c.o)
 .text.check_fs
                0x0200a21c      0x168 /opt/wonderful/thirdparty/blocksds/core/libs/libnds/lib/libnds9.a(ff.c.o)
 .text.mount_volume
                0x0200a384      0x3dc /opt/wonderful/thirdparty/blocksds/core/libs/libnds/lib/libnds9.a(ff.c.o)
 .text.f_mount  0x0200a760       0xa4 /opt/wonderful/thirdparty/blocksds/core/libs/libnds/lib/libnds9.a(ff.c.o)
                0x0200a760                f_mount
 .text.f_open   0x0200a804      0x354 /opt/wonderful/thirdparty/blocksds/core/libs/libnds/lib/libnds9.a(ff.c.o)
                0x0200a804                f_open
 .text.f_read   0x0200ab58      0x1f4 /opt/wonderful/thirdparty/blocksds/core/libs/libnds/lib/libnds9.a(ff.c.o)
                0x0200ab58                f_read
 .text.f_write  0x0200ad4c      0x24c /opt/wonderful/thirdparty/blocksds/core/libs/libnds/lib/libnds9.a(ff.c.o)
                0x0200ad4c                f_write
 .text.f_sync   0x0200af98       0xe4 /opt/wonderful/thirdparty/blocksds/core/libs/libnds/lib/libnds9.a(ff.c.o)
                0x0200af98                f_sync
 .text.f_close  0x0200b07c       0x30 /opt/wonderful/thirdparty/blocksds/core/libs/libnds/lib/libnds9.a(ff.c.o)
                0x0200b07c                f_close
 .text.f_chdrive
                0x0200b0ac       0x24 /opt/wonderful/thirdparty/blocksds/core/libs/libnds/lib/libnds9.a(ff.c.o)
                0x0200b0ac                f_chdrive
 .text.f_chdir  0x0200b0d0       0xc4 /opt/wonderful/thirdparty/blocksds/core/libs/libnds/lib/libnds9.a(ff.c.o)
                0x0200b0d0                f_chdir
 .text.f_lseek  0x0200b194      0x1c8 /opt/wonderful/thirdparty/blocksds/core/libs/libnds/lib/libnds9.a(ff.c.o)
                0x0200b194                f_lseek
 .text.f_stat   0x0200b35c       0xc0 /opt/wonderful/thirdparty/blocksds/core/libs/libnds/lib/libnds9.a(ff.c.o)
                0x0200b35c                f_stat
 .text.ff_uni2oem
                0x0200b41c       0x44 /opt/wonderful/thirdparty/blocksds/core/libs/libnds/lib/libnds9.a(ffunicode.c.o)
                0x0200b41c                ff_uni2oem
 .text.ff_oem2uni
                0x0200b460       0x2c /opt/wonderful/thirdparty/blocksds/core/libs/libnds/lib/libnds9.a(ffunicode.c.o)
                0x0200b460                ff_oem2uni
 .text.ff_wtoupper
                0x0200b48c       0xcc /opt/wonderful/thirdparty/blocksds/core/libs/libnds/lib/libnds9.a(ffunicode.c.o)
                0x0200b48c                ff_wtoupper
 .text.ff_mutex_create
                0x0200b558       0x10 /opt/wonderful/thirdparty/blocksds/core/libs/libnds/lib/libnds9.a(ffsystem.c.o)
                0x0200b558                ff_mutex_create
 .text.ff_mutex_delete
                0x0200b568        0x4 /opt/wonderful/thirdparty/blocksds/core/libs/libnds/lib/libnds9.a(ffsystem.c.o)
                0x0200b568                ff_mutex_delete
 .text.ff_mutex_take
                0x0200b56c       0x1c /opt/wonderful/thirdparty/blocksds/core/libs/libnds/lib/libnds9.a(ffsystem.c.o)
                0x0200b56c                ff_mutex_take
 .text.ff_mutex_give
                0x0200b588       0x10 /opt/wonderful/thirdparty/blocksds/core/libs/libnds/lib/libnds9.a(ffsystem.c.o)
                0x0200b588                ff_mutex_give
 .text.disk_status
                0x0200b598       0x18 /opt/wonderful/thirdparty/blocksds/core/libs/libnds/lib/libnds9.a(diskio.c.o)
                0x0200b598                disk_status
 .text.disk_initialize
                0x0200b5b0       0x68 /opt/wonderful/thirdparty/blocksds/core/libs/libnds/lib/libnds9.a(diskio.c.o)
                0x0200b5b0                disk_initialize
 .text.disk_read
                0x0200b618       0xcc /opt/wonderful/thirdparty/blocksds/core/libs/libnds/lib/libnds9.a(diskio.c.o)
                0x0200b618                disk_read
 .text.disk_write
                0x0200b6e4       0xb4 /opt/wonderful/thirdparty/blocksds/core/libs/libnds/lib/libnds9.a(diskio.c.o)
                0x0200b6e4                disk_write
 .text.disk_ioctl
                0x0200b798       0x2c /opt/wonderful/thirdparty/blocksds/core/libs/libnds/lib/libnds9.a(diskio.c.o)
                0x0200b798                disk_ioctl
 .text.get_fattime
                0x0200b7c4       0x40 /opt/wonderful/thirdparty/blocksds/core/libs/libnds/lib/libnds9.a(diskio.c.o)
                0x0200b7c4                get_fattime
 .text.cache_init
                0x0200b804       0x58 /opt/wonderful/thirdparty/blocksds/core/libs/libnds/lib/libnds9.a(cache.c.o)
                0x0200b804                cache_init
 .text.cache_sector_get
                0x0200b85c       0x50 /opt/wonderful/thirdparty/blocksds/core/libs/libnds/lib/libnds9.a(cache.c.o)
                0x0200b85c                cache_sector_get
 .text.cache_sector_add
                0x0200b8ac      0x120 /opt/wonderful/thirdparty/blocksds/core/libs/libnds/lib/libnds9.a(cache.c.o)
                0x0200b8ac                cache_sector_add
 .text.cache_sector_invalidate
                0x0200b9cc       0x3c /opt/wonderful/thirdparty/blocksds/core/libs/libnds/lib/libnds9.a(cache.c.o)
                0x0200b9cc                cache_sector_invalidate
 .text.nitrofs_read_internal
                0x0200ba08       0x70 /opt/wonderful/thirdparty/blocksds/core/libs/libnds/lib/libnds9.a(nitrofs.c.o)
 .text.nitrofs_dir_state_init
                0x0200ba78       0x7c /opt/wonderful/thirdparty/blocksds/core/libs/libnds/lib/libnds9.a(nitrofs.c.o)
 .text.nitrofs_dir_state_next
                0x0200baf4       0xc0 /opt/wonderful/thirdparty/blocksds/core/libs/libnds/lib/libnds9.a(nitrofs.c.o)
 .text.nitrofs_dir_step
                0x0200bbb4       0xf4 /opt/wonderful/thirdparty/blocksds/core/libs/libnds/lib/libnds9.a(nitrofs.c.o)
 .text.nitrofs_use_for_path
                0x0200bca8       0x30 /opt/wonderful/thirdparty/blocksds/core/libs/libnds/lib/libnds9.a(nitrofs.c.o)
                0x0200bca8                nitrofs_use_for_path
 .text.nitrofs_path_resolve
                0x0200bcd8       0x68 /opt/wonderful/thirdparty/blocksds/core/libs/libnds/lib/libnds9.a(nitrofs.c.o)
                0x0200bcd8                nitrofs_path_resolve
 .text.nitrofs_chdir
                0x0200bd40       0x2c /opt/wonderful/thirdparty/blocksds/core/libs/libnds/lib/libnds9.a(nitrofs.c.o)
                0x0200bd40                nitrofs_chdir
 .text.nitrofs_read
                0x0200bd6c       0x30 /opt/wonderful/thirdparty/blocksds/core/libs/libnds/lib/libnds9.a(nitrofs.c.o)
                0x0200bd6c                nitrofs_read
 .text.nitrofs_lseek
                0x0200bd9c       0x54 /opt/wonderful/thirdparty/blocksds/core/libs/libnds/lib/libnds9.a(nitrofs.c.o)
                0x0200bd9c                nitrofs_lseek
 .text.nitrofs_close
                0x0200bdf0       0x10 /opt/wonderful/thirdparty/blocksds/core/libs/libnds/lib/libnds9.a(nitrofs.c.o)
                0x0200bdf0                nitrofs_close
 .text.nitrofs_open
                0x0200be00       0xac /opt/wonderful/thirdparty/blocksds/core/libs/libnds/lib/libnds9.a(nitrofs.c.o)
                0x0200be00                nitrofs_open
 .text.nitroFSInit
                0x0200beac      0x104 /opt/wonderful/thirdparty/blocksds/core/libs/libnds/lib/libnds9.a(nitrofs.c.o)
                0x0200beac                nitroFSInit
 .text.build_argv
                0x0200bfb0       0x58 /opt/wonderful/thirdparty/blocksds/core/libs/libnds/lib/libnds9.a(crt0_argv.c.o)
                0x0200bfb0                build_argv
 .text.chdir    0x0200c008      0x114 /opt/wonderful/thirdparty/blocksds/core/libs/libnds/lib/libnds9.a(chdir.c.o)
                0x0200c008                chdir
 .text.putc_buffered
                0x0200c11c       0x98 /opt/wonderful/thirdparty/blocksds/core/libs/libnds/lib/libnds9.a(iob.c.o)
 .text.stdout_putc_buffered
                0x0200c1b4       0x20 /opt/wonderful/thirdparty/blocksds/core/libs/libnds/lib/libnds9.a(iob.c.o)
 .text.stderr_putc_buffered
                0x0200c1d4       0x20 /opt/wonderful/thirdparty/blocksds/core/libs/libnds/lib/libnds9.a(iob.c.o)
 .text.stdin_getc_keyboard
                0x0200c1f4       0xe4 /opt/wonderful/thirdparty/blocksds/core/libs/libnds/lib/libnds9.a(iob.c.o)
 .text.dldi_arm7_write_sectors
                0x0200c2d8       0x64 /opt/wonderful/thirdparty/blocksds/core/libs/libnds/lib/libnds9.a(dldi.c.o)
                0x0200c2d8                dldi_arm7_write_sectors
 .text.dldi_arm7_is_inserted
                0x0200c33c       0x3c /opt/wonderful/thirdparty/blocksds/core/libs/libnds/lib/libnds9.a(dldi.c.o)
                0x0200c33c                dldi_arm7_is_inserted
 .text.dldi_arm7_clear_status
                0x0200c378       0x3c /opt/wonderful/thirdparty/blocksds/core/libs/libnds/lib/libnds9.a(dldi.c.o)
                0x0200c378                dldi_arm7_clear_status
 .text.dldi_arm7_shutdown
                0x0200c3b4       0x3c /opt/wonderful/thirdparty/blocksds/core/libs/libnds/lib/libnds9.a(dldi.c.o)
                0x0200c3b4                dldi_arm7_shutdown
 .text.dldi_arm7_startup
                0x0200c3f0       0x50 /opt/wonderful/thirdparty/blocksds/core/libs/libnds/lib/libnds9.a(dldi.c.o)
                0x0200c3f0                dldi_arm7_startup
 .text.dldi_arm7_read_sectors
                0x0200c440       0x64 /opt/wonderful/thirdparty/blocksds/core/libs/libnds/lib/libnds9.a(dldi.c.o)
                0x0200c440                dldi_arm7_read_sectors
 .text.dldiGetInternal
                0x0200c4a4       0xb0 /opt/wonderful/thirdparty/blocksds/core/libs/libnds/lib/libnds9.a(dldi.c.o)
                0x0200c4a4                dldiGetInternal
 .text.fifo_buffer_enqueue_block
                0x0200c554       0x44 /opt/wonderful/thirdparty/blocksds/core/libs/libnds/lib/libnds9.a(fifosystem.c.o)
 .text.fifo_buffer_wait_block
                0x0200c598       0x80 /opt/wonderful/thirdparty/blocksds/core/libs/libnds/lib/libnds9.a(fifosystem.c.o)
 .text.fifoInternalSend.part.0
                0x0200c618       0xcc /opt/wonderful/thirdparty/blocksds/core/libs/libnds/lib/libnds9.a(fifosystem.c.o)
 .text.fifoInternalSendInterrupt
                0x0200c6e4       0xb0 /opt/wonderful/thirdparty/blocksds/core/libs/libnds/lib/libnds9.a(fifosystem.c.o)
 .text.fifoSetValue32Handler
                0x0200c794       0xd4 /opt/wonderful/thirdparty/blocksds/core/libs/libnds/lib/libnds9.a(fifosystem.c.o)
                0x0200c794                fifoSetValue32Handler
 .text.fifoSendValue32
                0x0200c868       0x50 /opt/wonderful/thirdparty/blocksds/core/libs/libnds/lib/libnds9.a(fifosystem.c.o)
                0x0200c868                fifoSendValue32
 .text.fifoSendDatamsg
                0x0200c8b8       0x94 /opt/wonderful/thirdparty/blocksds/core/libs/libnds/lib/libnds9.a(fifosystem.c.o)
                0x0200c8b8                fifoSendDatamsg
 .text.fifoGetValue32
                0x0200c94c       0x70 /opt/wonderful/thirdparty/blocksds/core/libs/libnds/lib/libnds9.a(fifosystem.c.o)
                0x0200c94c                fifoGetValue32
 .text.fifoGetDatamsg
                0x0200c9bc       0xe8 /opt/wonderful/thirdparty/blocksds/core/libs/libnds/lib/libnds9.a(fifosystem.c.o)
                0x0200c9bc                fifoGetDatamsg
 .text.fifoInternalRecvInterrupt
                0x0200caa4      0x310 /opt/wonderful/thirdparty/blocksds/core/libs/libnds/lib/libnds9.a(fifosystem.c.o)
 .text.fifoSetDatamsgHandler
                0x0200cdb4       0x9c /opt/wonderful/thirdparty/blocksds/core/libs/libnds/lib/libnds9.a(fifosystem.c.o)
                0x0200cdb4                fifoSetDatamsgHandler
 .text.fifoCheckValue32
                0x0200ce50       0x24 /opt/wonderful/thirdparty/blocksds/core/libs/libnds/lib/libnds9.a(fifosystem.c.o)
                0x0200ce50                fifoCheckValue32
 .text.fifoInit
                0x0200ce74      0x114 /opt/wonderful/thirdparty/blocksds/core/libs/libnds/lib/libnds9.a(fifosystem.c.o)
                0x0200ce74                fifoInit
 .text.fifoMutexAcquire
                0x0200cf88       0x30 /opt/wonderful/thirdparty/blocksds/core/libs/libnds/lib/libnds9.a(fifosystem.c.o)
                0x0200cf88                fifoMutexAcquire
 .text.fifoMutexRelease
                0x0200cfb8       0x14 /opt/wonderful/thirdparty/blocksds/core/libs/libnds/lib/libnds9.a(fifosystem.c.o)
                0x0200cfb8                fifoMutexRelease
 .text.irqDummy
                0x0200cfcc        0x4 /opt/wonderful/thirdparty/blocksds/core/libs/libnds/lib/libnds9.a(interrupts.c.o)
                0x0200cfcc                irqDummy
 .text.irqSet   0x0200cfd0       0x78 /opt/wonderful/thirdparty/blocksds/core/libs/libnds/lib/libnds9.a(interrupts.c.o)
                0x0200cfd0                irqSet
 .text.irqInit  0x0200d048       0x50 /opt/wonderful/thirdparty/blocksds/core/libs/libnds/lib/libnds9.a(interrupts.c.o)
                0x0200d048                irqInit
 .text.irqEnable
                0x0200d098       0x64 /opt/wonderful/thirdparty/blocksds/core/libs/libnds/lib/libnds9.a(interrupts.c.o)
                0x0200d098                irqEnable
 .text.systemErrorExit
                0x0200d0fc        0x4 /opt/wonderful/thirdparty/blocksds/core/libs/libnds/lib/libnds9.a(libnds_exit.c.o)
                0x0200d0fc                systemErrorExit
 .text.__libnds_exit
                0x0200d100       0x78 /opt/wonderful/thirdparty/blocksds/core/libs/libnds/lib/libnds9.a(libnds_exit.c.o)
                0x0200d100                __libnds_exit
 .text.cardPolledTransfer
                0x0200d178       0x54 /opt/wonderful/thirdparty/blocksds/core/libs/libnds/lib/libnds9.a(card.c.o)
                0x0200d178                cardPolledTransfer
 .text.cardRead
                0x0200d1cc      0x120 /opt/wonderful/thirdparty/blocksds/core/libs/libnds/lib/libnds9.a(card.c.o)
                0x0200d1cc                cardRead
 .text.sbrk     0x0200d2ec       0x5c /opt/wonderful/thirdparty/blocksds/core/libs/libnds/lib/libnds9.a(sbrk.c.o)
                0x0200d2ec                sbrk
 .text.cothread_delete_internal
                0x0200d348       0x3c /opt/wonderful/thirdparty/blocksds/core/libs/libnds/lib/libnds9.a(threads.c.o)
 .text.cothread_main
                0x0200d384       0x10 /opt/wonderful/thirdparty/blocksds/core/libs/libnds/lib/libnds9.a(threads.c.o)
                0x0200d384                cothread_main
 .text.cothread_yield
                0x0200d394       0x14 /opt/wonderful/thirdparty/blocksds/core/libs/libnds/lib/libnds9.a(threads.c.o)
                0x0200d394                cothread_yield
 .text.cothread_yield_irq
                0x0200d3a8       0x18 /opt/wonderful/thirdparty/blocksds/core/libs/libnds/lib/libnds9.a(threads.c.o)
                0x0200d3a8                cothread_yield_irq
 .text.cothread_start
                0x0200d3c0       0xe8 /opt/wonderful/thirdparty/blocksds/core/libs/libnds/lib/libnds9.a(threads.c.o)
                0x0200d3c0                cothread_start
 .text.__ndsabi_coro_resume
                0x0200d4a8       0x18 /opt/wonderful/thirdparty/blocksds/core/libs/libnds/lib/libnds9.a(coroutine.s.o)
                0x0200d4a8                __ndsabi_coro_resume
 .text.__ndsabi_coro_yield
                0x0200d4c0       0x1c /opt/wonderful/thirdparty/blocksds/core/libs/libnds/lib/libnds9.a(coroutine.s.o)
                0x0200d4c0                __ndsabi_coro_yield
 .text.__ndsabi_coro_pop_noctx
                0x0200d4dc       0x34 /opt/wonderful/thirdparty/blocksds/core/libs/libnds/lib/libnds9.a(coroutine.s.o)
                0x0200d4dc                __ndsabi_coro_pop_noctx
 .text.__aeabi_read_tp
                0x0200d510        0xc /opt/wonderful/thirdparty/blocksds/core/libs/libnds/lib/libnds9.a(aeabi_read_tp.s.o)
                0x0200d510                __aeabi_read_tp
 .text.checkIfText
                0x0200d51c       0x5c /opt/wonderful/thirdparty/blocksds/core/libs/libnds/lib/libnds9.a(background.c.o)
                0x0200d51c                checkIfText
 .text.bgUpdate
                0x0200d578       0xf4 /opt/wonderful/thirdparty/blocksds/core/libs/libnds/lib/libnds9.a(background.c.o)
                0x0200d578                bgUpdate
 .text.bgInit_call
                0x0200d66c       0xac /opt/wonderful/thirdparty/blocksds/core/libs/libnds/lib/libnds9.a(background.c.o)
                0x0200d66c                bgInit_call
 .text.bgInitSub_call
                0x0200d718       0xb4 /opt/wonderful/thirdparty/blocksds/core/libs/libnds/lib/libnds9.a(background.c.o)
                0x0200d718                bgInitSub_call
 .text.systemValueHandler
                0x0200d7cc       0x44 /opt/wonderful/thirdparty/blocksds/core/libs/libnds/lib/libnds9.a(system.c.o)
                0x0200d7cc                systemValueHandler
 .text.systemMsgHandler
                0x0200d810       0x78 /opt/wonderful/thirdparty/blocksds/core/libs/libnds/lib/libnds9.a(system.c.o)
                0x0200d810                systemMsgHandler
 .text.powerOn  0x0200d888       0x2c /opt/wonderful/thirdparty/blocksds/core/libs/libnds/lib/libnds9.a(system.c.o)
                0x0200d888                powerOn
 .text.keyboardGetKey
                0x0200d8b4       0x5c /opt/wonderful/thirdparty/blocksds/core/libs/libnds/lib/libnds9.a(keyboard.c.o)
                0x0200d8b4                keyboardGetKey
 .text.keyboardShiftState
                0x0200d910       0x88 /opt/wonderful/thirdparty/blocksds/core/libs/libnds/lib/libnds9.a(keyboard.c.o)
                0x0200d910                keyboardShiftState
 .text.swapKeyGfx
                0x0200d998      0x164 /opt/wonderful/thirdparty/blocksds/core/libs/libnds/lib/libnds9.a(keyboard.c.o)
                0x0200d998                swapKeyGfx
 .text.keyboardUpdate
                0x0200dafc       0xf0 /opt/wonderful/thirdparty/blocksds/core/libs/libnds/lib/libnds9.a(keyboard.c.o)
                0x0200dafc                keyboardUpdate
 .text.keyboardShow
                0x0200dbec       0xd8 /opt/wonderful/thirdparty/blocksds/core/libs/libnds/lib/libnds9.a(keyboard.c.o)
                0x0200dbec                keyboardShow
 .text.keyboardHide
                0x0200dcc4       0x8c /opt/wonderful/thirdparty/blocksds/core/libs/libnds/lib/libnds9.a(keyboard.c.o)
                0x0200dcc4                keyboardHide
 .text.__ndsabi_coro_make_noctx
                0x0200dd50       0x24 /opt/wonderful/thirdparty/blocksds/core/libs/libnds/lib/libnds9.a(coroutine.c.o)
                0x0200dd50                __ndsabi_coro_make_noctx
 .text.touchRead
                0x0200dd74       0x3c /opt/wonderful/thirdparty/blocksds/core/libs/libnds/lib/libnds9.a(touch.c.o)
                0x0200dd74                touchRead
 .text.calloc   0x0200ddb0       0xb8 /opt/wonderful/toolchain/gcc-arm-none-eabi/lib/gcc/arm-none-eabi/13.2.0/../../../../arm-none-eabi/lib/libc.a(malloc-calloc.c.o)
                0x0200ddb0                calloc
 .text.malloc_trim
                0x0200de68       0xa0 /opt/wonderful/toolchain/gcc-arm-none-eabi/lib/gcc/arm-none-eabi/13.2.0/../../../../arm-none-eabi/lib/libc.a(malloc-free.c.o)
                0x0200de68                malloc_trim
 .text.free     0x0200df08      0x168 /opt/wonderful/toolchain/gcc-arm-none-eabi/lib/gcc/arm-none-eabi/13.2.0/../../../../arm-none-eabi/lib/libc.a(malloc-free.c.o)
                0x0200df08                __malloc_free
                0x0200df08                free
 .text.malloc   0x0200e070      0x434 /opt/wonderful/toolchain/gcc-arm-none-eabi/lib/gcc/arm-none-eabi/13.2.0/../../../../arm-none-eabi/lib/libc.a(malloc-malloc.c.o)
                0x0200e070                malloc
 .text.realloc  0x0200e4a4      0x360 /opt/wonderful/toolchain/gcc-arm-none-eabi/lib/gcc/arm-none-eabi/13.2.0/../../../../arm-none-eabi/lib/libc.a(malloc-realloc.c.o)
                0x0200e4a4                realloc
 .text.__libc_init_array
                0x0200e804       0x60 /opt/wonderful/toolchain/gcc-arm-none-eabi/lib/gcc/arm-none-eabi/13.2.0/../../../../arm-none-eabi/lib/libc.a(libc_misc_init.c.o)
                0x0200e804                __libc_init_array
 .text.__retarget_lock_init
                0x0200e864        0x2 /opt/wonderful/toolchain/gcc-arm-none-eabi/lib/gcc/arm-none-eabi/13.2.0/../../../../arm-none-eabi/lib/libc.a(libc_misc_lock.c.o)
                0x0200e864                __retarget_lock_init
 .text.__retarget_lock_close
                0x0200e866        0x2 /opt/wonderful/toolchain/gcc-arm-none-eabi/lib/gcc/arm-none-eabi/13.2.0/../../../../arm-none-eabi/lib/libc.a(libc_misc_lock.c.o)
                0x0200e866                __retarget_lock_close
 .text.__retarget_lock_acquire
                0x0200e868        0x2 /opt/wonderful/toolchain/gcc-arm-none-eabi/lib/gcc/arm-none-eabi/13.2.0/../../../../arm-none-eabi/lib/libc.a(libc_misc_lock.c.o)
                0x0200e868                __retarget_lock_acquire
 .text.__retarget_lock_acquire_recursive
                0x0200e86a        0x2 /opt/wonderful/toolchain/gcc-arm-none-eabi/lib/gcc/arm-none-eabi/13.2.0/../../../../arm-none-eabi/lib/libc.a(libc_misc_lock.c.o)
                0x0200e86a                __retarget_lock_acquire_recursive
 .text.__retarget_lock_release
                0x0200e86c        0x2 /opt/wonderful/toolchain/gcc-arm-none-eabi/lib/gcc/arm-none-eabi/13.2.0/../../../../arm-none-eabi/lib/libc.a(libc_misc_lock.c.o)
                0x0200e86c                __retarget_lock_release
 .text.__retarget_lock_release_recursive
                0x0200e86e        0x2 /opt/wonderful/toolchain/gcc-arm-none-eabi/lib/gcc/arm-none-eabi/13.2.0/../../../../arm-none-eabi/lib/libc.a(libc_misc_lock.c.o)
                0x0200e86e                __retarget_lock_release_recursive
 .text.exit     0x0200e870       0x20 /opt/wonderful/toolchain/gcc-arm-none-eabi/lib/gcc/arm-none-eabi/13.2.0/../../../../arm-none-eabi/lib/libc.a(libc_stdlib_pico-exit.c.o)
                0x0200e870                exit
 .text.memcmp   0x0200e890       0x20 /opt/wonderful/toolchain/gcc-arm-none-eabi/lib/gcc/arm-none-eabi/13.2.0/../../../../arm-none-eabi/lib/libc.a(libc_string_memcmp.c.o)
                0x0200e890                memcmp
 .text.strchr   0x0200e8b0       0x1e /opt/wonderful/toolchain/gcc-arm-none-eabi/lib/gcc/arm-none-eabi/13.2.0/../../../../arm-none-eabi/lib/libc.a(libc_string_strchr.c.o)
                0x0200e8b0                strchr
 .text.strdup   0x0200e8ce       0x24 /opt/wonderful/toolchain/gcc-arm-none-eabi/lib/gcc/arm-none-eabi/13.2.0/../../../../arm-none-eabi/lib/libc.a(libc_string_strdup.c.o)
                0x0200e8ce                strdup
 .text.strncmp  0x0200e8f2       0x26 /opt/wonderful/toolchain/gcc-arm-none-eabi/lib/gcc/arm-none-eabi/13.2.0/../../../../arm-none-eabi/lib/libc.a(libc_string_strncmp.c.o)
                0x0200e8f2                strncmp
 .text.strstr   0x0200e918       0x30 /opt/wonderful/toolchain/gcc-arm-none-eabi/lib/gcc/arm-none-eabi/13.2.0/../../../../arm-none-eabi/lib/libc.a(libc_string_strstr.c.o)
                0x0200e918                strstr
 .text.localtime
                0x0200e948       0x1c /opt/wonderful/toolchain/gcc-arm-none-eabi/lib/gcc/arm-none-eabi/13.2.0/../../../../arm-none-eabi/lib/libc.a(libc_time_lcltime.c.o)
                0x0200e948                localtime
 .text.localtime_r
                0x0200e964      0x1fc /opt/wonderful/toolchain/gcc-arm-none-eabi/lib/gcc/arm-none-eabi/13.2.0/../../../../arm-none-eabi/lib/libc.a(libc_time_lcltime_r.c.o)
                0x0200e964                localtime_r
 .text.time     0x0200eb60       0x2e /opt/wonderful/toolchain/gcc-arm-none-eabi/lib/gcc/arm-none-eabi/13.2.0/../../../../arm-none-eabi/lib/libc.a(libc_time_time.c.o)
                0x0200eb60                time
 *fill*         0x0200eb8e        0x2 ff
 .text.__tzcalc_limits
                0x0200eb90      0x180 /opt/wonderful/toolchain/gcc-arm-none-eabi/lib/gcc/arm-none-eabi/13.2.0/../../../../arm-none-eabi/lib/libc.a(libc_time_tzcalc_limits.c.o)
                0x0200eb90                __tzcalc_limits
 .text._tzset_unlocked
                0x0200ed10      0x43c /opt/wonderful/toolchain/gcc-arm-none-eabi/lib/gcc/arm-none-eabi/13.2.0/../../../../arm-none-eabi/lib/libc.a(libc_time_tzset.c.o)
                0x0200ed10                _tzset_unlocked
 .text.fclose   0x0200f14c       0x20 /opt/wonderful/toolchain/gcc-arm-none-eabi/lib/gcc/arm-none-eabi/13.2.0/../../../../arm-none-eabi/lib/libc.a(libc_tinystdio_fclose.c.o)
                0x0200f14c                fclose
 .text.fflush   0x0200f16c       0x1a /opt/wonderful/toolchain/gcc-arm-none-eabi/lib/gcc/arm-none-eabi/13.2.0/../../../../arm-none-eabi/lib/libc.a(libc_tinystdio_fflush.c.o)
                0x0200f16c                fflush
 .text.fread    0x0200f186       0x8c /opt/wonderful/toolchain/gcc-arm-none-eabi/lib/gcc/arm-none-eabi/13.2.0/../../../../arm-none-eabi/lib/libc.a(libc_tinystdio_fread.c.o)
                0x0200f186                fread
 *fill*         0x0200f212        0x2 ff
 .text.fseek    0x0200f214       0x48 /opt/wonderful/toolchain/gcc-arm-none-eabi/lib/gcc/arm-none-eabi/13.2.0/../../../../arm-none-eabi/lib/libc.a(libc_tinystdio_fseek.c.o)
                0x0200f214                fseek
 .text.ftell    0x0200f25c       0x34 /opt/wonderful/toolchain/gcc-arm-none-eabi/lib/gcc/arm-none-eabi/13.2.0/../../../../arm-none-eabi/lib/libc.a(libc_tinystdio_ftell.c.o)
                0x0200f25c                ftell
 .text.printf   0x0200f290       0x20 /opt/wonderful/toolchain/gcc-arm-none-eabi/lib/gcc/arm-none-eabi/13.2.0/../../../../arm-none-eabi/lib/libc.a(libc_tinystdio_printf.c.o)
                0x0200f290                printf
 .text.puts     0x0200f2b0       0x4c /opt/wonderful/toolchain/gcc-arm-none-eabi/lib/gcc/arm-none-eabi/13.2.0/../../../../arm-none-eabi/lib/libc.a(libc_tinystdio_puts.c.o)
                0x0200f2b0                puts
 .text.rewind   0x0200f2fc       0x1a /opt/wonderful/toolchain/gcc-arm-none-eabi/lib/gcc/arm-none-eabi/13.2.0/../../../../arm-none-eabi/lib/libc.a(libc_tinystdio_rewind.c.o)
                0x0200f2fc                rewind
 .text.setvbuf  0x0200f316       0x20 /opt/wonderful/toolchain/gcc-arm-none-eabi/lib/gcc/arm-none-eabi/13.2.0/../../../../arm-none-eabi/lib/libc.a(libc_tinystdio_setvbuf.c.o)
                0x0200f316                setvbuf
 *fill*         0x0200f336        0x2 ff
 .text.snprintf
                0x0200f338       0x5c /opt/wonderful/toolchain/gcc-arm-none-eabi/lib/gcc/arm-none-eabi/13.2.0/../../../../arm-none-eabi/lib/libc.a(libc_tinystdio_snprintf.c.o)
                0x0200f338                snprintf
 .text.sscanf   0x0200f394       0x3c /opt/wonderful/toolchain/gcc-arm-none-eabi/lib/gcc/arm-none-eabi/13.2.0/../../../../arm-none-eabi/lib/libc.a(libc_tinystdio_sscanf.c.o)
                0x0200f394                sscanf
 .text.strtoul  0x0200f3d0      0x128 /opt/wonderful/toolchain/gcc-arm-none-eabi/lib/gcc/arm-none-eabi/13.2.0/../../../../arm-none-eabi/lib/libc.a(libc_tinystdio_strtoul.c.o)
                0x0200f3d0                strtoul
 .text.__ultoa_invert
                0x0200f4f8       0x56 /opt/wonderful/toolchain/gcc-arm-none-eabi/lib/gcc/arm-none-eabi/13.2.0/../../../../arm-none-eabi/lib/libc.a(libc_tinystdio_vfprintf.c.o)
 *fill*         0x0200f54e        0x2 ff
 .text.skip_to_arg
                0x0200f550      0x140 /opt/wonderful/toolchain/gcc-arm-none-eabi/lib/gcc/arm-none-eabi/13.2.0/../../../../arm-none-eabi/lib/libc.a(libc_tinystdio_vfprintf.c.o)
 .text.vfprintf
                0x0200f690      0xa24 /opt/wonderful/toolchain/gcc-arm-none-eabi/lib/gcc/arm-none-eabi/13.2.0/../../../../arm-none-eabi/lib/libc.a(libc_tinystdio_vfprintf.c.o)
                0x0200f690                __d_vfprintf
                0x0200f690                vfprintf
 .text.scanf_getc
                0x020100b4       0x18 /opt/wonderful/toolchain/gcc-arm-none-eabi/lib/gcc/arm-none-eabi/13.2.0/../../../../arm-none-eabi/lib/libc.a(libc_tinystdio_vfscanf.c.o)
 .text.putval   0x020100cc       0x2e /opt/wonderful/toolchain/gcc-arm-none-eabi/lib/gcc/arm-none-eabi/13.2.0/../../../../arm-none-eabi/lib/libc.a(libc_tinystdio_vfscanf.c.o)
 .text.scanf_ungetc.isra.0
                0x020100fa       0x18 /opt/wonderful/toolchain/gcc-arm-none-eabi/lib/gcc/arm-none-eabi/13.2.0/../../../../arm-none-eabi/lib/libc.a(libc_tinystdio_vfscanf.c.o)
 .text.skip_spaces
                0x02010112       0x2e /opt/wonderful/toolchain/gcc-arm-none-eabi/lib/gcc/arm-none-eabi/13.2.0/../../../../arm-none-eabi/lib/libc.a(libc_tinystdio_vfscanf.c.o)
 .text.vfscanf  0x02010140      0x97c /opt/wonderful/toolchain/gcc-arm-none-eabi/lib/gcc/arm-none-eabi/13.2.0/../../../../arm-none-eabi/lib/libc.a(libc_tinystdio_vfscanf.c.o)
                0x02010140                __d_vfscanf
                0x02010140                vfscanf
 .text.mulShiftAll64
                0x02010abc      0x1ea /opt/wonderful/toolchain/gcc-arm-none-eabi/lib/gcc/arm-none-eabi/13.2.0/../../../../arm-none-eabi/lib/libc.a(libc_tinystdio_dtoa_ryu.c.o)
 *fill*         0x02010ca6        0x2 ff
 .text.div10    0x02010ca8       0x28 /opt/wonderful/toolchain/gcc-arm-none-eabi/lib/gcc/arm-none-eabi/13.2.0/../../../../arm-none-eabi/lib/libc.a(libc_tinystdio_dtoa_ryu.c.o)
 .text.__dtoa_engine
                0x02010cd0      0x494 /opt/wonderful/toolchain/gcc-arm-none-eabi/lib/gcc/arm-none-eabi/13.2.0/../../../../arm-none-eabi/lib/libc.a(libc_tinystdio_dtoa_ryu.c.o)
                0x02010cd0                __dtoa_engine
 .text.__pow5Factor
                0x02011164       0x30 /opt/wonderful/toolchain/gcc-arm-none-eabi/lib/gcc/arm-none-eabi/13.2.0/../../../../arm-none-eabi/lib/libc.a(libc_tinystdio_ryu_table.c.o)
                0x02011164                __pow5Factor
 .text.__double_computePow5
                0x02011194      0x100 /opt/wonderful/toolchain/gcc-arm-none-eabi/lib/gcc/arm-none-eabi/13.2.0/../../../../arm-none-eabi/lib/libc.a(libc_tinystdio_ryu_table.c.o)
                0x02011194                __double_computePow5
 .text.__double_computeInvPow5
                0x02011294      0x104 /opt/wonderful/toolchain/gcc-arm-none-eabi/lib/gcc/arm-none-eabi/13.2.0/../../../../arm-none-eabi/lib/libc.a(libc_tinystdio_ryu_table.c.o)
                0x02011294                __double_computeInvPow5
 .text.mulShift64
                0x02011398       0x68 /opt/wonderful/toolchain/gcc-arm-none-eabi/lib/gcc/arm-none-eabi/13.2.0/../../../../arm-none-eabi/lib/libc.a(libc_tinystdio_atod_ryu.c.o)
 .text.__atod_engine
                0x02011400      0x164 /opt/wonderful/toolchain/gcc-arm-none-eabi/lib/gcc/arm-none-eabi/13.2.0/../../../../arm-none-eabi/lib/libc.a(libc_tinystdio_atod_ryu.c.o)
                0x02011400                __atod_engine
 .text.__atof_engine
                0x02011564      0x122 /opt/wonderful/toolchain/gcc-arm-none-eabi/lib/gcc/arm-none-eabi/13.2.0/../../../../arm-none-eabi/lib/libc.a(libc_tinystdio_atof_ryu.c.o)
                0x02011564                __atof_engine
 *fill*         0x02011686        0x2 ff
 .text.__log2pow5
                0x02011688        0xc /opt/wonderful/toolchain/gcc-arm-none-eabi/lib/gcc/arm-none-eabi/13.2.0/../../../../arm-none-eabi/lib/libc.a(libc_tinystdio_ryu_log2pow5.c.o)
                0x02011688                __log2pow5
 .text.__ceil_log2pow5
                0x02011694       0x10 /opt/wonderful/toolchain/gcc-arm-none-eabi/lib/gcc/arm-none-eabi/13.2.0/../../../../arm-none-eabi/lib/libc.a(libc_tinystdio_ryu_log2pow5.c.o)
                0x02011694                __ceil_log2pow5
 .text.__log10Pow2
                0x020116a4        0xc /opt/wonderful/toolchain/gcc-arm-none-eabi/lib/gcc/arm-none-eabi/13.2.0/../../../../arm-none-eabi/lib/libc.a(libc_tinystdio_ryu_log10.c.o)
                0x020116a4                __log10Pow2
 .text.__log10Pow5
                0x020116b0        0xc /opt/wonderful/toolchain/gcc-arm-none-eabi/lib/gcc/arm-none-eabi/13.2.0/../../../../arm-none-eabi/lib/libc.a(libc_tinystdio_ryu_log10.c.o)
                0x020116b0                __log10Pow5
 .text.__pow5bits
                0x020116bc       0x10 /opt/wonderful/toolchain/gcc-arm-none-eabi/lib/gcc/arm-none-eabi/13.2.0/../../../../arm-none-eabi/lib/libc.a(libc_tinystdio_ryu_pow5bits.c.o)
                0x020116bc                __pow5bits
 .text.__umul128
                0x020116cc       0x74 /opt/wonderful/toolchain/gcc-arm-none-eabi/lib/gcc/arm-none-eabi/13.2.0/../../../../arm-none-eabi/lib/libc.a(libc_tinystdio_ryu_umul128.c.o)
                0x020116cc                __umul128
 .text.__shiftright128
                0x02011740       0x2c /opt/wonderful/toolchain/gcc-arm-none-eabi/lib/gcc/arm-none-eabi/13.2.0/../../../../arm-none-eabi/lib/libc.a(libc_tinystdio_ryu_umul128.c.o)
                0x02011740                __shiftright128
 .text.mulShift32
                0x0201176c       0x4e /opt/wonderful/toolchain/gcc-arm-none-eabi/lib/gcc/arm-none-eabi/13.2.0/../../../../arm-none-eabi/lib/libc.a(libc_tinystdio_ryu_divpow2.c.o)
 .text.__mulPow5InvDivPow2
                0x020117ba       0x2c /opt/wonderful/toolchain/gcc-arm-none-eabi/lib/gcc/arm-none-eabi/13.2.0/../../../../arm-none-eabi/lib/libc.a(libc_tinystdio_ryu_divpow2.c.o)
                0x020117ba                __mulPow5InvDivPow2
 .text.__mulPow5divPow2
                0x020117e6       0x24 /opt/wonderful/toolchain/gcc-arm-none-eabi/lib/gcc/arm-none-eabi/13.2.0/../../../../arm-none-eabi/lib/libc.a(libc_tinystdio_ryu_divpow2.c.o)
                0x020117e6                __mulPow5divPow2
 .text.__picolibc_non_atomic_exchange_ungetc
                0x0201180a        0x8 /opt/wonderful/toolchain/gcc-arm-none-eabi/lib/gcc/arm-none-eabi/13.2.0/../../../../arm-none-eabi/lib/libc.a(libc_tinystdio_exchange.c.o)
                0x0201180a                __atomic_exchange_ungetc
                0x0201180a                __picolibc_non_atomic_exchange_ungetc
 .text.fopen    0x02011812       0x32 /opt/wonderful/toolchain/gcc-arm-none-eabi/lib/gcc/arm-none-eabi/13.2.0/../../../../arm-none-eabi/lib/libc.a(libc_tinystdio_fopen.c.o)
                0x02011812                fopen
 .text.fdopen   0x02011844       0xbc /opt/wonderful/toolchain/gcc-arm-none-eabi/lib/gcc/arm-none-eabi/13.2.0/../../../../arm-none-eabi/lib/libc.a(libc_tinystdio_fdopen.c.o)
                0x02011844                fdopen
 .text.memmove  0x02011900       0x28 /opt/wonderful/toolchain/gcc-arm-none-eabi/lib/gcc/arm-none-eabi/13.2.0/../../../../arm-none-eabi/lib/libc.a(memmove.c.o)
                0x02011900                memmove
                0x02011900                __aeabi_memmove8
                0x02011900                __aeabi_memmove
                0x02011900                __aeabi_memmove4
 .text.__libc_fini_array
                0x02011928       0x3c /opt/wonderful/toolchain/gcc-arm-none-eabi/lib/gcc/arm-none-eabi/13.2.0/../../../../arm-none-eabi/lib/libc.a(libc_misc_fini.c.o)
                0x02011928                __libc_fini_array
 .text.getenv   0x02011964        0xe /opt/wonderful/toolchain/gcc-arm-none-eabi/lib/gcc/arm-none-eabi/13.2.0/../../../../arm-none-eabi/lib/libc.a(libc_stdlib_getenv.c.o)
                0x02011964                getenv
 *fill*         0x02011972        0x2 ff
 .text._findenv
                0x02011974       0x80 /opt/wonderful/toolchain/gcc-arm-none-eabi/lib/gcc/arm-none-eabi/13.2.0/../../../../arm-none-eabi/lib/libc.a(libc_stdlib_getenv_r.c.o)
                0x02011974                _findenv
 .text.strnlen  0x020119f4       0x16 /opt/wonderful/toolchain/gcc-arm-none-eabi/lib/gcc/arm-none-eabi/13.2.0/../../../../arm-none-eabi/lib/libc.a(libc_string_strnlen.c.o)
                0x020119f4                strnlen
 *fill*         0x02011a0a        0x2 ff
 .text.__gettzinfo
                0x02011a0c        0x8 /opt/wonderful/toolchain/gcc-arm-none-eabi/lib/gcc/arm-none-eabi/13.2.0/../../../../arm-none-eabi/lib/libc.a(libc_time_gettzinfo.c.o)
                0x02011a0c                __gettzinfo
 .text.gmtime_r
                0x02011a14      0x1ac /opt/wonderful/toolchain/gcc-arm-none-eabi/lib/gcc/arm-none-eabi/13.2.0/../../../../arm-none-eabi/lib/libc.a(libc_time_gmtime_r.c.o)
                0x02011a14                gmtime_r
 .text.__bufio_flush_locked
                0x02011bc0       0x70 /opt/wonderful/toolchain/gcc-arm-none-eabi/lib/gcc/arm-none-eabi/13.2.0/../../../../arm-none-eabi/lib/libc.a(libc_tinystdio_bufio.c.o)
 .text.__bufio_lock
                0x02011c30        0xe /opt/wonderful/toolchain/gcc-arm-none-eabi/lib/gcc/arm-none-eabi/13.2.0/../../../../arm-none-eabi/lib/libc.a(libc_tinystdio_bufio.c.o)
 .text.__bufio_unlock
                0x02011c3e        0xe /opt/wonderful/toolchain/gcc-arm-none-eabi/lib/gcc/arm-none-eabi/13.2.0/../../../../arm-none-eabi/lib/libc.a(libc_tinystdio_bufio.c.o)
 .text.__bufio_flush
                0x02011c4c       0x1e /opt/wonderful/toolchain/gcc-arm-none-eabi/lib/gcc/arm-none-eabi/13.2.0/../../../../arm-none-eabi/lib/libc.a(libc_tinystdio_bufio.c.o)
                0x02011c4c                __bufio_flush
 .text.__bufio_put
                0x02011c6a       0x68 /opt/wonderful/toolchain/gcc-arm-none-eabi/lib/gcc/arm-none-eabi/13.2.0/../../../../arm-none-eabi/lib/libc.a(libc_tinystdio_bufio.c.o)
                0x02011c6a                __bufio_put
 .text.__bufio_write
                0x02011cd2       0x76 /opt/wonderful/toolchain/gcc-arm-none-eabi/lib/gcc/arm-none-eabi/13.2.0/../../../../arm-none-eabi/lib/libc.a(libc_tinystdio_bufio.c.o)
                0x02011cd2                __bufio_write
 .text.__bufio_get
                0x02011d48       0x98 /opt/wonderful/toolchain/gcc-arm-none-eabi/lib/gcc/arm-none-eabi/13.2.0/../../../../arm-none-eabi/lib/libc.a(libc_tinystdio_bufio.c.o)
                0x02011d48                __bufio_get
 .text.__bufio_read
                0x02011de0      0x100 /opt/wonderful/toolchain/gcc-arm-none-eabi/lib/gcc/arm-none-eabi/13.2.0/../../../../arm-none-eabi/lib/libc.a(libc_tinystdio_bufio.c.o)
                0x02011de0                __bufio_read
 .text.__bufio_seek
                0x02011ee0       0x60 /opt/wonderful/toolchain/gcc-arm-none-eabi/lib/gcc/arm-none-eabi/13.2.0/../../../../arm-none-eabi/lib/libc.a(libc_tinystdio_bufio.c.o)
                0x02011ee0                __bufio_seek
 .text.__bufio_setvbuf
                0x02011f40       0x8c /opt/wonderful/toolchain/gcc-arm-none-eabi/lib/gcc/arm-none-eabi/13.2.0/../../../../arm-none-eabi/lib/libc.a(libc_tinystdio_bufio.c.o)
                0x02011f40                __bufio_setvbuf
 .text.__bufio_close
                0x02011fcc       0x48 /opt/wonderful/toolchain/gcc-arm-none-eabi/lib/gcc/arm-none-eabi/13.2.0/../../../../arm-none-eabi/lib/libc.a(libc_tinystdio_bufio.c.o)
                0x02011fcc                __bufio_close
 .text.__dtox_engine
                0x02012014      0x140 /opt/wonderful/toolchain/gcc-arm-none-eabi/lib/gcc/arm-none-eabi/13.2.0/../../../../arm-none-eabi/lib/libc.a(libc_tinystdio_dtox_engine.c.o)
                0x02012014                __dtox_engine
 .text.fgetc    0x02012154       0x48 /opt/wonderful/toolchain/gcc-arm-none-eabi/lib/gcc/arm-none-eabi/13.2.0/../../../../arm-none-eabi/lib/libc.a(libc_tinystdio_fgetc.c.o)
                0x02012154                getc
                0x02012154                fgetc
 .text.__file_str_get
                0x0201219c       0x16 /opt/wonderful/toolchain/gcc-arm-none-eabi/lib/gcc/arm-none-eabi/13.2.0/../../../../arm-none-eabi/lib/libc.a(libc_tinystdio_filestrget.c.o)
                0x0201219c                __file_str_get
 .text.__file_str_put
                0x020121b2       0x10 /opt/wonderful/toolchain/gcc-arm-none-eabi/lib/gcc/arm-none-eabi/13.2.0/../../../../arm-none-eabi/lib/libc.a(libc_tinystdio_filestrput.c.o)
                0x020121b2                __file_str_put
 *fill*         0x020121c2        0x2 ff
 .text.fseeko   0x020121c4       0x48 /opt/wonderful/toolchain/gcc-arm-none-eabi/lib/gcc/arm-none-eabi/13.2.0/../../../../arm-none-eabi/lib/libc.a(libc_tinystdio_fseeko.c.o)
                0x020121c4                fseeko
 .text.__posix_sflags
                0x0201220c       0x5c /opt/wonderful/toolchain/gcc-arm-none-eabi/lib/gcc/arm-none-eabi/13.2.0/../../../../arm-none-eabi/lib/libc.a(libc_tinystdio_sflags.c.o)
                0x0201220c                __posix_sflags
 .text.ungetc   0x02012268       0x3a /opt/wonderful/toolchain/gcc-arm-none-eabi/lib/gcc/arm-none-eabi/13.2.0/../../../../arm-none-eabi/lib/libc.a(libc_tinystdio_ungetc.c.o)
                0x02012268                ungetc
 .text.__picolibc_non_atomic_compare_exchange_ungetc
                0x020122a2       0x16 /opt/wonderful/toolchain/gcc-arm-none-eabi/lib/gcc/arm-none-eabi/13.2.0/../../../../arm-none-eabi/lib/libc.a(libc_tinystdio_compare_exchange.c.o)
                0x020122a2                __picolibc_non_atomic_compare_exchange_ungetc
                0x020122a2                __atomic_compare_exchange_ungetc
 .text._exit    0x020122b8        0x8 /opt/wonderful/thirdparty/blocksds/core/libs/libnds/lib/libnds9.a(syscalls.c.o)
                0x020122b8                _exit
 .text.gettimeofday
                0x020122c0       0x1c /opt/wonderful/thirdparty/blocksds/core/libs/libnds/lib/libnds9.a(syscalls.c.o)
                0x020122c0                gettimeofday
 *fill*         0x020122dc        0x4 ff
 .text.gettimeofday.__stub
                0x020122e0       0xec linker stubs
 *(EXCLUDE_FILE(*.twl*) .gnu.warning)
 *(EXCLUDE_FILE(*.twl*) .gnu.linkonce.t*)
 *(.glue_7)
 .glue_7        0x020123e8        0x0 linker stubs
 *(.glue_7t)
 .glue_7t       0x020123e8        0x0 linker stubs
                0x020123e8                        . = ALIGN (0x4)

.vfp11_veneer   0x020123e8        0x0
 .vfp11_veneer  0x020123e8        0x0 linker stubs

.v4_bx          0x020123e8        0x0
 .v4_bx         0x020123e8        0x0 linker stubs

.iplt           0x020123e8        0x0
 .iplt          0x020123e8        0x0 build/source/main.c.o

.fini
 *(.fini)
                0x020123e8                        __text_end = .

.rodata         0x020123e8     0x15a4
 *(EXCLUDE_FILE(*.twl*) .rodata)
 .rodata        0x020123e8       0x90 /opt/wonderful/thirdparty/blocksds/external/nflib/lib/libnflib.a(nf_sprite256.c.o)
 .rodata        0x02012478       0x14 /opt/wonderful/thirdparty/blocksds/core/libs/libnds/lib/libnds9.a(fatfs.c.o)
 .rodata        0x0201248c       0x18 /opt/wonderful/toolchain/gcc-arm-none-eabi/lib/gcc/arm-none-eabi/13.2.0/../../../../arm-none-eabi/lib/libc.a(libc_time_month_lengths.c.o)
                0x0201248c                __month_lengths
 .rodata        0x020124a4        0xb /opt/wonderful/toolchain/gcc-arm-none-eabi/lib/gcc/arm-none-eabi/13.2.0/../../../../arm-none-eabi/lib/libc.a(libc_tinystdio_vfscanf.c.o)
 *fill*         0x020124af        0x1 ff
 .rodata        0x020124b0      0x338 /opt/wonderful/toolchain/gcc-arm-none-eabi/lib/gcc/arm-none-eabi/13.2.0/../../../../arm-none-eabi/lib/libc.a(libc_tinystdio_ryu_table.c.o)
 *all.rodata*(*)
 *(EXCLUDE_FILE(*.twl*) .roda)
 *(EXCLUDE_FILE(*.twl*) .rodata.*)
 .rodata.main.str1.4
                0x020127e8      0x797 build/source/main.c.o
                                 0x58 (size before relaxing)
 .rodata.NF_Error.str1.4
                0x02012f7f      0x3d0 /opt/wonderful/thirdparty/blocksds/external/nflib/lib/libnflib.a(nf_basic.c.o)
 *fill*         0x02012f7f        0x1 ff
 .rodata.NF_Error
                0x02012f80       0x50 /opt/wonderful/thirdparty/blocksds/external/nflib/lib/libnflib.a(nf_basic.c.o)
 .rodata.NF_SetRootFolder.str1.4
                0x02012fd0      0x25a /opt/wonderful/thirdparty/blocksds/external/nflib/lib/libnflib.a(nf_basic.c.o)
 .rodata.NF_FileLoad.str1.4
                0x02012fd0        0x3 /opt/wonderful/thirdparty/blocksds/external/nflib/lib/libnflib.a(nf_basic.c.o)
 .rodata.NF_LoadSpriteGfx.str1.4
                0x02012fd0       0x1a /opt/wonderful/thirdparty/blocksds/external/nflib/lib/libnflib.a(nf_sprite256.c.o)
 .rodata.NF_LoadSpritePal.str1.4
                0x02012fd0       0x1a /opt/wonderful/thirdparty/blocksds/external/nflib/lib/libnflib.a(nf_sprite256.c.o)
 .rodata.NF_VramSpriteGfx.str1.4
                0x02012fd0       0x20 /opt/wonderful/thirdparty/blocksds/external/nflib/lib/libnflib.a(nf_sprite256.c.o)
 .rodata.NF_VramSpritePal.str1.4
                0x02012fd0       0x14 /opt/wonderful/thirdparty/blocksds/external/nflib/lib/libnflib.a(nf_sprite256.c.o)
 .rodata.NF_CreateSprite.str1.4
                0x02012fd0       0x18 /opt/wonderful/thirdparty/blocksds/external/nflib/lib/libnflib.a(nf_sprite256.c.o)
 .rodata.NF_InitTiledBgBuffers.str1.4
                0x02012fd0        0xd /opt/wonderful/thirdparty/blocksds/external/nflib/lib/libnflib.a(nf_tiledbg.c.o)
 .rodata.NF_LoadTiledBg.str1.4
                0x02012fd0       0x37 /opt/wonderful/thirdparty/blocksds/external/nflib/lib/libnflib.a(nf_tiledbg.c.o)
 .rodata.NF_DeleteTiledBg.str1.4
                0x02012fd0        0x3 /opt/wonderful/thirdparty/blocksds/external/nflib/lib/libnflib.a(nf_tiledbg.c.o)
 .rodata.con_write.str1.4
                0x02012fd0       0x30 /opt/wonderful/thirdparty/blocksds/core/libs/libnds/lib/libnds9.a(console.c.o)
 .rodata.con_write
                0x02012fd0       0xd4 /opt/wonderful/thirdparty/blocksds/core/libs/libnds/lib/libnds9.a(console.c.o)
 .rodata.SIN_LUT
                0x020130a4      0x102 /opt/wonderful/thirdparty/blocksds/core/libs/libnds/lib/libnds9.a(trig.c.o)
                0x020130a4                SIN_LUT
 *fill*         0x020131a6        0x2 ff
 .rodata.CSWTCH.24
                0x020131a8        0xc /opt/wonderful/thirdparty/blocksds/core/libs/libnds/lib/libnds9.a(filesystem.c.o)
 .rodata.fatGetDefaultCwd.str1.4
                0x020131b4        0xd /opt/wonderful/thirdparty/blocksds/core/libs/libnds/lib/libnds9.a(fatfs.c.o)
 .rodata.get_ldnumber.str1.4
                0x020131b4        0x7 /opt/wonderful/thirdparty/blocksds/core/libs/libnds/lib/libnds9.a(ff.c.o)
 .rodata.follow_path.str1.4
                0x020131b4       0x13 /opt/wonderful/thirdparty/blocksds/core/libs/libnds/lib/libnds9.a(ff.c.o)
 .rodata.check_fs.str1.4
                0x020131b4        0x9 /opt/wonderful/thirdparty/blocksds/core/libs/libnds/lib/libnds9.a(ff.c.o)
 .rodata.ExCvt  0x020131b4       0x80 /opt/wonderful/thirdparty/blocksds/core/libs/libnds/lib/libnds9.a(ff.c.o)
 .rodata.LfnOfs
                0x02013234        0xd /opt/wonderful/thirdparty/blocksds/core/libs/libnds/lib/libnds9.a(ff.c.o)
 *fill*         0x02013241        0x3 ff
 .rodata.ff_wtoupper
                0x02013244       0x24 /opt/wonderful/thirdparty/blocksds/core/libs/libnds/lib/libnds9.a(ffunicode.c.o)
 .rodata.cvt2.0
                0x02013268       0xbc /opt/wonderful/thirdparty/blocksds/core/libs/libnds/lib/libnds9.a(ffunicode.c.o)
 .rodata.cvt1.1
                0x02013324      0x1f2 /opt/wonderful/thirdparty/blocksds/core/libs/libnds/lib/libnds9.a(ffunicode.c.o)
 *fill*         0x02013516        0x2 ff
 .rodata.uc437  0x02013518      0x100 /opt/wonderful/thirdparty/blocksds/core/libs/libnds/lib/libnds9.a(ffunicode.c.o)
 .rodata.nitrofs_use_for_path.str1.4
                0x02013618        0xc /opt/wonderful/thirdparty/blocksds/core/libs/libnds/lib/libnds9.a(nitrofs.c.o)
 .rodata.nitroFSInit.str1.4
                0x02013618        0x2 /opt/wonderful/thirdparty/blocksds/core/libs/libnds/lib/libnds9.a(nitrofs.c.o)
 .rodata.chdir.str1.4
                0x02013618        0xb /opt/wonderful/thirdparty/blocksds/core/libs/libnds/lib/libnds9.a(chdir.c.o)
 .rodata.stderr
                0x02013618        0x4 /opt/wonderful/thirdparty/blocksds/core/libs/libnds/lib/libnds9.a(iob.c.o)
                0x02013618                stderr
 .rodata.stdout
                0x0201361c        0x4 /opt/wonderful/thirdparty/blocksds/core/libs/libnds/lib/libnds9.a(iob.c.o)
                0x0201361c                stdout
 .rodata.stdin  0x02013620        0x4 /opt/wonderful/thirdparty/blocksds/core/libs/libnds/lib/libnds9.a(iob.c.o)
                0x02013620                stdin
 .rodata.default_font_bin
                0x02013624      0x2f8 /opt/wonderful/thirdparty/blocksds/core/libs/libnds/lib/libnds9.a(default_font.bin.o)
                0x02013624                default_font_bin
 .rodata.str1.1
                0x0201391c       0x70 /opt/wonderful/toolchain/gcc-arm-none-eabi/lib/gcc/arm-none-eabi/13.2.0/../../../../arm-none-eabi/lib/libc.a(libc_time_tzset.c.o)
                                 0x61 (size before relaxing)
 .rodata.str1.1
                0x0201398c        0x4 /opt/wonderful/toolchain/gcc-arm-none-eabi/lib/gcc/arm-none-eabi/13.2.0/../../../../arm-none-eabi/lib/libc.a(libc_time_tzvars.c.o)
 .rodata.str1.1
                0x0201398c        0xf /opt/wonderful/toolchain/gcc-arm-none-eabi/lib/gcc/arm-none-eabi/13.2.0/../../../../arm-none-eabi/lib/libc.a(libc_tinystdio_vfprintf.c.o)
 .rodata.str1.1
                0x0201398c       0x13 /opt/wonderful/toolchain/gcc-arm-none-eabi/lib/gcc/arm-none-eabi/13.2.0/../../../../arm-none-eabi/lib/libc.a(libc_tinystdio_vfscanf.c.o)
 *(EXCLUDE_FILE(*.twl*) .gnu.linkonce.r*)
                0x020139a0                        . = ALIGN (0x4)

.ARM.extab
 *(.ARM.extab* .gnu.linkonce.armextab.*)
                0x0201398c                        __exidx_start = .

ARM.exidx       0x0201398c        0x8
 *(.ARM.exidx* .gnu.linkonce.armexidx.*)
 .ARM.exidx     0x0201398c        0x8 /opt/wonderful/toolchain/gcc-arm-none-eabi/lib/gcc/arm-none-eabi/13.2.0/../../../../arm-none-eabi/lib/libc.a(strcpy.S.o)
 .ARM.exidx     0x02013994        0x0 /opt/wonderful/toolchain/gcc-arm-none-eabi/lib/gcc/arm-none-eabi/13.2.0/thumb/libgcc.a(_udivmoddi4.o)
                                  0x8 (size before relaxing)
                0x02013994                        __exidx_end = .
                0x02013994                        . = ALIGN (0x4)
                0x02013994                        PROVIDE (__preinit_array_start = .)

.preinit_array
 *(.preinit_array)
                0x02013994                        PROVIDE (__preinit_array_end = .)
                0x02013994                        PROVIDE (__init_array_start = .)

.init_array
 *(SORT_BY_NAME(.init_array.*))
 *(.init_array)
                0x02013994                        PROVIDE (__init_array_end = .)
                0x02013994                        PROVIDE (__fini_array_start = .)

.fini_array
 *(.fini_array)
 *(SORT_BY_NAME(.fini_array.*))
                0x02013994                        PROVIDE (__fini_array_end = .)

.ctors          0x02013994        0x0
 *crtbegin.o(.ctors)
 *(EXCLUDE_FILE(*crtend.o) .ctors)
 *(SORT_BY_NAME(.ctors.*))
 *(.ctors)
                0x02013994                        . = ALIGN (0x4)

.dtors          0x02013994        0x0
 *crtbegin.o(.dtors)
 *(EXCLUDE_FILE(*crtend.o) .dtors)
 *(SORT_BY_NAME(.dtors.*))
 *(.dtors)
                0x02013994                        . = ALIGN (0x4)

.eh_frame       0x02013994        0x0
 *(.eh_frame)
                0x02013994                        . = ALIGN (0x4)

.gcc_except_table
                0x02013994        0x0
 *(.gcc_except_table)
                0x02013994                        . = ALIGN (0x4)

.jcr
 *(.jcr)

.got            0x02013994       0x10
 *(.got.plt)
 .got.plt       0x02013994        0xc build/source/main.c.o
                0x02013994                _GLOBAL_OFFSET_TABLE_
 *(.got)
 .got           0x020139a0        0x4 build/source/main.c.o
 *(.rel.got)
 .rel.got       0x020139a4        0x0 build/source/main.c.o

.ewram          0x020139a4        0x0
                0x020139a4                        __ewram_start = ABSOLUTE (.)
 *(.ewram)
 *ewram.*(.text)
                0x020139a4                        . = ALIGN (0x4)

.data           0x020139a4      0x598
                0x020139a4                        __data_start = ABSOLUTE (.)
 *(EXCLUDE_FILE(*.twl*) .data)
 .data          0x020139a4       0x28 /opt/wonderful/thirdparty/blocksds/core/libs/libnds/lib/libnds9.a(mpu_setup.s.o)
 .data          0x020139cc      0x410 /opt/wonderful/toolchain/gcc-arm-none-eabi/lib/gcc/arm-none-eabi/13.2.0/../../../../arm-none-eabi/lib/libc.a(malloc-malloc.c.o)
                0x020139cc                __malloc_sbrk_base
                0x020139d0                __malloc_trim_threshold
                0x020139d4                __malloc_av_
 .data          0x02013ddc        0x8 /opt/wonderful/toolchain/gcc-arm-none-eabi/lib/gcc/arm-none-eabi/13.2.0/../../../../arm-none-eabi/lib/libc.a(libc_time_tzvars.c.o)
                0x02013ddc                _tzname
 .data          0x02013de4        0x4 /opt/wonderful/toolchain/gcc-arm-none-eabi/lib/gcc/arm-none-eabi/13.2.0/../../../../arm-none-eabi/lib/libc.a(libc_stdlib_environ.c.o)
                0x02013de4                environ
 *(EXCLUDE_FILE(*.twl*) .data.*)
 .data.oamSub   0x02013de8       0x14 /opt/wonderful/thirdparty/blocksds/core/libs/libnds/lib/libnds9.a(sprite.c.o)
                0x02013de8                oamSub
 .data.oamMain  0x02013dfc       0x14 /opt/wonderful/thirdparty/blocksds/core/libs/libnds/lib/libnds9.a(sprite.c.o)
                0x02013dfc                oamMain
 .data.count    0x02013e10        0x1 /opt/wonderful/thirdparty/blocksds/core/libs/libnds/lib/libnds9.a(keys.c.o)
 .data.repeat   0x02013e11        0x1 /opt/wonderful/thirdparty/blocksds/core/libs/libnds/lib/libnds9.a(keys.c.o)
 .data.delay    0x02013e12        0x1 /opt/wonderful/thirdparty/blocksds/core/libs/libnds/lib/libnds9.a(keys.c.o)
 .data.firstConsoleInit.0
                0x02013e13        0x1 /opt/wonderful/thirdparty/blocksds/core/libs/libnds/lib/libnds9.a(console.c.o)
 .data.currentConsole
                0x02013e14        0x4 /opt/wonderful/thirdparty/blocksds/core/libs/libnds/lib/libnds9.a(console.c.o)
                0x02013e14                currentConsole
 .data.defaultConsole
                0x02013e18       0x5c /opt/wonderful/thirdparty/blocksds/core/libs/libnds/lib/libnds9.a(console.c.o)
                0x02013e18                defaultConsole
 .data.__stderr
                0x02013e74       0x10 /opt/wonderful/thirdparty/blocksds/core/libs/libnds/lib/libnds9.a(iob.c.o)
 .data.__stdout
                0x02013e84       0x10 /opt/wonderful/thirdparty/blocksds/core/libs/libnds/lib/libnds9.a(iob.c.o)
 .data.__stdin  0x02013e94       0x10 /opt/wonderful/thirdparty/blocksds/core/libs/libnds/lib/libnds9.a(iob.c.o)
 .data.dldi_mode
                0x02013ea4        0x1 /opt/wonderful/thirdparty/blocksds/core/libs/libnds/lib/libnds9.a(dldi.c.o)
 *fill*         0x02013ea5        0x3 ff
 .data.__io_dldi_arm7_interface
                0x02013ea8       0x20 /opt/wonderful/thirdparty/blocksds/core/libs/libnds/lib/libnds9.a(dldi.c.o)
                0x02013ea8                __io_dldi_arm7_interface
 .data.fifo_freewords
                0x02013ec8        0x4 /opt/wonderful/thirdparty/blocksds/core/libs/libnds/lib/libnds9.a(fifosystem.c.o)
 .data.fifo_receive_queue
                0x02013ecc        0x4 /opt/wonderful/thirdparty/blocksds/core/libs/libnds/lib/libnds9.a(fifosystem.c.o)
 .data.fifo_send_queue
                0x02013ed0        0x4 /opt/wonderful/thirdparty/blocksds/core/libs/libnds/lib/libnds9.a(fifosystem.c.o)
 .data.fifo_buffer_free
                0x02013ed4        0x4 /opt/wonderful/thirdparty/blocksds/core/libs/libnds/lib/libnds9.a(fifosystem.c.o)
 .data.bgTransform
                0x02013ed8       0x20 /opt/wonderful/thirdparty/blocksds/core/libs/libnds/lib/libnds9.a(background.c.o)
                0x02013ed8                bgTransform
 .data.bgScrollTable
                0x02013ef8       0x20 /opt/wonderful/thirdparty/blocksds/core/libs/libnds/lib/libnds9.a(background.c.o)
                0x02013ef8                bgScrollTable
 .data.bgControl
                0x02013f18       0x20 /opt/wonderful/thirdparty/blocksds/core/libs/libnds/lib/libnds9.a(background.c.o)
                0x02013f18                bgControl
 .data.lastKey  0x02013f38        0x2 /opt/wonderful/thirdparty/blocksds/core/libs/libnds/lib/libnds9.a(keyboard.c.o)
                0x02013f38                lastKey
 *(EXCLUDE_FILE(*.twl*) .gnu.linkonce.d*)
                0x02013f3c                        . = ALIGN (0x4)
 *fill*         0x02013f3a        0x2 ff

.igot.plt       0x02013f3c        0x0
 .igot.plt      0x02013f3c        0x0 build/source/main.c.o

.tdata          0x02013f3c        0x0
                0x02013f3c                        __tdata_start = ABSOLUTE (.)
 *(.tdata .tdata.* .gnu.linkonce.td.*)
                0x02013f3c                        . = ALIGN (0x4)
                0x02013f3c                        __tdata_end = ABSOLUTE (.)
                0x02013f3c                        __data_end = .
                0x00000000                        __tdata_size = (__tdata_end - __tdata_start)

.tbss           0x02013f3c       0x28
                0x02013f3c                        __tbss_start = ABSOLUTE (.)
 *(.tbss .tbss.* .gnu.linkonce.tb.*)
 .tbss          0x02013f3c        0x4 /opt/wonderful/toolchain/gcc-arm-none-eabi/lib/gcc/arm-none-eabi/13.2.0/../../../../arm-none-eabi/lib/libc.a(libc_errno_errno.c.o)
                0x02013f3c                errno
 .tbss          0x02013f40       0x24 /opt/wonderful/toolchain/gcc-arm-none-eabi/lib/gcc/arm-none-eabi/13.2.0/../../../../arm-none-eabi/lib/libc.a(libc_time_lcltime_buf.c.o)
                0x02013f40                _localtime_buf
 *(.tcommon)
                0x02013f64                        . = ALIGN (0x4)
                0x02013f64                        __tbss_end = ABSOLUTE (.)
                0x00000028                        __tbss_size = (__tbss_end - __tbss_start)
                0x02013f3c                        __bss_vma = .

.dtcm           0x02ff0000        0x0 load address 0x02013f3c
                0x02013f3c                        __dtcm_lma = LOADADDR (.dtcm)
                0x02ff0000                        __dtcm_start = ABSOLUTE (.)
 *(.dtcm)
 *(.dtcm.*)
                0x02ff0000                        . = ALIGN (0x4)
                0x02ff0000                        __dtcm_end = ABSOLUTE (.)

.itcm           0x01000100      0x2f8 load address 0x02013f3c
                0x02013f3c                        __itcm_lma = LOADADDR (.itcm)
                0x01000100                        __itcm_start = ABSOLUTE (.)
 *(.itcm)
 .itcm          0x01000100       0x8c /opt/wonderful/thirdparty/blocksds/core/libs/libnds/lib/libnds9.a(cache.c.o)
                0x01000100                CP15_CleanAndFlushDcacheRange
                0x01000134                CP15_FlushDcacheRange
                0x01000160                CP15_FlushIcacheRange
 .itcm          0x0100018c      0x100 /opt/wonderful/thirdparty/blocksds/core/libs/libnds/lib/libnds9.a(interrupts.c.o)
                0x0100018c                irqTable
 .itcm          0x0100028c       0x3c /opt/wonderful/thirdparty/blocksds/core/libs/libnds/lib/libnds9.a(threads.c.o)
                0x0100028c                cothread_scheduler_refresh_irq_flags
 *(.itcm.*)
 .itcm.setCpuClock
                0x010002c8       0x50 /opt/wonderful/thirdparty/blocksds/core/libs/libnds/lib/libnds9.a(cpu_clock.s.o)
                0x010002c8                setCpuClock
 .itcm.IntrMain
                0x01000318       0xe0 /opt/wonderful/thirdparty/blocksds/core/libs/libnds/lib/libnds9.a(interruptDispatcher.s.o)
                0x01000318                IntrMain
 *.itcm*(.text .stub .text.*)
                0x010003f8                        . = ALIGN (0x4)
                0x010003f8                        __itcm_end = ABSOLUTE (.)

.vectors        0x01000000        0x0 load address 0x02014234
                0x02014234                        __vectors_lma = LOADADDR (.vectors)
                0x01000000                        __vectors_start = ABSOLUTE (.)
 *(.vectors .vectors.*)
                0x01000000                        . = ALIGN (0x4)
                0x01000000                        __vectors_end = ABSOLUTE (.)

.sbss           0x02ff0000        0x4
                0x02ff0000                        __sbss_start = ABSOLUTE (.)
                0x02ff0000                        __sbss_start__ = ABSOLUTE (.)
 *(.sbss)
 .sbss          0x02ff0000        0x4 /opt/wonderful/thirdparty/blocksds/core/libs/libnds/lib/libnds9.a(threads.c.o)
                0x02ff0000                cothread_irq_flags
                0x02ff0004                        . = ALIGN (0x4)
                0x02ff0004                        __sbss_end = ABSOLUTE (.)

.bss            0x02013f3c     0x8538
                0x02013f3c                        __bss_start = ABSOLUTE (.)
                0x02013f3c                        __bss_start__ = ABSOLUTE (.)
 *(EXCLUDE_FILE(*.twl*) .dynbss)
 *(EXCLUDE_FILE(*.twl*) .gnu.linkonce.b*)
 *(EXCLUDE_FILE(*.twl*) .bss*)
 .bss.NF_ROOTFOLDER
                0x02013f3c       0x40 /opt/wonderful/thirdparty/blocksds/external/nflib/lib/libnflib.a(nf_basic.c.o)
                0x02013f3c                NF_ROOTFOLDER
 .bss.NF_SPRVRAM
                0x02013f7c      0x838 /opt/wonderful/thirdparty/blocksds/external/nflib/lib/libnflib.a(nf_sprite256.c.o)
                0x02013f7c                NF_SPRVRAM
 .bss.NF_SPRITEOAM
                0x020147b4     0x2400 /opt/wonderful/thirdparty/blocksds/external/nflib/lib/libnflib.a(nf_sprite256.c.o)
                0x020147b4                NF_SPRITEOAM
 .bss.NF_SPRPALSLOT
                0x02016bb4       0x40 /opt/wonderful/thirdparty/blocksds/external/nflib/lib/libnflib.a(nf_sprite256.c.o)
                0x02016bb4                NF_SPRPALSLOT
 .bss.NF_SPR256VRAM
                0x02016bf4     0x1400 /opt/wonderful/thirdparty/blocksds/external/nflib/lib/libnflib.a(nf_sprite256.c.o)
                0x02016bf4                NF_SPR256VRAM
 .bss.NF_SPR256PAL
                0x02017ff4      0x200 /opt/wonderful/thirdparty/blocksds/external/nflib/lib/libnflib.a(nf_sprite256.c.o)
                0x02017ff4                NF_SPR256PAL
 .bss.NF_SPR256GFX
                0x020181f4      0xc00 /opt/wonderful/thirdparty/blocksds/external/nflib/lib/libnflib.a(nf_sprite256.c.o)
                0x020181f4                NF_SPR256GFX
 .bss.NF_BUFFER_SPR256PAL
                0x02018df4      0x100 /opt/wonderful/thirdparty/blocksds/external/nflib/lib/libnflib.a(nf_sprite256.c.o)
                0x02018df4                NF_BUFFER_SPR256PAL
 .bss.NF_BUFFER_SPR256GFX
                0x02018ef4      0x400 /opt/wonderful/thirdparty/blocksds/external/nflib/lib/libnflib.a(nf_sprite256.c.o)
                0x02018ef4                NF_BUFFER_SPR256GFX
 .bss.NF_MAPBLOCKS
                0x020192f4       0x20 /opt/wonderful/thirdparty/blocksds/external/nflib/lib/libnflib.a(nf_tiledbg.c.o)
                0x020192f4                NF_MAPBLOCKS
 .bss.NF_TILEBLOCKS
                0x02019314       0x10 /opt/wonderful/thirdparty/blocksds/external/nflib/lib/libnflib.a(nf_tiledbg.c.o)
                0x02019314                NF_TILEBLOCKS
 .bss.NF_EXBGPAL
                0x02019324      0x600 /opt/wonderful/thirdparty/blocksds/external/nflib/lib/libnflib.a(nf_tiledbg.c.o)
                0x02019324                NF_EXBGPAL
 .bss.NF_TILEDBG_LAYERS
                0x02019924       0x90 /opt/wonderful/thirdparty/blocksds/external/nflib/lib/libnflib.a(nf_tiledbg.c.o)
                0x02019924                NF_TILEDBG_LAYERS
 .bss.NF_TILEDBG
                0x020199b4      0xd00 /opt/wonderful/thirdparty/blocksds/external/nflib/lib/libnflib.a(nf_tiledbg.c.o)
                0x020199b4                NF_TILEDBG
 .bss.NF_BUFFER_BGPAL
                0x0201a6b4      0x100 /opt/wonderful/thirdparty/blocksds/external/nflib/lib/libnflib.a(nf_tiledbg.c.o)
                0x0201a6b4                NF_BUFFER_BGPAL
 .bss.NF_BUFFER_BGMAP
                0x0201a7b4      0x100 /opt/wonderful/thirdparty/blocksds/external/nflib/lib/libnflib.a(nf_tiledbg.c.o)
                0x0201a7b4                NF_BUFFER_BGMAP
 .bss.NF_BUFFER_BGTILES
                0x0201a8b4      0x100 /opt/wonderful/thirdparty/blocksds/external/nflib/lib/libnflib.a(nf_tiledbg.c.o)
                0x0201a8b4                NF_BUFFER_BGTILES
 .bss.NF_BANKS_MAPS
                0x0201a9b4        0x2 /opt/wonderful/thirdparty/blocksds/external/nflib/lib/libnflib.a(nf_tiledbg.c.o)
                0x0201a9b4                NF_BANKS_MAPS
 *fill*         0x0201a9b6        0x2 
 .bss.NF_BANKS_TILES
                0x0201a9b8        0x2 /opt/wonderful/thirdparty/blocksds/external/nflib/lib/libnflib.a(nf_tiledbg.c.o)
                0x0201a9b8                NF_BANKS_TILES
 *fill*         0x0201a9ba        0x2 
 .bss.OamMemory
                0x0201a9bc      0x400 /opt/wonderful/thirdparty/blocksds/core/libs/libnds/lib/libnds9.a(sprite.c.o)
                0x0201a9bc                OamMemory
 .bss.OamMemorySub
                0x0201adbc      0x400 /opt/wonderful/thirdparty/blocksds/core/libs/libnds/lib/libnds9.a(sprite.c.o)
                0x0201adbc                OamMemorySub
 .bss.keysrepeat
                0x0201b1bc        0x2 /opt/wonderful/thirdparty/blocksds/core/libs/libnds/lib/libnds9.a(keys.c.o)
 .bss.keysold   0x0201b1be        0x2 /opt/wonderful/thirdparty/blocksds/core/libs/libnds/lib/libnds9.a(keys.c.o)
 .bss.keys      0x0201b1c0        0x2 /opt/wonderful/thirdparty/blocksds/core/libs/libnds/lib/libnds9.a(keys.c.o)
 *fill*         0x0201b1c2        0x2 
 .bss.punixTime
                0x0201b1c4        0x4 /opt/wonderful/thirdparty/blocksds/core/libs/libnds/lib/libnds9.a(initSystem.c.o)
                0x0201b1c4                punixTime
 .bss.__dsimode
                0x0201b1c8        0x1 /opt/wonderful/thirdparty/blocksds/core/libs/libnds/lib/libnds9.a(initSystem.c.o)
                0x0201b1c8                __dsimode
 *fill*         0x0201b1c9        0x3 
 .bss.libnds_stderr_write
                0x0201b1cc        0x4 /opt/wonderful/thirdparty/blocksds/core/libs/libnds/lib/libnds9.a(console.c.o)
                0x0201b1cc                libnds_stderr_write
 .bss.libnds_stdout_write
                0x0201b1d0        0x4 /opt/wonderful/thirdparty/blocksds/core/libs/libnds/lib/libnds9.a(console.c.o)
                0x0201b1d0                libnds_stdout_write
 .bss.currentCopy
                0x0201b1d4       0x5c /opt/wonderful/thirdparty/blocksds/core/libs/libnds/lib/libnds9.a(console.c.o)
                0x0201b1d4                currentCopy
 .bss.current_drive_is_nitrofs
                0x0201b230        0x1 /opt/wonderful/thirdparty/blocksds/core/libs/libnds/lib/libnds9.a(filesystem.c.o)
                0x0201b230                current_drive_is_nitrofs
 .bss.has_been_called.0
                0x0201b231        0x1 /opt/wonderful/thirdparty/blocksds/core/libs/libnds/lib/libnds9.a(fatfs.c.o)
 .bss.fat_initialized
                0x0201b232        0x1 /opt/wonderful/thirdparty/blocksds/core/libs/libnds/lib/libnds9.a(fatfs.c.o)
 *fill*         0x0201b233        0x1 
 .bss.fs_info   0x0201b234      0x470 /opt/wonderful/thirdparty/blocksds/core/libs/libnds/lib/libnds9.a(fatfs.c.o)
 .bss.CurrVol   0x0201b6a4        0x1 /opt/wonderful/thirdparty/blocksds/core/libs/libnds/lib/libnds9.a(ff.c.o)
 *fill*         0x0201b6a5        0x1 
 .bss.Fsid      0x0201b6a6        0x2 /opt/wonderful/thirdparty/blocksds/core/libs/libnds/lib/libnds9.a(ff.c.o)
 .bss.FatFs     0x0201b6a8        0x8 /opt/wonderful/thirdparty/blocksds/core/libs/libnds/lib/libnds9.a(ff.c.o)
 .bss.Mutex     0x0201b6b0        0xc /opt/wonderful/thirdparty/blocksds/core/libs/libnds/lib/libnds9.a(ffsystem.c.o)
 .bss.fs_io     0x0201b6bc        0x8 /opt/wonderful/thirdparty/blocksds/core/libs/libnds/lib/libnds9.a(diskio.c.o)
 .bss.fs_initialized
                0x0201b6c4        0x2 /opt/wonderful/thirdparty/blocksds/core/libs/libnds/lib/libnds9.a(diskio.c.o)
 *fill*         0x0201b6c6        0x2 
 .bss.selected_entry.0
                0x0201b6c8        0x4 /opt/wonderful/thirdparty/blocksds/core/libs/libnds/lib/libnds9.a(cache.c.o)
 .bss.cache_num_sectors
                0x0201b6cc        0x4 /opt/wonderful/thirdparty/blocksds/core/libs/libnds/lib/libnds9.a(cache.c.o)
 .bss.cache_mem
                0x0201b6d0        0x4 /opt/wonderful/thirdparty/blocksds/core/libs/libnds/lib/libnds9.a(cache.c.o)
 .bss.cache_entries
                0x0201b6d4        0x4 /opt/wonderful/thirdparty/blocksds/core/libs/libnds/lib/libnds9.a(cache.c.o)
 .bss.nitrofs_local
                0x0201b6d8       0x10 /opt/wonderful/thirdparty/blocksds/core/libs/libnds/lib/libnds9.a(nitrofs.c.o)
 .bss.nitrofs_initialized
                0x0201b6e8        0x1 /opt/wonderful/thirdparty/blocksds/core/libs/libnds/lib/libnds9.a(nitrofs.c.o)
 *fill*         0x0201b6e9        0x3 
 .bss.shown.0   0x0201b6ec        0x4 /opt/wonderful/thirdparty/blocksds/core/libs/libnds/lib/libnds9.a(iob.c.o)
 .bss.stderr_buf_len
                0x0201b6f0        0x2 /opt/wonderful/thirdparty/blocksds/core/libs/libnds/lib/libnds9.a(iob.c.o)
 .bss.stdout_buf_len
                0x0201b6f2        0x2 /opt/wonderful/thirdparty/blocksds/core/libs/libnds/lib/libnds9.a(iob.c.o)
 .bss.stderr_buf
                0x0201b6f4       0x11 /opt/wonderful/thirdparty/blocksds/core/libs/libnds/lib/libnds9.a(iob.c.o)
 *fill*         0x0201b705        0x3 
 .bss.stdout_buf
                0x0201b708       0x11 /opt/wonderful/thirdparty/blocksds/core/libs/libnds/lib/libnds9.a(iob.c.o)
 .bss.stdin_buf_empty
                0x0201b719        0x1 /opt/wonderful/thirdparty/blocksds/core/libs/libnds/lib/libnds9.a(iob.c.o)
                0x0201b719                stdin_buf_empty
 .bss.stdin_buf_right
                0x0201b71a        0x2 /opt/wonderful/thirdparty/blocksds/core/libs/libnds/lib/libnds9.a(iob.c.o)
 .bss.stdin_buf_left
                0x0201b71c        0x2 /opt/wonderful/thirdparty/blocksds/core/libs/libnds/lib/libnds9.a(iob.c.o)
 *fill*         0x0201b71e        0x2 
 .bss.stdin_buf
                0x0201b720       0x80 /opt/wonderful/thirdparty/blocksds/core/libs/libnds/lib/libnds9.a(iob.c.o)
 .bss.fifo_mutex
                0x0201b7a0       0x40 /opt/wonderful/thirdparty/blocksds/core/libs/libnds/lib/libnds9.a(fifosystem.c.o)
 .bss.processing
                0x0201b7e0        0x4 /opt/wonderful/thirdparty/blocksds/core/libs/libnds/lib/libnds9.a(fifosystem.c.o)
 .bss.fifo_datamsg_data
                0x0201b7e4       0x40 /opt/wonderful/thirdparty/blocksds/core/libs/libnds/lib/libnds9.a(fifosystem.c.o)
 .bss.fifo_value32_data
                0x0201b824       0x40 /opt/wonderful/thirdparty/blocksds/core/libs/libnds/lib/libnds9.a(fifosystem.c.o)
 .bss.fifo_address_data
                0x0201b864       0x40 /opt/wonderful/thirdparty/blocksds/core/libs/libnds/lib/libnds9.a(fifosystem.c.o)
 .bss.fifo_datamsg_func
                0x0201b8a4       0x40 /opt/wonderful/thirdparty/blocksds/core/libs/libnds/lib/libnds9.a(fifosystem.c.o)
 .bss.fifo_value32_func
                0x0201b8e4       0x40 /opt/wonderful/thirdparty/blocksds/core/libs/libnds/lib/libnds9.a(fifosystem.c.o)
 .bss.fifo_address_func
                0x0201b924       0x40 /opt/wonderful/thirdparty/blocksds/core/libs/libnds/lib/libnds9.a(fifosystem.c.o)
 .bss.fifo_value32_queue
                0x0201b964       0x40 /opt/wonderful/thirdparty/blocksds/core/libs/libnds/lib/libnds9.a(fifosystem.c.o)
 .bss.fifo_data_queue
                0x0201b9a4       0x40 /opt/wonderful/thirdparty/blocksds/core/libs/libnds/lib/libnds9.a(fifosystem.c.o)
 .bss.fifo_address_queue
                0x0201b9e4       0x40 /opt/wonderful/thirdparty/blocksds/core/libs/libnds/lib/libnds9.a(fifosystem.c.o)
 .bss.fifo_buffer
                0x0201ba24      0x800 /opt/wonderful/thirdparty/blocksds/core/libs/libnds/lib/libnds9.a(fifosystem.c.o)
 .bss.heap_start.0
                0x0201c224        0x4 /opt/wonderful/thirdparty/blocksds/core/libs/libnds/lib/libnds9.a(sbrk.c.o)
 .bss.fake_heap_start
                0x0201c228        0x4 /opt/wonderful/thirdparty/blocksds/core/libs/libnds/lib/libnds9.a(sbrk.c.o)
                0x0201c228                fake_heap_start
 .bss.fake_heap_end
                0x0201c22c        0x4 /opt/wonderful/thirdparty/blocksds/core/libs/libnds/lib/libnds9.a(sbrk.c.o)
                0x0201c22c                fake_heap_end
 .bss.main_args
                0x0201c230        0x8 /opt/wonderful/thirdparty/blocksds/core/libs/libnds/lib/libnds9.a(threads.c.o)
 .bss.__tls     0x0201c238        0x4 /opt/wonderful/thirdparty/blocksds/core/libs/libnds/lib/libnds9.a(threads.c.o)
                0x0201c238                __tls
 .bss.cothread_list
                0x0201c23c       0x1c /opt/wonderful/thirdparty/blocksds/core/libs/libnds/lib/libnds9.a(threads.c.o)
 .bss.cothread_active_thread
                0x0201c258        0x4 /opt/wonderful/thirdparty/blocksds/core/libs/libnds/lib/libnds9.a(threads.c.o)
 .bss.free_fn   0x0201c25c        0x4 /opt/wonderful/thirdparty/blocksds/core/libs/libnds/lib/libnds9.a(threads.c.o)
 .bss.bgIsTextLut
                0x0201c260        0x8 /opt/wonderful/thirdparty/blocksds/core/libs/libnds/lib/libnds9.a(background.c.o)
                0x0201c260                bgIsTextLut
 .bss.bgState   0x0201c268      0x140 /opt/wonderful/thirdparty/blocksds/core/libs/libnds/lib/libnds9.a(background.c.o)
                0x0201c268                bgState
 .bss.SDcallback
                0x0201c3a8        0x4 /opt/wonderful/thirdparty/blocksds/core/libs/libnds/lib/libnds9.a(system.c.o)
 .bss.pressed.0
                0x0201c3ac        0x4 /opt/wonderful/thirdparty/blocksds/core/libs/libnds/lib/libnds9.a(keyboard.c.o)
 .bss.oldKeys.1
                0x0201c3b0        0x4 /opt/wonderful/thirdparty/blocksds/core/libs/libnds/lib/libnds9.a(keyboard.c.o)
 .bss.curKeyboard
                0x0201c3b4        0x4 /opt/wonderful/thirdparty/blocksds/core/libs/libnds/lib/libnds9.a(keyboard.c.o)
                0x0201c3b4                curKeyboard