Archive member included to satisfy reference by file (symbol)

/opt/wonderful/thirdparty/blocksds/external/nflib/lib/libnflib.a(nf_basic.c.o)
                              build/source/main.c.o (NF_SetRootFolder)
/opt/wonderful/thirdparty/blocksds/external/nflib/lib/libnflib.a(nf_sprite256.c.o)
                              build/source/main.c.o (NF_InitSpriteBuffers)
/opt/wonderful/thirdparty/blocksds/external/nflib/lib/libnflib.a(nf_tiledbg.c.o)
                              build/source/main.c.o (NF_InitTiledBgBuffers)
/opt/wonderful/thirdparty/blocksds/external/nflib/lib/libnflib.a(nf_text.c.o)
                              build/source/main.c.o (NF_UpdateTextLayers)
/opt/wonderful/thirdparty/blocksds/external/nflib/lib/libnflib.a(nf_2d.c.o)
                              build/source/main.c.o (NF_Set2D)
/opt/wonderful/thirdparty/blocksds/core/libs/libnds/lib/libnds9.a(IntrWait.s.o)
                              build/source/main.c.o (swiWaitForVBlank)
/opt/wonderful/thirdparty/blocksds/core/libs/libnds/lib/libnds9.a(mpu_setup.s.o)
                              /opt/wonderful/thirdparty/blocksds/core/sys/crts/ds_arm9_crt0.o (__libnds_mpu_setup)
/opt/wonderful/thirdparty/blocksds/core/libs/libnds/lib/libnds9.a(cp15.s.o)
                              /opt/wonderful/thirdparty/blocksds/core/libs/libnds/lib/libnds9.a(mpu_setup.s.o) (CP15_CleanAndFlushDCache)
/opt/wonderful/thirdparty/blocksds/core/libs/libnds/lib/libnds9.a(dma.s.o)
                              /opt/wonderful/thirdparty/blocksds/external/nflib/lib/libnflib.a(nf_basic.c.o) (dmaSetParams)
/opt/wonderful/thirdparty/blocksds/core/libs/libnds/lib/libnds9.a(memcpy.s.o)
                              /opt/wonderful/thirdparty/blocksds/external/nflib/lib/libnflib.a(nf_basic.c.o) (memcpy)
/opt/wonderful/thirdparty/blocksds/core/libs/libnds/lib/libnds9.a(memset.s.o)
                              /opt/wonderful/thirdparty/blocksds/external/nflib/lib/libnflib.a(nf_sprite256.c.o) (memset)
/opt/wonderful/thirdparty/blocksds/core/libs/libnds/lib/libnds9.a(sprite.c.o)
                              /opt/wonderful/thirdparty/blocksds/external/nflib/lib/libnflib.a(nf_sprite256.c.o) (oamInit)
/opt/wonderful/thirdparty/blocksds/core/libs/libnds/lib/libnds9.a(sprite_alloc.c.o)
                              /opt/wonderful/thirdparty/blocksds/core/libs/libnds/lib/libnds9.a(sprite.c.o) (oamAllocReset)
/opt/wonderful/thirdparty/blocksds/core/libs/libnds/lib/libnds9.a(video.c.o)
                              /opt/wonderful/thirdparty/blocksds/external/nflib/lib/libnflib.a(nf_basic.c.o) (setBrightness)
/opt/wonderful/thirdparty/blocksds/core/libs/libnds/lib/libnds9.a(securearea.c.o)
                              /opt/wonderful/thirdparty/blocksds/core/sys/crts/ds_arm9_crt0.o (__secure_area__)
/opt/wonderful/thirdparty/blocksds/core/libs/libnds/lib/libnds9.a(keys.c.o)
                              build/source/main.c.o (scanKeys)
/opt/wonderful/thirdparty/blocksds/core/libs/libnds/lib/libnds9.a(initSystem.c.o)
                              /opt/wonderful/thirdparty/blocksds/core/sys/crts/ds_arm9_crt0.o (initSystem)
/opt/wonderful/thirdparty/blocksds/core/libs/libnds/lib/libnds9.a(cache.c.o)
                              /opt/wonderful/thirdparty/blocksds/external/nflib/lib/libnflib.a(nf_basic.c.o) (CP15_CleanAndFlushDCacheRange)
/opt/wonderful/thirdparty/blocksds/core/libs/libnds/lib/libnds9.a(console.c.o)
                              /opt/wonderful/thirdparty/blocksds/external/nflib/lib/libnflib.a(nf_basic.c.o) (consoleDemoInit)
/opt/wonderful/thirdparty/blocksds/core/libs/libnds/lib/libnds9.a(trig.c.o)
                              /opt/wonderful/thirdparty/blocksds/core/libs/libnds/lib/libnds9.a(sprite.c.o) (sinLerp)
/opt/wonderful/thirdparty/blocksds/core/libs/libnds/lib/libnds9.a(filesystem.c.o)
                              /opt/wonderful/thirdparty/blocksds/external/nflib/lib/libnflib.a(nf_basic.c.o) (access)
/opt/wonderful/thirdparty/blocksds/core/libs/libnds/lib/libnds9.a(fatfs.c.o)
                              /opt/wonderful/thirdparty/blocksds/core/libs/libnds/lib/libnds9.a(filesystem.c.o) (fatfs_error_to_posix)
/opt/wonderful/thirdparty/blocksds/core/libs/libnds/lib/libnds9.a(ff.c.o)
                              /opt/wonderful/thirdparty/blocksds/core/libs/libnds/lib/libnds9.a(fatfs.c.o) (f_mount)
/opt/wonderful/thirdparty/blocksds/core/libs/libnds/lib/libnds9.a(ffunicode.c.o)
                              /opt/wonderful/thirdparty/blocksds/core/libs/libnds/lib/libnds9.a(ff.c.o) (ff_uni2oem)
/opt/wonderful/thirdparty/blocksds/core/libs/libnds/lib/libnds9.a(ffsystem.c.o)
                              /opt/wonderful/thirdparty/blocksds/core/libs/libnds/lib/libnds9.a(ff.c.o) (ff_mutex_create)
/opt/wonderful/thirdparty/blocksds/core/libs/libnds/lib/libnds9.a(diskio.c.o)
                              /opt/wonderful/thirdparty/blocksds/core/libs/libnds/lib/libnds9.a(ff.c.o) (disk_status)
[...]
Memory Configuration

Name             Origin             Length             Attributes
ewram            0x02000000         0x00380000
dtcm             0x02ff0000         0x00004000
vectors          0x01000000         0x00000100
itcm             0x01000100         0x00007f00
*default*        0x00000000         0xffffffff

Linker script and memory map

LOAD build/source/main.c.o
LOAD /opt/wonderful/thirdparty/blocksds/core/sys/crts/ds_arm9_crt0.o
START GROUP
LOAD /opt/wonderful/thirdparty/blocksds/external/nflib/lib/libnflib.a
LOAD /opt/wonderful/thirdparty/blocksds/core/libs/dswifi/lib/libdswifi9.a
LOAD /opt/wonderful/thirdparty/blocksds/core/libs/libnds/lib/libnds9.a
LOAD /opt/wonderful/toolchain/gcc-arm-none-eabi/lib/gcc/arm-none-eabi/13.2.0/../../../../arm-none-eabi/lib/thumb/arm7tdmi/libc.a
LOAD /opt/wonderful/toolchain/gcc-arm-none-eabi/lib/gcc/arm-none-eabi/13.2.0/../../../../arm-none-eabi/lib/thumb/arm7tdmi/libc.a
LOAD /opt/wonderful/toolchain/gcc-arm-none-eabi/lib/gcc/arm-none-eabi/13.2.0/thumb/arm7tdmi/libgcc.a
END GROUP
                0x02380000                        __ewram_end = (ORIGIN (ewram) + LENGTH (ewram))
                0x02380000                        __eheap_end = (ORIGIN (ewram) + LENGTH (ewram))
                0x02ff4000                        __dtcm_top = (ORIGIN (dtcm) + LENGTH (dtcm))
                0x02ff3ff8                        __irq_flags = (__dtcm_top - 0x8)
                0x02ff3ffc                        __irq_vector = (__dtcm_top - 0x4)
                0x02ff3f00                        __sp_svc = (__dtcm_top - 0x100)
                0x02ff3e00                        __sp_irq = (__sp_svc - 0x100)
                0x02ff3d00                        __sp_usr = (__sp_irq - 0x100)

.secure         0x02000000      0x800
 *(.secure)
 .secure        0x02000000      0x800 /opt/wonderful/thirdparty/blocksds/core/libs/libnds/lib/libnds9.a(securearea.c.o)
                0x02000000                __secure_area__

.crt0           0x02000800      0x308
                0x02000800                        __text_start = .
 *(.crt0)
 .crt0          0x02000800      0x308 /opt/wonderful/thirdparty/blocksds/core/sys/crts/ds_arm9_crt0.o
                0x02000800                _start
                0x02000b08                        . = ALIGN (0x4)
                0x00004000                        PROVIDE (__dldi_size = 0x4000)
                0x0000000e                        __dldi_log2_size = (LOG2CEIL ((__dldi_size + 0x1)) - 0x1)

.dldi           0x02000b40     0x4000
                0x02000b40                        __dldi_start = .
 *(.dldi)
 .dldi          0x02000b40       0x88 /opt/wonderful/thirdparty/blocksds/core/libs/libnds/lib/libnds9.a(dldi_stub.s.o)
                0x02000b40                _io_dldi_stub
                0x02000bc8                        . = ALIGN (0x4)
                0x02000bc8                        __dldi_data_end = .
                0x02004b40                        __dldi_end = (__dldi_data_end > __dldi_start)?(__dldi_start + __dldi_size):__dldi_start
                0x02004b40                        . = __dldi_end
 *fill*         0x02000bc8     0x3f78 00
                0x02004b40                        . = ALIGN (0x4)

.plt
 *(.plt)

.init
 *(SORT_NONE(.init))

.text           0x02004b40     0xe2e0
 *(EXCLUDE_FILE(*.twl* *.vectors* *.itcm*) .text)
 .text          0x02004b40       0x14 /opt/wonderful/toolchain/gcc-arm-none-eabi/lib/gcc/arm-none-eabi/13.2.0/../../../../arm-none-eabi/lib/thumb/arm7tdmi/libc.a(strcmp.S.o)
                0x02004b40                strcmp
 .text          0x02004b54        0xe /opt/wonderful/toolchain/gcc-arm-none-eabi/lib/gcc/arm-none-eabi/13.2.0/../../../../arm-none-eabi/lib/thumb/arm7tdmi/libc.a(strlen.S.o)
                0x02004b54                strlen
 *fill*         0x02004b62        0x2 ff
 .text          0x02004b64       0x14 /opt/wonderful/toolchain/gcc-arm-none-eabi/lib/gcc/arm-none-eabi/13.2.0/thumb/arm7tdmi/libgcc.a(_thumb1_case_uqi.o)
                0x02004b64                __gnu_thumb1_case_uqi
 .text          0x02004b78      0x11c /opt/wonderful/toolchain/gcc-arm-none-eabi/lib/gcc/arm-none-eabi/13.2.0/thumb/arm7tdmi/libgcc.a(_udivsi3.o)
                0x02004b78                __udivsi3
                0x02004b78                __aeabi_uidiv
                0x02004c74                __aeabi_uidivmod
 .text          0x02004c94      0x150 /opt/wonderful/toolchain/gcc-arm-none-eabi/lib/gcc/arm-none-eabi/13.2.0/thumb/arm7tdmi/libgcc.a(_divsi3.o)
                0x02004c94                __aeabi_idiv
                0x02004c94                __divsi3
                0x02004dc4                __aeabi_idivmod
 .text          0x02004de4        0x4 /opt/wonderful/toolchain/gcc-arm-none-eabi/lib/gcc/arm-none-eabi/13.2.0/thumb/arm7tdmi/libgcc.a(_dvmd_tls.o)
                0x02004de4                __aeabi_ldiv0
                0x02004de4                __aeabi_idiv0
 .text          0x02004de8       0x18 /opt/wonderful/toolchain/gcc-arm-none-eabi/lib/gcc/arm-none-eabi/13.2.0/thumb/arm7tdmi/libgcc.a(_lshrdi3.o)
                0x02004de8                __aeabi_llsr
                0x02004de8                __lshrdi3
 .text          0x02004e00       0x1c /opt/wonderful/toolchain/gcc-arm-none-eabi/lib/gcc/arm-none-eabi/13.2.0/thumb/arm7tdmi/libgcc.a(_ashrdi3.o)
                0x02004e00                __ashrdi3
                0x02004e00                __aeabi_lasr
 .text          0x02004e1c       0x18 /opt/wonderful/toolchain/gcc-arm-none-eabi/lib/gcc/arm-none-eabi/13.2.0/thumb/arm7tdmi/libgcc.a(_ashldi3.o)
                0x02004e1c                __ashldi3
                0x02004e1c                __aeabi_llsl
 .text          0x02004e34      0x424 /opt/wonderful/toolchain/gcc-arm-none-eabi/lib/gcc/arm-none-eabi/13.2.0/thumb/arm7tdmi/libgcc.a(_arm_addsubdf3.o)
                0x02004e34                __aeabi_drsub
                0x02004e3c                __subdf3
                0x02004e3c                __aeabi_dsub
                0x02004e40                __adddf3
                0x02004e40                __aeabi_dadd
                0x02005150                __aeabi_ui2d
                0x02005150                __floatunsidf
                0x02005174                __floatsidf
                0x02005174                __aeabi_i2d
                0x0200519c                __extendsfdf2
                0x0200519c                __aeabi_f2d
                0x020051e4                __aeabi_ul2d
                0x020051e4                __floatundidf
                0x020051f8                __aeabi_l2d
                0x020051f8                __floatdidf
 .text          0x02005258       0xa0 /opt/wonderful/toolchain/gcc-arm-none-eabi/lib/gcc/arm-none-eabi/13.2.0/thumb/arm7tdmi/libgcc.a(_arm_truncdfsf2.o)
                0x02005258                __aeabi_d2f
                0x02005258                __truncdfsf2
 .text          0x020052f8       0x48 /opt/wonderful/toolchain/gcc-arm-none-eabi/lib/gcc/arm-none-eabi/13.2.0/thumb/arm7tdmi/libgcc.a(_clzsi2.o)
                0x020052f8                __clzsi2
 .text          0x02005340       0x28 /opt/wonderful/toolchain/gcc-arm-none-eabi/lib/gcc/arm-none-eabi/13.2.0/thumb/arm7tdmi/libgcc.a(_clzdi2.o)
                0x02005340                __clzdi2
 .text          0x02005368       0xd4 /opt/wonderful/toolchain/gcc-arm-none-eabi/lib/gcc/arm-none-eabi/13.2.0/thumb/arm7tdmi/libgcc.a(_aeabi_ldivmod.o)
                0x02005368                __aeabi_ldivmod
 .text          0x0200543c       0x3c /opt/wonderful/toolchain/gcc-arm-none-eabi/lib/gcc/arm-none-eabi/13.2.0/thumb/arm7tdmi/libgcc.a(_aeabi_uldivmod.o)
                0x0200543c                __aeabi_uldivmod
 .text          0x02005478       0x64 /opt/wonderful/toolchain/gcc-arm-none-eabi/lib/gcc/arm-none-eabi/13.2.0/thumb/arm7tdmi/libgcc.a(_muldi3.o)
                0x02005478                __aeabi_lmul
                0x02005478                __muldi3
 .text          0x020054dc      0x19c /opt/wonderful/toolchain/gcc-arm-none-eabi/lib/gcc/arm-none-eabi/13.2.0/thumb/arm7tdmi/libgcc.a(_udivmoddi4.o)
                0x020054dc                __udivmoddi4
 *(EXCLUDE_FILE(*.twl* *.vectors* *.itcm*) .stub)
 *(EXCLUDE_FILE(*.twl* *.vectors* *.itcm*) .text.*)
 .text.startup.main
                0x02005678      0x27c build/source/main.c.o
                0x02005678                main
 .text.NF_Error
                0x020058f4      0x2a4 /opt/wonderful/thirdparty/blocksds/external/nflib/lib/libnflib.a(nf_basic.c.o)
                0x020058f4                NF_Error
 .text.NF_SetRootFolder
                0x02005b98      0x1dc /opt/wonderful/thirdparty/blocksds/external/nflib/lib/libnflib.a(nf_basic.c.o)
                0x02005b98                NF_SetRootFolder
 .text.NF_DmaMemCopy
                0x02005d74       0x7c /opt/wonderful/thirdparty/blocksds/external/nflib/lib/libnflib.a(nf_basic.c.o)
                0x02005d74                NF_DmaMemCopy
 .text.NF_FileLoad
                0x02005df0       0x7c /opt/wonderful/thirdparty/blocksds/external/nflib/lib/libnflib.a(nf_basic.c.o)
                0x02005df0                NF_FileLoad
 .text.NF_InitSpriteBuffers
                0x02005e6c       0x5c /opt/wonderful/thirdparty/blocksds/external/nflib/lib/libnflib.a(nf_sprite256.c.o)
                0x02005e6c                NF_InitSpriteBuffers
 .text.NF_InitSpriteSys
                0x02005ec8      0x210 /opt/wonderful/thirdparty/blocksds/external/nflib/lib/libnflib.a(nf_sprite256.c.o)
                0x02005ec8                NF_InitSpriteSys
 .text.NF_LoadSpriteGfx
                0x020060d8       0x98 /opt/wonderful/thirdparty/blocksds/external/nflib/lib/libnflib.a(nf_sprite256.c.o)
                0x020060d8                NF_LoadSpriteGfx
 .text.NF_LoadSpritePal
                0x02006170       0x80 /opt/wonderful/thirdparty/blocksds/external/nflib/lib/libnflib.a(nf_sprite256.c.o)
                0x02006170                NF_LoadSpritePal
 .text.NF_VramSpriteGfx
                0x020061f0      0x2a4 /opt/wonderful/thirdparty/blocksds/external/nflib/lib/libnflib.a(nf_sprite256.c.o)
                0x020061f0                NF_VramSpriteGfx
 .text.NF_VramSpritePal
                0x02006494       0xb0 /opt/wonderful/thirdparty/blocksds/external/nflib/lib/libnflib.a(nf_sprite256.c.o)
                0x02006494                NF_VramSpritePal
 .text.NF_CreateSprite
                0x02006544      0x1cc /opt/wonderful/thirdparty/blocksds/external/nflib/lib/libnflib.a(nf_sprite256.c.o)
                0x02006544                NF_CreateSprite
 .text.NF_SpriteOamSet
                0x02006710       0xc4 /opt/wonderful/thirdparty/blocksds/external/nflib/lib/libnflib.a(nf_sprite256.c.o)
                0x02006710                NF_SpriteOamSet
 .text.NF_InitTiledBgBuffers
                0x020067d4       0x94 /opt/wonderful/thirdparty/blocksds/external/nflib/lib/libnflib.a(nf_tiledbg.c.o)
                0x020067d4                NF_InitTiledBgBuffers
 .text.NF_InitTiledBgSys
                0x02006868      0x120 /opt/wonderful/thirdparty/blocksds/external/nflib/lib/libnflib.a(nf_tiledbg.c.o)
                0x02006868                NF_InitTiledBgSys
 .text.NF_LoadTiledBg
                0x02006988      0x1ac /opt/wonderful/thirdparty/blocksds/external/nflib/lib/libnflib.a(nf_tiledbg.c.o)
                0x02006988                NF_LoadTiledBg
 .text.NF_DeleteTiledBg
                0x02006b34      0x198 /opt/wonderful/thirdparty/blocksds/external/nflib/lib/libnflib.a(nf_tiledbg.c.o)
                0x02006b34                NF_DeleteTiledBg
 .text.NF_CreateTiledBg
                0x02006ccc      0x578 /opt/wonderful/thirdparty/blocksds/external/nflib/lib/libnflib.a(nf_tiledbg.c.o)
                0x02006ccc                NF_CreateTiledBg
 .text.NF_UpdateVramMap
                0x02007244       0xf8 /opt/wonderful/thirdparty/blocksds/external/nflib/lib/libnflib.a(nf_tiledbg.c.o)
                0x02007244                NF_UpdateVramMap
 .text.NF_UpdateTextLayers
                0x0200733c       0x4c /opt/wonderful/thirdparty/blocksds/external/nflib/lib/libnflib.a(nf_text.c.o)
                0x0200733c                NF_UpdateTextLayers
 .text.NF_Set2D
                0x02007388       0x64 /opt/wonderful/thirdparty/blocksds/external/nflib/lib/libnflib.a(nf_2d.c.o)
                0x02007388                NF_Set2D
 .text.NF_ShowBg
                0x020073ec       0x74 /opt/wonderful/thirdparty/blocksds/external/nflib/lib/libnflib.a(nf_2d.c.o)
                0x020073ec                NF_ShowBg
 .text.NF_HideBg
                0x02007460       0x9c /opt/wonderful/thirdparty/blocksds/external/nflib/lib/libnflib.a(nf_2d.c.o)
                0x02007460                NF_HideBg
 .text.NF_ScrollBg
                0x020074fc      0x2fc /opt/wonderful/thirdparty/blocksds/external/nflib/lib/libnflib.a(nf_2d.c.o)
                0x020074fc                NF_ScrollBg
 .text.swiWaitForVBlank
                0x020077f8        0x8 /opt/wonderful/thirdparty/blocksds/core/libs/libnds/lib/libnds9.a(IntrWait.s.o)
                0x020077f8                swiWaitForVBlank
 .text.swiIntrWait
                0x02007800       0x70 /opt/wonderful/thirdparty/blocksds/core/libs/libnds/lib/libnds9.a(IntrWait.s.o)
                0x02007800                swiIntrWait
 .text.__libnds_mpu_setup
                0x02007870      0x168 /opt/wonderful/thirdparty/blocksds/core/libs/libnds/lib/libnds9.a(mpu_setup.s.o)
                0x02007870                __libnds_mpu_setup
 .text.memUncached
                0x020079d8       0x20 /opt/wonderful/thirdparty/blocksds/core/libs/libnds/lib/libnds9.a(mpu_setup.s.o)
                0x020079d8                memUncached
 .text.dmaSetParams
                0x020079f8       0x1c /opt/wonderful/thirdparty/blocksds/core/libs/libnds/lib/libnds9.a(dma.s.o)
                0x020079f8                dmaSetParams
 .text.__aeabi_memcpy
                0x02007a14       0xdc /opt/wonderful/thirdparty/blocksds/core/libs/libnds/lib/libnds9.a(memcpy.s.o)
                0x02007a14                __aeabi_memcpy
                0x02007a4c                __aeabi_memcpy4
                0x02007a4c                __aeabi_memcpy8
                0x02007ab8                __ndsabi_memcpy2
                0x02007adc                __ndsabi_memcpy1
 .text.memcpy   0x02007af0       0x10 /opt/wonderful/thirdparty/blocksds/core/libs/libnds/lib/libnds9.a(memcpy.s.o)
                0x02007af0                memcpy
 .text.__aeabi_memset
                0x02007b00       0x9c /opt/wonderful/thirdparty/blocksds/core/libs/libnds/lib/libnds9.a(memset.s.o)
                0x02007b00                __aeabi_memset
                0x02007b24                __aeabi_memset8
                0x02007b24                __aeabi_memset4
                0x02007b30                __ndsabi_wordset4
                0x02007b34                __ndsabi_lwordset4
 .text.__ndsabi_memset1
                0x02007b9c       0x10 /opt/wonderful/thirdparty/blocksds/core/libs/libnds/lib/libnds9.a(memset.s.o)
                0x02007b9c                __ndsabi_memset1
 .text.memset   0x02007bac       0x1c /opt/wonderful/thirdparty/blocksds/core/libs/libnds/lib/libnds9.a(memset.s.o)
                0x02007bac                memset
 .text.oamInit  0x02007bc8      0x100 /opt/wonderful/thirdparty/blocksds/core/libs/libnds/lib/libnds9.a(sprite.c.o)
                0x02007bc8                oamInit
 .text.oamGfxPtrToOffset
                0x02007cc8       0x34 /opt/wonderful/thirdparty/blocksds/core/libs/libnds/lib/libnds9.a(sprite.c.o)
                0x02007cc8                oamGfxPtrToOffset
 .text.oamSet   0x02007cfc      0x104 /opt/wonderful/thirdparty/blocksds/core/libs/libnds/lib/libnds9.a(sprite.c.o)
                0x02007cfc                oamSet
 .text.oamUpdate
                0x02007e00       0x50 /opt/wonderful/thirdparty/blocksds/core/libs/libnds/lib/libnds9.a(sprite.c.o)
                0x02007e00                oamUpdate
 .text.oamAllocReset
                0x02007e50       0x1c /opt/wonderful/thirdparty/blocksds/core/libs/libnds/lib/libnds9.a(sprite_alloc.c.o)
                0x02007e50                oamAllocReset
 .text.setBrightness
                0x02007e6c       0x40 /opt/wonderful/thirdparty/blocksds/core/libs/libnds/lib/libnds9.a(video.c.o)
                0x02007e6c                setBrightness
 .text.vramDefault
                0x02007eac       0xc8 /opt/wonderful/thirdparty/blocksds/core/libs/libnds/lib/libnds9.a(video.c.o)
                0x02007eac                vramDefault
 .text.scanKeys
                0x02007f74       0xb0 /opt/wonderful/thirdparty/blocksds/core/libs/libnds/lib/libnds9.a(keys.c.o)
                0x02007f74                scanKeys
 .text.keysHeld
                0x02008024        0xc /opt/wonderful/thirdparty/blocksds/core/libs/libnds/lib/libnds9.a(keys.c.o)
                0x02008024                keysHeld
 .text.keysDown
                0x02008030       0x14 /opt/wonderful/thirdparty/blocksds/core/libs/libnds/lib/libnds9.a(keys.c.o)
                0x02008030                keysDown
 .text.keysUp   0x02008044       0x18 /opt/wonderful/thirdparty/blocksds/core/libs/libnds/lib/libnds9.a(keys.c.o)
                0x02008044                keysUp
 .text.keysCurrent
                0x0200805c       0x60 /opt/wonderful/thirdparty/blocksds/core/libs/libnds/lib/libnds9.a(keys.c.o)
                0x0200805c                keysCurrent
 .text.initSystem
                0x020080bc      0x1a8 /opt/wonderful/thirdparty/blocksds/core/libs/libnds/lib/libnds9.a(initSystem.c.o)
                0x020080bc                initSystem
 .text.newRow   0x02008264       0xdc /opt/wonderful/thirdparty/blocksds/core/libs/libnds/lib/libnds9.a(console.c.o)
 .text.consolePrintChar
                0x02008340       0xe0 /opt/wonderful/thirdparty/blocksds/core/libs/libnds/lib/libnds9.a(console.c.o)
                0x02008340                consolePrintChar
 .text.con_write
                0x02008420      0x344 /opt/wonderful/thirdparty/blocksds/core/libs/libnds/lib/libnds9.a(console.c.o)
 .text.consoleLoadFont
                0x02008764      0x374 /opt/wonderful/thirdparty/blocksds/core/libs/libnds/lib/libnds9.a(console.c.o)
                0x02008764                consoleLoadFont
 .text.consoleInit
                0x02008ad8      0x194 /opt/wonderful/thirdparty/blocksds/core/libs/libnds/lib/libnds9.a(console.c.o)
                0x02008ad8                consoleInit
 .text.consoleDemoInit
                0x02008c6c       0x48 /opt/wonderful/thirdparty/blocksds/core/libs/libnds/lib/libnds9.a(console.c.o)
                0x02008c6c                consoleDemoInit
 .text.sinLutLookup
                0x02008cb4       0x4c /opt/wonderful/thirdparty/blocksds/core/libs/libnds/lib/libnds9.a(trig.c.o)
                0x02008cb4                sinLutLookup
 .text.sinLerp  0x02008d00       0x38 /opt/wonderful/thirdparty/blocksds/core/libs/libnds/lib/libnds9.a(trig.c.o)
                0x02008d00                sinLerp
 .text.cosLerp  0x02008d38       0x48 /opt/wonderful/thirdparty/blocksds/core/libs/libnds/lib/libnds9.a(trig.c.o)
                0x02008d38                cosLerp
 .text.open     0x02008d80       0xf0 /opt/wonderful/thirdparty/blocksds/core/libs/libnds/lib/libnds9.a(filesystem.c.o)
                0x02008d80                open
 .text.read     0x02008e70       0x44 /opt/wonderful/thirdparty/blocksds/core/libs/libnds/lib/libnds9.a(filesystem.c.o)
                0x02008e70                read
 .text.write    0x02008eb4       0x54 /opt/wonderful/thirdparty/blocksds/core/libs/libnds/lib/libnds9.a(filesystem.c.o)
                0x02008eb4                write
 .text.close    0x02008f08       0x50 /opt/wonderful/thirdparty/blocksds/core/libs/libnds/lib/libnds9.a(filesystem.c.o)
                0x02008f08                close
 .text.lseek    0x02008f58       0x70 /opt/wonderful/thirdparty/blocksds/core/libs/libnds/lib/libnds9.a(filesystem.c.o)
                0x02008f58                lseek
 .text.access   0x02008fc8       0x80 /opt/wonderful/thirdparty/blocksds/core/libs/libnds/lib/libnds9.a(filesystem.c.o)
                0x02008fc8                access
 .text.fatfs_error_to_posix
                0x02009048       0x24 /opt/wonderful/thirdparty/blocksds/core/libs/libnds/lib/libnds9.a(fatfs.c.o)
                0x02009048                fatfs_error_to_posix
 .text.get_dirname
                0x0200906c       0x6c /opt/wonderful/thirdparty/blocksds/core/libs/libnds/lib/libnds9.a(fatfs.c.o)
                0x0200906c                get_dirname
 .text.fatGetDefaultCwd
                0x020090d8       0x70 /opt/wonderful/thirdparty/blocksds/core/libs/libnds/lib/libnds9.a(fatfs.c.o)
                0x020090d8                fatGetDefaultCwd
 .text.fatInit.part.0
                0x02009148      0x108 /opt/wonderful/thirdparty/blocksds/core/libs/libnds/lib/libnds9.a(fatfs.c.o)
 .text.fatInitDefault
                0x02009250       0x24 /opt/wonderful/thirdparty/blocksds/core/libs/libnds/lib/libnds9.a(fatfs.c.o)
                0x02009250                fatInitDefault
 .text.fatInitLookupCache
                0x02009274       0x5c /opt/wonderful/thirdparty/blocksds/core/libs/libnds/lib/libnds9.a(fatfs.c.o)
                0x02009274                fatInitLookupCache
 .text.get_ldnumber
                0x020092d0       0xd0 /opt/wonderful/thirdparty/blocksds/core/libs/libnds/lib/libnds9.a(ff.c.o)
 .text.put_utf  0x020093a0       0xec /opt/wonderful/thirdparty/blocksds/core/libs/libnds/lib/libnds9.a(ff.c.o)
 .text.get_fileinfo
                0x0200948c      0x1c0 /opt/wonderful/thirdparty/blocksds/core/libs/libnds/lib/libnds9.a(ff.c.o)
 .text.dir_clear
                0x0200964c      0x110 /opt/wonderful/thirdparty/blocksds/core/libs/libnds/lib/libnds9.a(ff.c.o)
 .text.unlock_volume.part.0.isra.0
                0x0200975c        0x8 /opt/wonderful/thirdparty/blocksds/core/libs/libnds/lib/libnds9.a(ff.c.o)
 .text.sync_fs  0x02009764      0x11c /opt/wonderful/thirdparty/blocksds/core/libs/libnds/lib/libnds9.a(ff.c.o)
 .text.move_window
                0x02009880       0x6c /opt/wonderful/thirdparty/blocksds/core/libs/libnds/lib/libnds9.a(ff.c.o)
 .text.put_fat.part.0
                0x020098ec      0x11c /opt/wonderful/thirdparty/blocksds/core/libs/libnds/lib/libnds9.a(ff.c.o)
 .text.get_fat.isra.0
                0x02009a08       0xbc /opt/wonderful/thirdparty/blocksds/core/libs/libnds/lib/libnds9.a(ff.c.o)
 .text.remove_chain
                0x02009ac4       0x90 /opt/wonderful/thirdparty/blocksds/core/libs/libnds/lib/libnds9.a(ff.c.o)
 .text.create_chain
                0x02009b54      0x120 /opt/wonderful/thirdparty/blocksds/core/libs/libnds/lib/libnds9.a(ff.c.o)
 .text.dir_next
                0x02009c74       0xdc /opt/wonderful/thirdparty/blocksds/core/libs/libnds/lib/libnds9.a(ff.c.o)
 .text.dir_sdi  0x02009d50       0x9c /opt/wonderful/thirdparty/blocksds/core/libs/libnds/lib/libnds9.a(ff.c.o)
 .text.dir_find
                0x02009dec      0x1a8 /opt/wonderful/thirdparty/blocksds/core/libs/libnds/lib/libnds9.a(ff.c.o)
 .text.follow_path
                0x02009f94      0x50c /opt/wonderful/thirdparty/blocksds/core/libs/libnds/lib/libnds9.a(ff.c.o)
 .text.dir_register
                0x0200a4a0      0x31c /opt/wonderful/thirdparty/blocksds/core/libs/libnds/lib/libnds9.a(ff.c.o)
 .text.validate
                0x0200a7bc       0x5c /opt/wonderful/thirdparty/blocksds/core/libs/libnds/lib/libnds9.a(ff.c.o)
 .text.check_fs
                0x0200a818      0x16c /opt/wonderful/thirdparty/blocksds/core/libs/libnds/lib/libnds9.a(ff.c.o)
 .text.mount_volume
                0x0200a984      0x3e8 /opt/wonderful/thirdparty/blocksds/core/libs/libnds/lib/libnds9.a(ff.c.o)
 .text.f_mount  0x0200ad6c       0xa4 /opt/wonderful/thirdparty/blocksds/core/libs/libnds/lib/libnds9.a(ff.c.o)
                0x0200ad6c                f_mount
 .text.f_open   0x0200ae10      0x354 /opt/wonderful/thirdparty/blocksds/core/libs/libnds/lib/libnds9.a(ff.c.o)
                0x0200ae10                f_open
 .text.f_read   0x0200b164      0x2c8 /opt/wonderful/thirdparty/blocksds/core/libs/libnds/lib/libnds9.a(ff.c.o)
                0x0200b164                f_read
 .text.f_write  0x0200b42c      0x308 /opt/wonderful/thirdparty/blocksds/core/libs/libnds/lib/libnds9.a(ff.c.o)
                0x0200b42c                f_write
 .text.f_sync   0x0200b734       0xe4 /opt/wonderful/thirdparty/blocksds/core/libs/libnds/lib/libnds9.a(ff.c.o)
                0x0200b734                f_sync
 .text.f_close  0x0200b818       0x30 /opt/wonderful/thirdparty/blocksds/core/libs/libnds/lib/libnds9.a(ff.c.o)
                0x0200b818                f_close
 .text.f_chdrive
                0x0200b848       0x24 /opt/wonderful/thirdparty/blocksds/core/libs/libnds/lib/libnds9.a(ff.c.o)
                0x0200b848                f_chdrive
 .text.f_chdir  0x0200b86c       0xc4 /opt/wonderful/thirdparty/blocksds/core/libs/libnds/lib/libnds9.a(ff.c.o)
                0x0200b86c                f_chdir
 .text.f_lseek  0x0200b930      0x340 /opt/wonderful/thirdparty/blocksds/core/libs/libnds/lib/libnds9.a(ff.c.o)
                0x0200b930                f_lseek
 .text.f_stat   0x0200bc70       0xc0 /opt/wonderful/thirdparty/blocksds/core/libs/libnds/lib/libnds9.a(ff.c.o)
                0x0200bc70                f_stat
 .text.ff_uni2oem
                0x0200bd30       0x44 /opt/wonderful/thirdparty/blocksds/core/libs/libnds/lib/libnds9.a(ffunicode.c.o)
                0x0200bd30                ff_uni2oem
 .text.ff_oem2uni
                0x0200bd74       0x2c /opt/wonderful/thirdparty/blocksds/core/libs/libnds/lib/libnds9.a(ffunicode.c.o)
                0x0200bd74                ff_oem2uni
 .text.ff_wtoupper
                0x0200bda0       0xcc /opt/wonderful/thirdparty/blocksds/core/libs/libnds/lib/libnds9.a(ffunicode.c.o)
                0x0200bda0                ff_wtoupper
 .text.ff_mutex_create
                0x0200be6c       0x10 /opt/wonderful/thirdparty/blocksds/core/libs/libnds/lib/libnds9.a(ffsystem.c.o)
                0x0200be6c                ff_mutex_create
 .text.ff_mutex_delete
                0x0200be7c        0x4 /opt/wonderful/thirdparty/blocksds/core/libs/libnds/lib/libnds9.a(ffsystem.c.o)
                0x0200be7c                ff_mutex_delete
 .text.ff_mutex_take
                0x0200be80       0x1c /opt/wonderful/thirdparty/blocksds/core/libs/libnds/lib/libnds9.a(ffsystem.c.o)
                0x0200be80                ff_mutex_take
 .text.ff_mutex_give
                0x0200be9c       0x10 /opt/wonderful/thirdparty/blocksds/core/libs/libnds/lib/libnds9.a(ffsystem.c.o)
                0x0200be9c                ff_mutex_give
 .text.disk_status
                0x0200beac       0x28 /opt/wonderful/thirdparty/blocksds/core/libs/libnds/lib/libnds9.a(diskio.c.o)
                0x0200beac                disk_status
 .text.disk_initialize
                0x0200bed4       0x50 /opt/wonderful/thirdparty/blocksds/core/libs/libnds/lib/libnds9.a(diskio.c.o)
                0x0200bed4                disk_initialize
 .text.disk_read
                0x0200bf24       0xf8 /opt/wonderful/thirdparty/blocksds/core/libs/libnds/lib/libnds9.a(diskio.c.o)
                0x0200bf24                disk_read
 .text.disk_write
                0x0200c01c       0xc8 /opt/wonderful/thirdparty/blocksds/core/libs/libnds/lib/libnds9.a(diskio.c.o)
                0x0200c01c                disk_write
 .text.disk_ioctl
                0x0200c0e4       0x2c /opt/wonderful/thirdparty/blocksds/core/libs/libnds/lib/libnds9.a(diskio.c.o)
                0x0200c0e4                disk_ioctl
 .text.get_fattime
                0x0200c110       0x40 /opt/wonderful/thirdparty/blocksds/core/libs/libnds/lib/libnds9.a(diskio.c.o)
                0x0200c110                get_fattime
 .text.cache_init
                0x0200c150       0x9c /opt/wonderful/thirdparty/blocksds/core/libs/libnds/lib/libnds9.a(cache.c.o)
                0x0200c150                cache_init
 .text.cache_sector_get
                0x0200c1ec       0x70 /opt/wonderful/thirdparty/blocksds/core/libs/libnds/lib/libnds9.a(cache.c.o)
                0x0200c1ec                cache_sector_get
 .text.cache_sector_add
                0x0200c25c      0x144 /opt/wonderful/thirdparty/blocksds/core/libs/libnds/lib/libnds9.a(cache.c.o)
                0x0200c25c                cache_sector_add
 .text.cache_sector_invalidate
                0x0200c3a0       0x44 /opt/wonderful/thirdparty/blocksds/core/libs/libnds/lib/libnds9.a(cache.c.o)
                0x0200c3a0                cache_sector_invalidate
 .text.nitrofs_read_internal
                0x0200c3e4       0x70 /opt/wonderful/thirdparty/blocksds/core/libs/libnds/lib/libnds9.a(nitrofs.c.o)
 .text.nitrofs_dir_state_init
                0x0200c454       0xa8 /opt/wonderful/thirdparty/blocksds/core/libs/libnds/lib/libnds9.a(nitrofs.c.o)
 .text.nitrofs_dir_state_next
                0x0200c4fc       0xc0 /opt/wonderful/thirdparty/blocksds/core/libs/libnds/lib/libnds9.a(nitrofs.c.o)
 .text.nitrofs_dir_step
                0x0200c5bc       0xf4 /opt/wonderful/thirdparty/blocksds/core/libs/libnds/lib/libnds9.a(nitrofs.c.o)
 .text.nitrofs_use_for_path
                0x0200c6b0       0x30 /opt/wonderful/thirdparty/blocksds/core/libs/libnds/lib/libnds9.a(nitrofs.c.o)
                0x0200c6b0                nitrofs_use_for_path
 .text.nitrofs_path_resolve
                0x0200c6e0       0x68 /opt/wonderful/thirdparty/blocksds/core/libs/libnds/lib/libnds9.a(nitrofs.c.o)
                0x0200c6e0                nitrofs_path_resolve
 .text.nitrofs_chdir
                0x0200c748       0x24 /opt/wonderful/thirdparty/blocksds/core/libs/libnds/lib/libnds9.a(nitrofs.c.o)
                0x0200c748                nitrofs_chdir
 .text.nitrofs_read
                0x0200c76c       0x30 /opt/wonderful/thirdparty/blocksds/core/libs/libnds/lib/libnds9.a(nitrofs.c.o)
                0x0200c76c                nitrofs_read
 .text.nitrofs_lseek
                0x0200c79c       0x54 /opt/wonderful/thirdparty/blocksds/core/libs/libnds/lib/libnds9.a(nitrofs.c.o)
                0x0200c79c                nitrofs_lseek
 .text.nitrofs_close
                0x0200c7f0       0x10 /opt/wonderful/thirdparty/blocksds/core/libs/libnds/lib/libnds9.a(nitrofs.c.o)
                0x0200c7f0                nitrofs_close
 .text.nitroFSOpenById
                0x0200c800       0x6c /opt/wonderful/thirdparty/blocksds/core/libs/libnds/lib/libnds9.a(nitrofs.c.o)
                0x0200c800                nitroFSOpenById
 .text.nitrofs_open
                0x0200c86c       0x4c /opt/wonderful/thirdparty/blocksds/core/libs/libnds/lib/libnds9.a(nitrofs.c.o)
                0x0200c86c                nitrofs_open
 .text.nitroFSInit
                0x0200c8b8      0x138 /opt/wonderful/thirdparty/blocksds/core/libs/libnds/lib/libnds9.a(nitrofs.c.o)
                0x0200c8b8                nitroFSInit
 .text.build_argv
                0x0200c9f0       0x58 /opt/wonderful/thirdparty/blocksds/core/libs/libnds/lib/libnds9.a(crt0_argv.c.o)
                0x0200c9f0                build_argv
 .text.chdir    0x0200ca48      0x114 /opt/wonderful/thirdparty/blocksds/core/libs/libnds/lib/libnds9.a(chdir.c.o)
                0x0200ca48                chdir
 .text.putc_buffered
                0x0200cb5c       0x98 /opt/wonderful/thirdparty/blocksds/core/libs/libnds/lib/libnds9.a(iob.c.o)
 .text.stdout_putc_buffered
                0x0200cbf4       0x20 /opt/wonderful/thirdparty/blocksds/core/libs/libnds/lib/libnds9.a(iob.c.o)
 .text.stderr_putc_buffered
                0x0200cc14       0x20 /opt/wonderful/thirdparty/blocksds/core/libs/libnds/lib/libnds9.a(iob.c.o)
 .text.stdin_getc_keyboard
                0x0200cc34       0xe4 /opt/wonderful/thirdparty/blocksds/core/libs/libnds/lib/libnds9.a(iob.c.o)
 .text.dldi_arm7_write_sectors
                0x0200cd18       0x64 /opt/wonderful/thirdparty/blocksds/core/libs/libnds/lib/libnds9.a(dldi.c.o)
                0x0200cd18                dldi_arm7_write_sectors
 .text.dldi_arm7_is_inserted
                0x0200cd7c       0x3c /opt/wonderful/thirdparty/blocksds/core/libs/libnds/lib/libnds9.a(dldi.c.o)
                0x0200cd7c                dldi_arm7_is_inserted
 .text.dldi_arm7_clear_status
                0x0200cdb8       0x3c /opt/wonderful/thirdparty/blocksds/core/libs/libnds/lib/libnds9.a(dldi.c.o)
                0x0200cdb8                dldi_arm7_clear_status
 .text.dldi_arm7_shutdown
                0x0200cdf4       0x3c /opt/wonderful/thirdparty/blocksds/core/libs/libnds/lib/libnds9.a(dldi.c.o)
                0x0200cdf4                dldi_arm7_shutdown
 .text.dldi_arm7_startup
                0x0200ce30       0x50 /opt/wonderful/thirdparty/blocksds/core/libs/libnds/lib/libnds9.a(dldi.c.o)
                0x0200ce30                dldi_arm7_startup
 .text.dldi_arm7_read_sectors
                0x0200ce80       0x64 /opt/wonderful/thirdparty/blocksds/core/libs/libnds/lib/libnds9.a(dldi.c.o)
                0x0200ce80                dldi_arm7_read_sectors
 .text.dldiGetInternal
                0x0200cee4       0xb0 /opt/wonderful/thirdparty/blocksds/core/libs/libnds/lib/libnds9.a(dldi.c.o)
                0x0200cee4                dldiGetInternal
 .text.dldiGetStubDataEnd
                0x0200cf94       0x1c /opt/wonderful/thirdparty/blocksds/core/libs/libnds/lib/libnds9.a(dldi.c.o)
                0x0200cf94                dldiGetStubDataEnd
 .text.dldiGetStubEnd
                0x0200cfb0        0x8 /opt/wonderful/thirdparty/blocksds/core/libs/libnds/lib/libnds9.a(dldi.c.o)
                0x0200cfb0                dldiGetStubEnd
 .text.fifo_buffer_enqueue_block
                0x0200cfb8       0x44 /opt/wonderful/thirdparty/blocksds/core/libs/libnds/lib/libnds9.a(fifosystem.c.o)
 .text.fifo_buffer_wait_block
                0x0200cffc       0x80 /opt/wonderful/thirdparty/blocksds/core/libs/libnds/lib/libnds9.a(fifosystem.c.o)
 .text.fifoInternalSend.part.0
                0x0200d07c       0xcc /opt/wonderful/thirdparty/blocksds/core/libs/libnds/lib/libnds9.a(fifosystem.c.o)
 .text.fifoInternalSendInterrupt
                0x0200d148       0xb0 /opt/wonderful/thirdparty/blocksds/core/libs/libnds/lib/libnds9.a(fifosystem.c.o)
 .text.fifoSetValue32Handler
                0x0200d1f8       0xd4 /opt/wonderful/thirdparty/blocksds/core/libs/libnds/lib/libnds9.a(fifosystem.c.o)
                0x0200d1f8                fifoSetValue32Handler
 .text.fifoSendValue32
                0x0200d2cc       0x50 /opt/wonderful/thirdparty/blocksds/core/libs/libnds/lib/libnds9.a(fifosystem.c.o)
                0x0200d2cc                fifoSendValue32
 .text.fifoSendDatamsg
                0x0200d31c       0x94 /opt/wonderful/thirdparty/blocksds/core/libs/libnds/lib/libnds9.a(fifosystem.c.o)
                0x0200d31c                fifoSendDatamsg
 .text.fifoGetValue32
                0x0200d3b0       0x70 /opt/wonderful/thirdparty/blocksds/core/libs/libnds/lib/libnds9.a(fifosystem.c.o)
                0x0200d3b0                fifoGetValue32
 .text.fifoGetDatamsg
                0x0200d420       0xe8 /opt/wonderful/thirdparty/blocksds/core/libs/libnds/lib/libnds9.a(fifosystem.c.o)
                0x0200d420                fifoGetDatamsg
 .text.fifoInternalRecvInterrupt
                0x0200d508      0x310 /opt/wonderful/thirdparty/blocksds/core/libs/libnds/lib/libnds9.a(fifosystem.c.o)
 .text.fifoSetDatamsgHandler
                0x0200d818       0x9c /opt/wonderful/thirdparty/blocksds/core/libs/libnds/lib/libnds9.a(fifosystem.c.o)
                0x0200d818                fifoSetDatamsgHandler
 .text.fifoCheckValue32
                0x0200d8b4       0x24 /opt/wonderful/thirdparty/blocksds/core/libs/libnds/lib/libnds9.a(fifosystem.c.o)
                0x0200d8b4                fifoCheckValue32
 .text.fifoInit
                0x0200d8d8      0x114 /opt/wonderful/thirdparty/blocksds/core/libs/libnds/lib/libnds9.a(fifosystem.c.o)
                0x0200d8d8                fifoInit
 .text.fifoMutexAcquire
                0x0200d9ec       0x30 /opt/wonderful/thirdparty/blocksds/core/libs/libnds/lib/libnds9.a(fifosystem.c.o)
                0x0200d9ec                fifoMutexAcquire
 .text.fifoMutexRelease
                0x0200da1c       0x14 /opt/wonderful/thirdparty/blocksds/core/libs/libnds/lib/libnds9.a(fifosystem.c.o)
                0x0200da1c                fifoMutexRelease
 .text.irqDummy
                0x0200da30        0x4 /opt/wonderful/thirdparty/blocksds/core/libs/libnds/lib/libnds9.a(interrupts.c.o)
                0x0200da30                irqDummy
 .text.irqSet   0x0200da34       0x78 /opt/wonderful/thirdparty/blocksds/core/libs/libnds/lib/libnds9.a(interrupts.c.o)
                0x0200da34                irqSet
 .text.irqInit  0x0200daac       0x50 /opt/wonderful/thirdparty/blocksds/core/libs/libnds/lib/libnds9.a(interrupts.c.o)
                0x0200daac                irqInit
 .text.irqEnable
                0x0200dafc       0x64 /opt/wonderful/thirdparty/blocksds/core/libs/libnds/lib/libnds9.a(interrupts.c.o)
                0x0200dafc                irqEnable
 .text.cardPolledTransfer
                0x0200db60       0x54 /opt/wonderful/thirdparty/blocksds/core/libs/libnds/lib/libnds9.a(card.c.o)
                0x0200db60                cardPolledTransfer
 .text.cardRead
                0x0200dbb4      0x120 /opt/wonderful/thirdparty/blocksds/core/libs/libnds/lib/libnds9.a(card.c.o)
                0x0200dbb4                cardRead
 .text.systemErrorExit
                0x0200dcd4        0x4 /opt/wonderful/thirdparty/blocksds/core/libs/libnds/lib/libnds9.a(exit.c.o)
                0x0200dcd4                systemErrorExit
 .text.__libnds_exit
                0x0200dcd8        0x8 /opt/wonderful/thirdparty/blocksds/core/libs/libnds/lib/libnds9.a(exit.c.o)
                0x0200dcd8                __libnds_exit
 .text._exit    0x0200dce0       0x78 /opt/wonderful/thirdparty/blocksds/core/libs/libnds/lib/libnds9.a(exit.c.o)
                0x0200dce0                _exit
 .text.sbrk     0x0200dd58       0x5c /opt/wonderful/thirdparty/blocksds/core/libs/libnds/lib/libnds9.a(sbrk.c.o)
                0x0200dd58                sbrk
 .text.cothread_delete_internal
                0x0200ddb4       0x3c /opt/wonderful/thirdparty/blocksds/core/libs/libnds/lib/libnds9.a(threads.c.o)
 .text.cothread_main
                0x0200ddf0       0x10 /opt/wonderful/thirdparty/blocksds/core/libs/libnds/lib/libnds9.a(threads.c.o)
                0x0200ddf0                cothread_main
 .text.cothread_yield
                0x0200de00       0x14 /opt/wonderful/thirdparty/blocksds/core/libs/libnds/lib/libnds9.a(threads.c.o)
                0x0200de00                cothread_yield
 .text.cothread_yield_irq
                0x0200de14       0x18 /opt/wonderful/thirdparty/blocksds/core/libs/libnds/lib/libnds9.a(threads.c.o)
                0x0200de14                cothread_yield_irq
 .text.cothread_start
                0x0200de2c       0xe8 /opt/wonderful/thirdparty/blocksds/core/libs/libnds/lib/libnds9.a(threads.c.o)
                0x0200de2c                cothread_start
 .text.__ndsabi_coro_resume
                0x0200df14       0x18 /opt/wonderful/thirdparty/blocksds/core/libs/libnds/lib/libnds9.a(coroutine.s.o)
                0x0200df14                __ndsabi_coro_resume
 .text.__ndsabi_coro_yield
                0x0200df2c       0x1c /opt/wonderful/thirdparty/blocksds/core/libs/libnds/lib/libnds9.a(coroutine.s.o)
                0x0200df2c                __ndsabi_coro_yield
 .text.__ndsabi_coro_pop_noctx
                0x0200df48       0x34 /opt/wonderful/thirdparty/blocksds/core/libs/libnds/lib/libnds9.a(coroutine.s.o)
                0x0200df48                __ndsabi_coro_pop_noctx
 .text.__aeabi_read_tp
                0x0200df7c        0xc /opt/wonderful/thirdparty/blocksds/core/libs/libnds/lib/libnds9.a(aeabi_read_tp.s.o)
                0x0200df7c                __aeabi_read_tp
 .text.checkIfText
                0x0200df88       0x5c /opt/wonderful/thirdparty/blocksds/core/libs/libnds/lib/libnds9.a(background.c.o)
                0x0200df88                checkIfText
 .text.bgUpdate
                0x0200dfe4       0xf4 /opt/wonderful/thirdparty/blocksds/core/libs/libnds/lib/libnds9.a(background.c.o)
                0x0200dfe4                bgUpdate
 .text.bgInit_call
                0x0200e0d8       0xac /opt/wonderful/thirdparty/blocksds/core/libs/libnds/lib/libnds9.a(background.c.o)
                0x0200e0d8                bgInit_call
 .text.bgInitSub_call
                0x0200e184       0xb4 /opt/wonderful/thirdparty/blocksds/core/libs/libnds/lib/libnds9.a(background.c.o)
                0x0200e184                bgInitSub_call
 .text.systemValueHandler
                0x0200e238       0x44 /opt/wonderful/thirdparty/blocksds/core/libs/libnds/lib/libnds9.a(system.c.o)
                0x0200e238                systemValueHandler
 .text.systemMsgHandler
                0x0200e27c       0x78 /opt/wonderful/thirdparty/blocksds/core/libs/libnds/lib/libnds9.a(system.c.o)
                0x0200e27c                systemMsgHandler
 .text.powerOn  0x0200e2f4       0x2c /opt/wonderful/thirdparty/blocksds/core/libs/libnds/lib/libnds9.a(system.c.o)
                0x0200e2f4                powerOn
 .text.keyboardGetKey
                0x0200e320       0x5c /opt/wonderful/thirdparty/blocksds/core/libs/libnds/lib/libnds9.a(keyboard.c.o)
                0x0200e320                keyboardGetKey
 .text.keyboardShiftState
                0x0200e37c       0x88 /opt/wonderful/thirdparty/blocksds/core/libs/libnds/lib/libnds9.a(keyboard.c.o)
                0x0200e37c                keyboardShiftState
 .text.swapKeyGfx
                0x0200e404      0x164 /opt/wonderful/thirdparty/blocksds/core/libs/libnds/lib/libnds9.a(keyboard.c.o)
                0x0200e404                swapKeyGfx
 .text.keyboardUpdate
                0x0200e568       0xf0 /opt/wonderful/thirdparty/blocksds/core/libs/libnds/lib/libnds9.a(keyboard.c.o)
                0x0200e568                keyboardUpdate
 .text.keyboardShow
                0x0200e658       0xd8 /opt/wonderful/thirdparty/blocksds/core/libs/libnds/lib/libnds9.a(keyboard.c.o)
                0x0200e658                keyboardShow
 .text.keyboardHide
                0x0200e730       0x8c /opt/wonderful/thirdparty/blocksds/core/libs/libnds/lib/libnds9.a(keyboard.c.o)
                0x0200e730                keyboardHide
 .text.__ndsabi_coro_make_noctx
                0x0200e7bc       0x24 /opt/wonderful/thirdparty/blocksds/core/libs/libnds/lib/libnds9.a(coroutine.c.o)
                0x0200e7bc                __ndsabi_coro_make_noctx
 .text.touchRead
                0x0200e7e0       0x3c /opt/wonderful/thirdparty/blocksds/core/libs/libnds/lib/libnds9.a(touch.c.o)
                0x0200e7e0                touchRead
 .text.calloc   0x0200e81c       0xb8 /opt/wonderful/toolchain/gcc-arm-none-eabi/lib/gcc/arm-none-eabi/13.2.0/../../../../arm-none-eabi/lib/thumb/arm7tdmi/libc.a(malloc-calloc.c.o)
                0x0200e81c                calloc
 .text.malloc_trim
                0x0200e8d4       0xa0 /opt/wonderful/toolchain/gcc-arm-none-eabi/lib/gcc/arm-none-eabi/13.2.0/../../../../arm-none-eabi/lib/thumb/arm7tdmi/libc.a(malloc-free.c.o)
                0x0200e8d4                malloc_trim
 .text.free     0x0200e974      0x168 /opt/wonderful/toolchain/gcc-arm-none-eabi/lib/gcc/arm-none-eabi/13.2.0/../../../../arm-none-eabi/lib/thumb/arm7tdmi/libc.a(malloc-free.c.o)
                0x0200e974                __malloc_free
                0x0200e974                free
 .text.malloc   0x0200eadc      0x434 /opt/wonderful/toolchain/gcc-arm-none-eabi/lib/gcc/arm-none-eabi/13.2.0/../../../../arm-none-eabi/lib/thumb/arm7tdmi/libc.a(malloc-malloc.c.o)
                0x0200eadc                malloc
 .text.realloc  0x0200ef10      0x360 /opt/wonderful/toolchain/gcc-arm-none-eabi/lib/gcc/arm-none-eabi/13.2.0/../../../../arm-none-eabi/lib/thumb/arm7tdmi/libc.a(malloc-realloc.c.o)
                0x0200ef10                realloc
 .text.__libc_init_array
                0x0200f270       0x60 /opt/wonderful/toolchain/gcc-arm-none-eabi/lib/gcc/arm-none-eabi/13.2.0/../../../../arm-none-eabi/lib/thumb/arm7tdmi/libc.a(libc_misc_init.c.o)
                0x0200f270                __libc_init_array
 .text.__retarget_lock_init
                0x0200f2d0        0x2 /opt/wonderful/toolchain/gcc-arm-none-eabi/lib/gcc/arm-none-eabi/13.2.0/../../../../arm-none-eabi/lib/thumb/arm7tdmi/libc.a(libc_misc_lock.c.o)
                0x0200f2d0                __retarget_lock_init
 .text.__retarget_lock_close
                0x0200f2d2        0x2 /opt/wonderful/toolchain/gcc-arm-none-eabi/lib/gcc/arm-none-eabi/13.2.0/../../../../arm-none-eabi/lib/thumb/arm7tdmi/libc.a(libc_misc_lock.c.o)
                0x0200f2d2                __retarget_lock_close
 .text.__retarget_lock_acquire
                0x0200f2d4        0x2 /opt/wonderful/toolchain/gcc-arm-none-eabi/lib/gcc/arm-none-eabi/13.2.0/../../../../arm-none-eabi/lib/thumb/arm7tdmi/libc.a(libc_misc_lock.c.o)
                0x0200f2d4                __retarget_lock_acquire
 .text.__retarget_lock_acquire_recursive
                0x0200f2d6        0x2 /opt/wonderful/toolchain/gcc-arm-none-eabi/lib/gcc/arm-none-eabi/13.2.0/../../../../arm-none-eabi/lib/thumb/arm7tdmi/libc.a(libc_misc_lock.c.o)
                0x0200f2d6                __retarget_lock_acquire_recursive
 .text.__retarget_lock_release
                0x0200f2d8        0x2 /opt/wonderful/toolchain/gcc-arm-none-eabi/lib/gcc/arm-none-eabi/13.2.0/../../../../arm-none-eabi/lib/thumb/arm7tdmi/libc.a(libc_misc_lock.c.o)
                0x0200f2d8                __retarget_lock_release
 .text.__retarget_lock_release_recursive
                0x0200f2da        0x2 /opt/wonderful/toolchain/gcc-arm-none-eabi/lib/gcc/arm-none-eabi/13.2.0/../../../../arm-none-eabi/lib/thumb/arm7tdmi/libc.a(libc_misc_lock.c.o)
                0x0200f2da                __retarget_lock_release_recursive
 .text.exit     0x0200f2dc       0x20 /opt/wonderful/toolchain/gcc-arm-none-eabi/lib/gcc/arm-none-eabi/13.2.0/../../../../arm-none-eabi/lib/thumb/arm7tdmi/libc.a(libc_stdlib_pico-exit.c.o)
                0x0200f2dc                exit
 .text.memcmp   0x0200f2fc       0x20 /opt/wonderful/toolchain/gcc-arm-none-eabi/lib/gcc/arm-none-eabi/13.2.0/../../../../arm-none-eabi/lib/thumb/arm7tdmi/libc.a(libc_string_memcmp.c.o)
                0x0200f2fc                memcmp
 .text.strchr   0x0200f31c       0x1e /opt/wonderful/toolchain/gcc-arm-none-eabi/lib/gcc/arm-none-eabi/13.2.0/../../../../arm-none-eabi/lib/thumb/arm7tdmi/libc.a(libc_string_strchr.c.o)
                0x0200f31c                strchr
 .text.strdup   0x0200f33a       0x24 /opt/wonderful/toolchain/gcc-arm-none-eabi/lib/gcc/arm-none-eabi/13.2.0/../../../../arm-none-eabi/lib/thumb/arm7tdmi/libc.a(libc_string_strdup.c.o)
                0x0200f33a                strdup
 .text.strncmp  0x0200f35e       0x26 /opt/wonderful/toolchain/gcc-arm-none-eabi/lib/gcc/arm-none-eabi/13.2.0/../../../../arm-none-eabi/lib/thumb/arm7tdmi/libc.a(libc_string_strncmp.c.o)
                0x0200f35e                strncmp
 .text.strstr   0x0200f384       0x30 /opt/wonderful/toolchain/gcc-arm-none-eabi/lib/gcc/arm-none-eabi/13.2.0/../../../../arm-none-eabi/lib/thumb/arm7tdmi/libc.a(libc_string_strstr.c.o)
                0x0200f384                strstr
 .text.localtime
                0x0200f3b4       0x1c /opt/wonderful/toolchain/gcc-arm-none-eabi/lib/gcc/arm-none-eabi/13.2.0/../../../../arm-none-eabi/lib/thumb/arm7tdmi/libc.a(libc_time_lcltime.c.o)
                0x0200f3b4                localtime
 .text.localtime_r
                0x0200f3d0      0x1fc /opt/wonderful/toolchain/gcc-arm-none-eabi/lib/gcc/arm-none-eabi/13.2.0/../../../../arm-none-eabi/lib/thumb/arm7tdmi/libc.a(libc_time_lcltime_r.c.o)
                0x0200f3d0                localtime_r
 .text.time     0x0200f5cc       0x2e /opt/wonderful/toolchain/gcc-arm-none-eabi/lib/gcc/arm-none-eabi/13.2.0/../../../../arm-none-eabi/lib/thumb/arm7tdmi/libc.a(libc_time_time.c.o)
                0x0200f5cc                time
 *fill*         0x0200f5fa        0x2 ff
 .text.__tzcalc_limits
                0x0200f5fc      0x180 /opt/wonderful/toolchain/gcc-arm-none-eabi/lib/gcc/arm-none-eabi/13.2.0/../../../../arm-none-eabi/lib/thumb/arm7tdmi/libc.a(libc_time_tzcalc_limits.c.o)
                0x0200f5fc                __tzcalc_limits
 .text._tzset_unlocked
                0x0200f77c      0x3f4 /opt/wonderful/toolchain/gcc-arm-none-eabi/lib/gcc/arm-none-eabi/13.2.0/../../../../arm-none-eabi/lib/thumb/arm7tdmi/libc.a(libc_time_tzset.c.o)
                0x0200f77c                _tzset_unlocked
 .text.fclose   0x0200fb70       0x20 /opt/wonderful/toolchain/gcc-arm-none-eabi/lib/gcc/arm-none-eabi/13.2.0/../../../../arm-none-eabi/lib/thumb/arm7tdmi/libc.a(libc_tinystdio_fclose.c.o)
                0x0200fb70                fclose
 .text.fflush   0x0200fb90       0x1a /opt/wonderful/toolchain/gcc-arm-none-eabi/lib/gcc/arm-none-eabi/13.2.0/../../../../arm-none-eabi/lib/thumb/arm7tdmi/libc.a(libc_tinystdio_fflush.c.o)
                0x0200fb90                fflush
 .text.fileno   0x0200fbaa       0x10 /opt/wonderful/toolchain/gcc-arm-none-eabi/lib/gcc/arm-none-eabi/13.2.0/../../../../arm-none-eabi/lib/thumb/arm7tdmi/libc.a(libc_tinystdio_fileno.c.o)
                0x0200fbaa                fileno
 *fill*         0x0200fbba        0x2 ff
 .text.fread    0x0200fbbc      0x19c /opt/wonderful/toolchain/gcc-arm-none-eabi/lib/gcc/arm-none-eabi/13.2.0/../../../../arm-none-eabi/lib/thumb/arm7tdmi/libc.a(libc_tinystdio_fread.c.o)
                0x0200fbbc                fread
 .text.fseek    0x0200fd58       0x48 /opt/wonderful/toolchain/gcc-arm-none-eabi/lib/gcc/arm-none-eabi/13.2.0/../../../../arm-none-eabi/lib/thumb/arm7tdmi/libc.a(libc_tinystdio_fseek.c.o)
                0x0200fd58                fseek
 .text.ftell    0x0200fda0       0x34 /opt/wonderful/toolchain/gcc-arm-none-eabi/lib/gcc/arm-none-eabi/13.2.0/../../../../arm-none-eabi/lib/thumb/arm7tdmi/libc.a(libc_tinystdio_ftell.c.o)
                0x0200fda0                ftell
 .text.printf   0x0200fdd4       0x20 /opt/wonderful/toolchain/gcc-arm-none-eabi/lib/gcc/arm-none-eabi/13.2.0/../../../../arm-none-eabi/lib/thumb/arm7tdmi/libc.a(libc_tinystdio_printf.c.o)
                0x0200fdd4                printf
 .text.puts     0x0200fdf4       0x4c /opt/wonderful/toolchain/gcc-arm-none-eabi/lib/gcc/arm-none-eabi/13.2.0/../../../../arm-none-eabi/lib/thumb/arm7tdmi/libc.a(libc_tinystdio_puts.c.o)
                0x0200fdf4                puts
 .text.rewind   0x0200fe40       0x1a /opt/wonderful/toolchain/gcc-arm-none-eabi/lib/gcc/arm-none-eabi/13.2.0/../../../../arm-none-eabi/lib/thumb/arm7tdmi/libc.a(libc_tinystdio_rewind.c.o)
                0x0200fe40                rewind
 .text.setvbuf  0x0200fe5a       0x20 /opt/wonderful/toolchain/gcc-arm-none-eabi/lib/gcc/arm-none-eabi/13.2.0/../../../../arm-none-eabi/lib/thumb/arm7tdmi/libc.a(libc_tinystdio_setvbuf.c.o)
                0x0200fe5a                setvbuf
 *fill*         0x0200fe7a        0x2 ff
 .text.snprintf
                0x0200fe7c       0x5c /opt/wonderful/toolchain/gcc-arm-none-eabi/lib/gcc/arm-none-eabi/13.2.0/../../../../arm-none-eabi/lib/thumb/arm7tdmi/libc.a(libc_tinystdio_snprintf.c.o)
                0x0200fe7c                snprintf
 .text.sscanf   0x0200fed8       0x3c /opt/wonderful/toolchain/gcc-arm-none-eabi/lib/gcc/arm-none-eabi/13.2.0/../../../../arm-none-eabi/lib/thumb/arm7tdmi/libc.a(libc_tinystdio_sscanf.c.o)
                0x0200fed8                sscanf
 .text.strtoul  0x0200ff14      0x128 /opt/wonderful/toolchain/gcc-arm-none-eabi/lib/gcc/arm-none-eabi/13.2.0/../../../../arm-none-eabi/lib/thumb/arm7tdmi/libc.a(libc_tinystdio_strtoul.c.o)
                0x0200ff14                strtoul
 .text.__ultoa_invert
                0x0201003c       0x56 /opt/wonderful/toolchain/gcc-arm-none-eabi/lib/gcc/arm-none-eabi/13.2.0/../../../../arm-none-eabi/lib/thumb/arm7tdmi/libc.a(libc_tinystdio_vfprintf.c.o)
 *fill*         0x02010092        0x2 ff
 .text.skip_to_arg
                0x02010094      0x140 /opt/wonderful/toolchain/gcc-arm-none-eabi/lib/gcc/arm-none-eabi/13.2.0/../../../../arm-none-eabi/lib/thumb/arm7tdmi/libc.a(libc_tinystdio_vfprintf.c.o)
 .text.vfprintf
                0x020101d4      0xa30 /opt/wonderful/toolchain/gcc-arm-none-eabi/lib/gcc/arm-none-eabi/13.2.0/../../../../arm-none-eabi/lib/thumb/arm7tdmi/libc.a(libc_tinystdio_vfprintf.c.o)
                0x020101d4                __d_vfprintf
                0x020101d4                vfprintf
 .text.scanf_getc
                0x02010c04       0x18 /opt/wonderful/toolchain/gcc-arm-none-eabi/lib/gcc/arm-none-eabi/13.2.0/../../../../arm-none-eabi/lib/thumb/arm7tdmi/libc.a(libc_tinystdio_vfscanf.c.o)
 .text.putval   0x02010c1c       0x2e /opt/wonderful/toolchain/gcc-arm-none-eabi/lib/gcc/arm-none-eabi/13.2.0/../../../../arm-none-eabi/lib/thumb/arm7tdmi/libc.a(libc_tinystdio_vfscanf.c.o)
 .text.scanf_ungetc.isra.0
                0x02010c4a       0x18 /opt/wonderful/toolchain/gcc-arm-none-eabi/lib/gcc/arm-none-eabi/13.2.0/../../../../arm-none-eabi/lib/thumb/arm7tdmi/libc.a(libc_tinystdio_vfscanf.c.o)
 .text.skip_spaces
                0x02010c62       0x2e /opt/wonderful/toolchain/gcc-arm-none-eabi/lib/gcc/arm-none-eabi/13.2.0/../../../../arm-none-eabi/lib/thumb/arm7tdmi/libc.a(libc_tinystdio_vfscanf.c.o)
 .text.vfscanf  0x02010c90      0x97c /opt/wonderful/toolchain/gcc-arm-none-eabi/lib/gcc/arm-none-eabi/13.2.0/../../../../arm-none-eabi/lib/thumb/arm7tdmi/libc.a(libc_tinystdio_vfscanf.c.o)
                0x02010c90                __d_vfscanf
                0x02010c90                vfscanf
 .text.mulShiftAll64
                0x0201160c      0x1ea /opt/wonderful/toolchain/gcc-arm-none-eabi/lib/gcc/arm-none-eabi/13.2.0/../../../../arm-none-eabi/lib/thumb/arm7tdmi/libc.a(libc_tinystdio_dtoa_ryu.c.o)
 *fill*         0x020117f6        0x2 ff
 .text.div10    0x020117f8       0x28 /opt/wonderful/toolchain/gcc-arm-none-eabi/lib/gcc/arm-none-eabi/13.2.0/../../../../arm-none-eabi/lib/thumb/arm7tdmi/libc.a(libc_tinystdio_dtoa_ryu.c.o)
 .text.__dtoa_engine
                0x02011820      0x494 /opt/wonderful/toolchain/gcc-arm-none-eabi/lib/gcc/arm-none-eabi/13.2.0/../../../../arm-none-eabi/lib/thumb/arm7tdmi/libc.a(libc_tinystdio_dtoa_ryu.c.o)
                0x02011820                __dtoa_engine
 .text.__pow5Factor
                0x02011cb4       0x30 /opt/wonderful/toolchain/gcc-arm-none-eabi/lib/gcc/arm-none-eabi/13.2.0/../../../../arm-none-eabi/lib/thumb/arm7tdmi/libc.a(libc_tinystdio_ryu_table.c.o)
                0x02011cb4                __pow5Factor
 .text.__double_computePow5
                0x02011ce4      0x100 /opt/wonderful/toolchain/gcc-arm-none-eabi/lib/gcc/arm-none-eabi/13.2.0/../../../../arm-none-eabi/lib/thumb/arm7tdmi/libc.a(libc_tinystdio_ryu_table.c.o)
                0x02011ce4                __double_computePow5
 .text.__double_computeInvPow5
                0x02011de4      0x104 /opt/wonderful/toolchain/gcc-arm-none-eabi/lib/gcc/arm-none-eabi/13.2.0/../../../../arm-none-eabi/lib/thumb/arm7tdmi/libc.a(libc_tinystdio_ryu_table.c.o)
                0x02011de4                __double_computeInvPow5
 .text.mulShift64
                0x02011ee8       0x68 /opt/wonderful/toolchain/gcc-arm-none-eabi/lib/gcc/arm-none-eabi/13.2.0/../../../../arm-none-eabi/lib/thumb/arm7tdmi/libc.a(libc_tinystdio_atod_ryu.c.o)
 .text.__atod_engine
                0x02011f50      0x164 /opt/wonderful/toolchain/gcc-arm-none-eabi/lib/gcc/arm-none-eabi/13.2.0/../../../../arm-none-eabi/lib/thumb/arm7tdmi/libc.a(libc_tinystdio_atod_ryu.c.o)
                0x02011f50                __atod_engine
 .text.__atof_engine
                0x020120b4      0x122 /opt/wonderful/toolchain/gcc-arm-none-eabi/lib/gcc/arm-none-eabi/13.2.0/../../../../arm-none-eabi/lib/thumb/arm7tdmi/libc.a(libc_tinystdio_atof_ryu.c.o)
                0x020120b4                __atof_engine
 *fill*         0x020121d6        0x2 ff
 .text.__log2pow5
                0x020121d8        0xc /opt/wonderful/toolchain/gcc-arm-none-eabi/lib/gcc/arm-none-eabi/13.2.0/../../../../arm-none-eabi/lib/thumb/arm7tdmi/libc.a(libc_tinystdio_ryu_log2pow5.c.o)
                0x020121d8                __log2pow5
 .text.__ceil_log2pow5
                0x020121e4       0x10 /opt/wonderful/toolchain/gcc-arm-none-eabi/lib/gcc/arm-none-eabi/13.2.0/../../../../arm-none-eabi/lib/thumb/arm7tdmi/libc.a(libc_tinystdio_ryu_log2pow5.c.o)
                0x020121e4                __ceil_log2pow5
 .text.__log10Pow2
                0x020121f4        0xc /opt/wonderful/toolchain/gcc-arm-none-eabi/lib/gcc/arm-none-eabi/13.2.0/../../../../arm-none-eabi/lib/thumb/arm7tdmi/libc.a(libc_tinystdio_ryu_log10.c.o)
                0x020121f4                __log10Pow2
 .text.__log10Pow5
                0x02012200        0xc /opt/wonderful/toolchain/gcc-arm-none-eabi/lib/gcc/arm-none-eabi/13.2.0/../../../../arm-none-eabi/lib/thumb/arm7tdmi/libc.a(libc_tinystdio_ryu_log10.c.o)
                0x02012200                __log10Pow5
 .text.__pow5bits
                0x0201220c       0x10 /opt/wonderful/toolchain/gcc-arm-none-eabi/lib/gcc/arm-none-eabi/13.2.0/../../../../arm-none-eabi/lib/thumb/arm7tdmi/libc.a(libc_tinystdio_ryu_pow5bits.c.o)
                0x0201220c                __pow5bits
 .text.__umul128
                0x0201221c       0x74 /opt/wonderful/toolchain/gcc-arm-none-eabi/lib/gcc/arm-none-eabi/13.2.0/../../../../arm-none-eabi/lib/thumb/arm7tdmi/libc.a(libc_tinystdio_ryu_umul128.c.o)
                0x0201221c                __umul128
 .text.__shiftright128
                0x02012290       0x2c /opt/wonderful/toolchain/gcc-arm-none-eabi/lib/gcc/arm-none-eabi/13.2.0/../../../../arm-none-eabi/lib/thumb/arm7tdmi/libc.a(libc_tinystdio_ryu_umul128.c.o)
                0x02012290                __shiftright128
 .text.mulShift32
                0x020122bc       0x4e /opt/wonderful/toolchain/gcc-arm-none-eabi/lib/gcc/arm-none-eabi/13.2.0/../../../../arm-none-eabi/lib/thumb/arm7tdmi/libc.a(libc_tinystdio_ryu_divpow2.c.o)
 .text.__mulPow5InvDivPow2
                0x0201230a       0x2c /opt/wonderful/toolchain/gcc-arm-none-eabi/lib/gcc/arm-none-eabi/13.2.0/../../../../arm-none-eabi/lib/thumb/arm7tdmi/libc.a(libc_tinystdio_ryu_divpow2.c.o)
                0x0201230a                __mulPow5InvDivPow2
 .text.__mulPow5divPow2
                0x02012336       0x24 /opt/wonderful/toolchain/gcc-arm-none-eabi/lib/gcc/arm-none-eabi/13.2.0/../../../../arm-none-eabi/lib/thumb/arm7tdmi/libc.a(libc_tinystdio_ryu_divpow2.c.o)
                0x02012336                __mulPow5divPow2
 .text.__picolibc_non_atomic_exchange_ungetc
                0x0201235a        0x8 /opt/wonderful/toolchain/gcc-arm-none-eabi/lib/gcc/arm-none-eabi/13.2.0/../../../../arm-none-eabi/lib/thumb/arm7tdmi/libc.a(libc_tinystdio_exchange.c.o)
                0x0201235a                __atomic_exchange_ungetc
                0x0201235a                __picolibc_non_atomic_exchange_ungetc
 .text.fopen    0x02012362       0x32 /opt/wonderful/toolchain/gcc-arm-none-eabi/lib/gcc/arm-none-eabi/13.2.0/../../../../arm-none-eabi/lib/thumb/arm7tdmi/libc.a(libc_tinystdio_fopen.c.o)
                0x02012362                fopen
 .text.fdopen   0x02012394       0xa4 /opt/wonderful/toolchain/gcc-arm-none-eabi/lib/gcc/arm-none-eabi/13.2.0/../../../../arm-none-eabi/lib/thumb/arm7tdmi/libc.a(libc_tinystdio_fdopen.c.o)
                0x02012394                fdopen
 .text.memmove  0x02012438       0x28 /opt/wonderful/toolchain/gcc-arm-none-eabi/lib/gcc/arm-none-eabi/13.2.0/../../../../arm-none-eabi/lib/thumb/arm7tdmi/libc.a(memmove.c.o)
                0x02012438                memmove
                0x02012438                __aeabi_memmove8
                0x02012438                __aeabi_memmove
                0x02012438                __aeabi_memmove4
 .text.__libc_fini_array
                0x02012460       0x3c /opt/wonderful/toolchain/gcc-arm-none-eabi/lib/gcc/arm-none-eabi/13.2.0/../../../../arm-none-eabi/lib/thumb/arm7tdmi/libc.a(libc_misc_fini.c.o)
                0x02012460                __libc_fini_array
 .text.getenv   0x0201249c        0xe /opt/wonderful/toolchain/gcc-arm-none-eabi/lib/gcc/arm-none-eabi/13.2.0/../../../../arm-none-eabi/lib/thumb/arm7tdmi/libc.a(libc_stdlib_getenv.c.o)
                0x0201249c                getenv
 *fill*         0x020124aa        0x2 ff
 .text._findenv
                0x020124ac       0x80 /opt/wonderful/toolchain/gcc-arm-none-eabi/lib/gcc/arm-none-eabi/13.2.0/../../../../arm-none-eabi/lib/thumb/arm7tdmi/libc.a(libc_stdlib_getenv_r.c.o)
                0x020124ac                _findenv
 .text.strnlen  0x0201252c       0x16 /opt/wonderful/toolchain/gcc-arm-none-eabi/lib/gcc/arm-none-eabi/13.2.0/../../../../arm-none-eabi/lib/thumb/arm7tdmi/libc.a(libc_string_strnlen.c.o)
                0x0201252c                strnlen
 *fill*         0x02012542        0x2 ff
 .text.__gettzinfo
                0x02012544        0x8 /opt/wonderful/toolchain/gcc-arm-none-eabi/lib/gcc/arm-none-eabi/13.2.0/../../../../arm-none-eabi/lib/thumb/arm7tdmi/libc.a(libc_time_gettzinfo.c.o)
                0x02012544                __gettzinfo
 .text.gmtime_r
                0x0201254c      0x1ac /opt/wonderful/toolchain/gcc-arm-none-eabi/lib/gcc/arm-none-eabi/13.2.0/../../../../arm-none-eabi/lib/thumb/arm7tdmi/libc.a(libc_time_gmtime_r.c.o)
                0x0201254c                gmtime_r
 .text.__bufio_flush_locked
                0x020126f8       0x76 /opt/wonderful/toolchain/gcc-arm-none-eabi/lib/gcc/arm-none-eabi/13.2.0/../../../../arm-none-eabi/lib/thumb/arm7tdmi/libc.a(libc_tinystdio_bufio.c.o)
                0x020126f8                __bufio_flush_locked
 .text.__bufio_fill_locked
                0x0201276e       0x34 /opt/wonderful/toolchain/gcc-arm-none-eabi/lib/gcc/arm-none-eabi/13.2.0/../../../../arm-none-eabi/lib/thumb/arm7tdmi/libc.a(libc_tinystdio_bufio.c.o)
                0x0201276e                __bufio_fill_locked
 .text.__bufio_flush
                0x020127a2       0x20 /opt/wonderful/toolchain/gcc-arm-none-eabi/lib/gcc/arm-none-eabi/13.2.0/../../../../arm-none-eabi/lib/thumb/arm7tdmi/libc.a(libc_tinystdio_bufio.c.o)
                0x020127a2                __bufio_flush
 .text.__bufio_setdir_locked
                0x020127c2       0x1e /opt/wonderful/toolchain/gcc-arm-none-eabi/lib/gcc/arm-none-eabi/13.2.0/../../../../arm-none-eabi/lib/thumb/arm7tdmi/libc.a(libc_tinystdio_bufio.c.o)
                0x020127c2                __bufio_setdir_locked
 .text.__bufio_put
                0x020127e0       0x7e /opt/wonderful/toolchain/gcc-arm-none-eabi/lib/gcc/arm-none-eabi/13.2.0/../../../../arm-none-eabi/lib/thumb/arm7tdmi/libc.a(libc_tinystdio_bufio.c.o)
                0x020127e0                __bufio_put
 *fill*         0x0201285e        0x2 ff
 .text.__bufio_get
                0x02012860       0x9c /opt/wonderful/toolchain/gcc-arm-none-eabi/lib/gcc/arm-none-eabi/13.2.0/../../../../arm-none-eabi/lib/thumb/arm7tdmi/libc.a(libc_tinystdio_bufio.c.o)
                0x02012860                __bufio_get
 .text.__bufio_seek
                0x020128fc       0x74 /opt/wonderful/toolchain/gcc-arm-none-eabi/lib/gcc/arm-none-eabi/13.2.0/../../../../arm-none-eabi/lib/thumb/arm7tdmi/libc.a(libc_tinystdio_bufio.c.o)
                0x020128fc                __bufio_seek
 .text.__bufio_setvbuf
                0x02012970       0x90 /opt/wonderful/toolchain/gcc-arm-none-eabi/lib/gcc/arm-none-eabi/13.2.0/../../../../arm-none-eabi/lib/thumb/arm7tdmi/libc.a(libc_tinystdio_bufio.c.o)
                0x02012970                __bufio_setvbuf
 .text.__bufio_close
                0x02012a00       0x48 /opt/wonderful/toolchain/gcc-arm-none-eabi/lib/gcc/arm-none-eabi/13.2.0/../../../../arm-none-eabi/lib/thumb/arm7tdmi/libc.a(libc_tinystdio_bufio.c.o)
                0x02012a00                __bufio_close
 .text.__dtox_engine
                0x02012a48      0x140 /opt/wonderful/toolchain/gcc-arm-none-eabi/lib/gcc/arm-none-eabi/13.2.0/../../../../arm-none-eabi/lib/thumb/arm7tdmi/libc.a(libc_tinystdio_dtox_engine.c.o)
                0x02012a48                __dtox_engine
 .text.fgetc    0x02012b88       0x48 /opt/wonderful/toolchain/gcc-arm-none-eabi/lib/gcc/arm-none-eabi/13.2.0/../../../../arm-none-eabi/lib/thumb/arm7tdmi/libc.a(libc_tinystdio_fgetc.c.o)
                0x02012b88                getc
                0x02012b88                fgetc
 .text.__file_str_get
                0x02012bd0       0x16 /opt/wonderful/toolchain/gcc-arm-none-eabi/lib/gcc/arm-none-eabi/13.2.0/../../../../arm-none-eabi/lib/thumb/arm7tdmi/libc.a(libc_tinystdio_filestrget.c.o)
                0x02012bd0                __file_str_get
 .text.__file_str_put
                0x02012be6       0x10 /opt/wonderful/toolchain/gcc-arm-none-eabi/lib/gcc/arm-none-eabi/13.2.0/../../../../arm-none-eabi/lib/thumb/arm7tdmi/libc.a(libc_tinystdio_filestrput.c.o)
                0x02012be6                __file_str_put
 *fill*         0x02012bf6        0x2 ff
 .text.fseeko   0x02012bf8       0x48 /opt/wonderful/toolchain/gcc-arm-none-eabi/lib/gcc/arm-none-eabi/13.2.0/../../../../arm-none-eabi/lib/thumb/arm7tdmi/libc.a(libc_tinystdio_fseeko.c.o)
                0x02012bf8                fseeko
 .text.__posix_sflags
                0x02012c40       0x5c /opt/wonderful/toolchain/gcc-arm-none-eabi/lib/gcc/arm-none-eabi/13.2.0/../../../../arm-none-eabi/lib/thumb/arm7tdmi/libc.a(libc_tinystdio_sflags.c.o)
                0x02012c40                __posix_sflags
 .text.ungetc   0x02012c9c       0x3a /opt/wonderful/toolchain/gcc-arm-none-eabi/lib/gcc/arm-none-eabi/13.2.0/../../../../arm-none-eabi/lib/thumb/arm7tdmi/libc.a(libc_tinystdio_ungetc.c.o)
                0x02012c9c                ungetc
 .text.__picolibc_non_atomic_compare_exchange_ungetc
                0x02012cd6       0x16 /opt/wonderful/toolchain/gcc-arm-none-eabi/lib/gcc/arm-none-eabi/13.2.0/../../../../arm-none-eabi/lib/thumb/arm7tdmi/libc.a(libc_tinystdio_compare_exchange.c.o)
                0x02012cd6                __picolibc_non_atomic_compare_exchange_ungetc
                0x02012cd6                __atomic_compare_exchange_ungetc
 .text.gettimeofday
                0x02012cec       0x1c /opt/wonderful/thirdparty/blocksds/core/libs/libnds/lib/libnds9.a(syscalls.c.o)
                0x02012cec                gettimeofday
 .text.gettimeofday.__stub
                0x02012d08       0xf8 linker stubs
 *(EXCLUDE_FILE(*.twl*) .gnu.warning)
 *(EXCLUDE_FILE(*.twl*) .gnu.linkonce.t*)
 *(.glue_7)
 .glue_7        0x02012e20        0x0 linker stubs
 *(.glue_7t)
 .glue_7t       0x02012e20        0x0 linker stubs
                0x02012e20                        . = ALIGN (0x4)

.vfp11_veneer   0x02012e20        0x0
 .vfp11_veneer  0x02012e20        0x0 linker stubs

.v4_bx          0x02012e20        0x0
 .v4_bx         0x02012e20        0x0 linker stubs

.iplt           0x02012e20        0x0
 .iplt          0x02012e20        0x0 build/source/main.c.o

.fini
 *(.fini)
                0x02012e20                        __text_end = .

.rodata         0x02012e20     0x15a4
 *(EXCLUDE_FILE(*.twl*) .rodata)
 .rodata        0x02012e20       0x90 /opt/wonderful/thirdparty/blocksds/external/nflib/lib/libnflib.a(nf_sprite256.c.o)
 .rodata        0x02012eb0       0x14 /opt/wonderful/thirdparty/blocksds/core/libs/libnds/lib/libnds9.a(fatfs.c.o)
 .rodata        0x02012ec4       0x18 /opt/wonderful/toolchain/gcc-arm-none-eabi/lib/gcc/arm-none-eabi/13.2.0/../../../../arm-none-eabi/lib/thumb/arm7tdmi/libc.a(libc_time_month_lengths.c.o)
                0x02012ec4                __month_lengths
 .rodata        0x02012edc        0xb /opt/wonderful/toolchain/gcc-arm-none-eabi/lib/gcc/arm-none-eabi/13.2.0/../../../../arm-none-eabi/lib/thumb/arm7tdmi/libc.a(libc_tinystdio_vfscanf.c.o)
 *fill*         0x02012ee7        0x1 ff
 .rodata        0x02012ee8      0x338 /opt/wonderful/toolchain/gcc-arm-none-eabi/lib/gcc/arm-none-eabi/13.2.0/../../../../arm-none-eabi/lib/thumb/arm7tdmi/libc.a(libc_tinystdio_ryu_table.c.o)
 *all.rodata*(*)
 *(EXCLUDE_FILE(*.twl*) .roda)
 *(EXCLUDE_FILE(*.twl*) .rodata.*)
 .rodata.main.str1.4
                0x02013220      0x797 build/source/main.c.o
                                 0x58 (size before relaxing)
 .rodata.NF_Error.str1.4
                0x020139b7      0x3d0 /opt/wonderful/thirdparty/blocksds/external/nflib/lib/libnflib.a(nf_basic.c.o)
 *fill*         0x020139b7        0x1 ff
 .rodata.NF_Error
                0x020139b8       0x50 /opt/wonderful/thirdparty/blocksds/external/nflib/lib/libnflib.a(nf_basic.c.o)
 .rodata.NF_SetRootFolder.str1.4
                0x02013a08      0x25a /opt/wonderful/thirdparty/blocksds/external/nflib/lib/libnflib.a(nf_basic.c.o)
 .rodata.NF_FileLoad.str1.4
                0x02013a08        0x3 /opt/wonderful/thirdparty/blocksds/external/nflib/lib/libnflib.a(nf_basic.c.o)
 .rodata.NF_LoadSpriteGfx.str1.4
                0x02013a08       0x1a /opt/wonderful/thirdparty/blocksds/external/nflib/lib/libnflib.a(nf_sprite256.c.o)
 .rodata.NF_LoadSpritePal.str1.4
                0x02013a08       0x1a /opt/wonderful/thirdparty/blocksds/external/nflib/lib/libnflib.a(nf_sprite256.c.o)
 .rodata.NF_VramSpriteGfx.str1.4
                0x02013a08       0x20 /opt/wonderful/thirdparty/blocksds/external/nflib/lib/libnflib.a(nf_sprite256.c.o)
 .rodata.NF_VramSpritePal.str1.4
                0x02013a08       0x14 /opt/wonderful/thirdparty/blocksds/external/nflib/lib/libnflib.a(nf_sprite256.c.o)
 .rodata.NF_CreateSprite.str1.4
                0x02013a08       0x18 /opt/wonderful/thirdparty/blocksds/external/nflib/lib/libnflib.a(nf_sprite256.c.o)
 .rodata.NF_InitTiledBgBuffers.str1.4
                0x02013a08        0xd /opt/wonderful/thirdparty/blocksds/external/nflib/lib/libnflib.a(nf_tiledbg.c.o)
 .rodata.NF_LoadTiledBg.str1.4
                0x02013a08       0x37 /opt/wonderful/thirdparty/blocksds/external/nflib/lib/libnflib.a(nf_tiledbg.c.o)
 .rodata.NF_DeleteTiledBg.str1.4
                0x02013a08        0x3 /opt/wonderful/thirdparty/blocksds/external/nflib/lib/libnflib.a(nf_tiledbg.c.o)
 .rodata.con_write.str1.4
                0x02013a08       0x30 /opt/wonderful/thirdparty/blocksds/core/libs/libnds/lib/libnds9.a(console.c.o)
 .rodata.con_write
                0x02013a08       0xd4 /opt/wonderful/thirdparty/blocksds/core/libs/libnds/lib/libnds9.a(console.c.o)
 .rodata.SIN_LUT
                0x02013adc      0x102 /opt/wonderful/thirdparty/blocksds/core/libs/libnds/lib/libnds9.a(trig.c.o)
                0x02013adc                SIN_LUT
 *fill*         0x02013bde        0x2 ff
 .rodata.CSWTCH.24
                0x02013be0        0xc /opt/wonderful/thirdparty/blocksds/core/libs/libnds/lib/libnds9.a(filesystem.c.o)
 .rodata.fatGetDefaultCwd.str1.4
                0x02013bec        0xd /opt/wonderful/thirdparty/blocksds/core/libs/libnds/lib/libnds9.a(fatfs.c.o)
 .rodata.get_ldnumber.str1.4
                0x02013bec        0x7 /opt/wonderful/thirdparty/blocksds/core/libs/libnds/lib/libnds9.a(ff.c.o)
 .rodata.follow_path.str1.4
                0x02013bec       0x13 /opt/wonderful/thirdparty/blocksds/core/libs/libnds/lib/libnds9.a(ff.c.o)
 .rodata.check_fs.str1.4
                0x02013bec        0x9 /opt/wonderful/thirdparty/blocksds/core/libs/libnds/lib/libnds9.a(ff.c.o)
 .rodata.ExCvt  0x02013bec       0x80 /opt/wonderful/thirdparty/blocksds/core/libs/libnds/lib/libnds9.a(ff.c.o)
 .rodata.LfnOfs
                0x02013c6c        0xd /opt/wonderful/thirdparty/blocksds/core/libs/libnds/lib/libnds9.a(ff.c.o)
 *fill*         0x02013c79        0x3 ff
 .rodata.ff_wtoupper
                0x02013c7c       0x24 /opt/wonderful/thirdparty/blocksds/core/libs/libnds/lib/libnds9.a(ffunicode.c.o)
 .rodata.cvt2.0
                0x02013ca0       0xbc /opt/wonderful/thirdparty/blocksds/core/libs/libnds/lib/libnds9.a(ffunicode.c.o)
 .rodata.cvt1.1
                0x02013d5c      0x1f2 /opt/wonderful/thirdparty/blocksds/core/libs/libnds/lib/libnds9.a(ffunicode.c.o)
 *fill*         0x02013f4e        0x2 ff
 .rodata.uc437  0x02013f50      0x100 /opt/wonderful/thirdparty/blocksds/core/libs/libnds/lib/libnds9.a(ffunicode.c.o)
 .rodata.nitrofs_use_for_path.str1.4
                0x02014050        0xc /opt/wonderful/thirdparty/blocksds/core/libs/libnds/lib/libnds9.a(nitrofs.c.o)
 .rodata.nitroFSInit.str1.4
                0x02014050        0x2 /opt/wonderful/thirdparty/blocksds/core/libs/libnds/lib/libnds9.a(nitrofs.c.o)
 .rodata.chdir.str1.4
                0x02014050        0xb /opt/wonderful/thirdparty/blocksds/core/libs/libnds/lib/libnds9.a(chdir.c.o)
 .rodata.stderr
                0x02014050        0x4 /opt/wonderful/thirdparty/blocksds/core/libs/libnds/lib/libnds9.a(iob.c.o)
                0x02014050                stderr
 .rodata.stdout
                0x02014054        0x4 /opt/wonderful/thirdparty/blocksds/core/libs/libnds/lib/libnds9.a(iob.c.o)
                0x02014054                stdout
 .rodata.stdin  0x02014058        0x4 /opt/wonderful/thirdparty/blocksds/core/libs/libnds/lib/libnds9.a(iob.c.o)
                0x02014058                stdin
 .rodata.default_font_bin
                0x0201405c      0x2f8 /opt/wonderful/thirdparty/blocksds/core/libs/libnds/lib/libnds9.a(default_font.bin.o)
                0x0201405c                default_font_bin
 .rodata.str1.1
                0x02014354       0x70 /opt/wonderful/toolchain/gcc-arm-none-eabi/lib/gcc/arm-none-eabi/13.2.0/../../../../arm-none-eabi/lib/thumb/arm7tdmi/libc.a(libc_time_tzset.c.o)
                                 0x61 (size before relaxing)
 .rodata.str1.1
                0x020143c4        0x4 /opt/wonderful/toolchain/gcc-arm-none-eabi/lib/gcc/arm-none-eabi/13.2.0/../../../../arm-none-eabi/lib/thumb/arm7tdmi/libc.a(libc_time_tzvars.c.o)
 .rodata.str1.1
                0x020143c4        0xf /opt/wonderful/toolchain/gcc-arm-none-eabi/lib/gcc/arm-none-eabi/13.2.0/../../../../arm-none-eabi/lib/thumb/arm7tdmi/libc.a(libc_tinystdio_vfprintf.c.o)
 .rodata.str1.1
                0x020143c4       0x13 /opt/wonderful/toolchain/gcc-arm-none-eabi/lib/gcc/arm-none-eabi/13.2.0/../../../../arm-none-eabi/lib/thumb/arm7tdmi/libc.a(libc_tinystdio_vfscanf.c.o)
 *(EXCLUDE_FILE(*.twl*) .gnu.linkonce.r*)
                0x020143d8                        . = ALIGN (0x4)

.ARM.extab
 *(.ARM.extab* .gnu.linkonce.armextab.*)
                0x020143c4                        __exidx_start = .

ARM.exidx       0x020143c4        0x8
 *(.ARM.exidx* .gnu.linkonce.armexidx.*)
 .ARM.exidx     0x020143c4        0x8 /opt/wonderful/toolchain/gcc-arm-none-eabi/lib/gcc/arm-none-eabi/13.2.0/thumb/arm7tdmi/libgcc.a(_udivmoddi4.o)
                0x020143cc                        __exidx_end = .
                0x020143cc                        . = ALIGN (0x4)
                0x020143cc                        PROVIDE (__preinit_array_start = .)

.preinit_array
 *(.preinit_array)
                0x020143cc                        PROVIDE (__preinit_array_end = .)
                0x020143cc                        PROVIDE (__init_array_start = .)

.init_array
 *(SORT_BY_NAME(.init_array.*))
 *(.init_array)
                0x020143cc                        PROVIDE (__init_array_end = .)
                0x020143cc                        PROVIDE (__fini_array_start = .)

.fini_array
 *(.fini_array)
 *(SORT_BY_NAME(.fini_array.*))
                0x020143cc                        PROVIDE (__fini_array_end = .)

.ctors          0x020143cc        0x0
 *crtbegin.o(.ctors)
 *(EXCLUDE_FILE(*crtend.o) .ctors)
 *(SORT_BY_NAME(.ctors.*))
 *(.ctors)
                0x020143cc                        . = ALIGN (0x4)

.dtors          0x020143cc        0x0
 *crtbegin.o(.dtors)
 *(EXCLUDE_FILE(*crtend.o) .dtors)
 *(SORT_BY_NAME(.dtors.*))
 *(.dtors)
                0x020143cc                        . = ALIGN (0x4)

.eh_frame       0x020143cc        0x0
 *(.eh_frame)
                0x020143cc                        . = ALIGN (0x4)

.gcc_except_table
                0x020143cc        0x0
 *(.gcc_except_table)
                0x020143cc                        . = ALIGN (0x4)

.jcr
 *(.jcr)

.got            0x020143cc       0x10
 *(.got.plt)
 .got.plt       0x020143cc        0xc build/source/main.c.o
                0x020143cc                _GLOBAL_OFFSET_TABLE_
 *(.got)
 .got           0x020143d8        0x4 build/source/main.c.o
 *(.rel.got)
 .rel.got       0x020143dc        0x0 build/source/main.c.o

.ewram          0x020143dc        0x0
                0x020143dc                        __ewram_start = ABSOLUTE (.)
 *(.ewram)
 *ewram.*(.text)
                0x020143dc                        . = ALIGN (0x4)

.data           0x020143dc      0x5a0
                0x020143dc                        __data_start = ABSOLUTE (.)
 *(EXCLUDE_FILE(*.twl*) .data)
 .data          0x020143dc       0x28 /opt/wonderful/thirdparty/blocksds/core/libs/libnds/lib/libnds9.a(mpu_setup.s.o)
 .data          0x02014404      0x410 /opt/wonderful/toolchain/gcc-arm-none-eabi/lib/gcc/arm-none-eabi/13.2.0/../../../../arm-none-eabi/lib/thumb/arm7tdmi/libc.a(malloc-malloc.c.o)
                0x02014404                __malloc_sbrk_base
                0x02014408                __malloc_trim_threshold
                0x0201440c                __malloc_av_
 .data          0x02014814        0x8 /opt/wonderful/toolchain/gcc-arm-none-eabi/lib/gcc/arm-none-eabi/13.2.0/../../../../arm-none-eabi/lib/thumb/arm7tdmi/libc.a(libc_time_tzvars.c.o)
                0x02014814                _tzname
 .data          0x0201481c        0x4 /opt/wonderful/toolchain/gcc-arm-none-eabi/lib/gcc/arm-none-eabi/13.2.0/../../../../arm-none-eabi/lib/thumb/arm7tdmi/libc.a(libc_stdlib_environ.c.o)
                0x0201481c                environ
 *(EXCLUDE_FILE(*.twl*) .data.*)
 .data.ballY    0x02014820        0x2 build/source/main.c.o
                0x02014820                ballY
 .data.ballX    0x02014822        0x2 build/source/main.c.o
                0x02014822                ballX
 .data.ballHoriSpeed
                0x02014824        0x1 build/source/main.c.o
                0x02014824                ballHoriSpeed
 .data.ballVertSpeed
                0x02014825        0x1 build/source/main.c.o
                0x02014825                ballVertSpeed
 *fill*         0x02014826        0x2 ff
 .data.oamSub   0x02014828       0x14 /opt/wonderful/thirdparty/blocksds/core/libs/libnds/lib/libnds9.a(sprite.c.o)
                0x02014828                oamSub
 .data.oamMain  0x0201483c       0x14 /opt/wonderful/thirdparty/blocksds/core/libs/libnds/lib/libnds9.a(sprite.c.o)
                0x0201483c                oamMain
 .data.count    0x02014850        0x1 /opt/wonderful/thirdparty/blocksds/core/libs/libnds/lib/libnds9.a(keys.c.o)
 .data.repeat   0x02014851        0x1 /opt/wonderful/thirdparty/blocksds/core/libs/libnds/lib/libnds9.a(keys.c.o)
 .data.delay    0x02014852        0x1 /opt/wonderful/thirdparty/blocksds/core/libs/libnds/lib/libnds9.a(keys.c.o)
 .data.firstConsoleInit.0
                0x02014853        0x1 /opt/wonderful/thirdparty/blocksds/core/libs/libnds/lib/libnds9.a(console.c.o)
 .data.currentConsole
                0x02014854        0x4 /opt/wonderful/thirdparty/blocksds/core/libs/libnds/lib/libnds9.a(console.c.o)
                0x02014854                currentConsole
 .data.defaultConsole
                0x02014858       0x5c /opt/wonderful/thirdparty/blocksds/core/libs/libnds/lib/libnds9.a(console.c.o)
                0x02014858                defaultConsole
 .data.__stderr
                0x020148b4       0x10 /opt/wonderful/thirdparty/blocksds/core/libs/libnds/lib/libnds9.a(iob.c.o)
 .data.__stdout
                0x020148c4       0x10 /opt/wonderful/thirdparty/blocksds/core/libs/libnds/lib/libnds9.a(iob.c.o)
 .data.__stdin  0x020148d4       0x10 /opt/wonderful/thirdparty/blocksds/core/libs/libnds/lib/libnds9.a(iob.c.o)
 .data.dldi_mode
                0x020148e4        0x1 /opt/wonderful/thirdparty/blocksds/core/libs/libnds/lib/libnds9.a(dldi.c.o)
 *fill*         0x020148e5        0x3 ff
 .data.__io_dldi_arm7_interface
                0x020148e8       0x20 /opt/wonderful/thirdparty/blocksds/core/libs/libnds/lib/libnds9.a(dldi.c.o)
                0x020148e8                __io_dldi_arm7_interface
 .data.fifo_freewords
                0x02014908        0x4 /opt/wonderful/thirdparty/blocksds/core/libs/libnds/lib/libnds9.a(fifosystem.c.o)
 .data.fifo_receive_queue
                0x0201490c        0x4 /opt/wonderful/thirdparty/blocksds/core/libs/libnds/lib/libnds9.a(fifosystem.c.o)
 .data.fifo_send_queue
                0x02014910        0x4 /opt/wonderful/thirdparty/blocksds/core/libs/libnds/lib/libnds9.a(fifosystem.c.o)
 .data.fifo_buffer_free
                0x02014914        0x4 /opt/wonderful/thirdparty/blocksds/core/libs/libnds/lib/libnds9.a(fifosystem.c.o)
 .data.bgTransform
                0x02014918       0x20 /opt/wonderful/thirdparty/blocksds/core/libs/libnds/lib/libnds9.a(background.c.o)
                0x02014918                bgTransform
 .data.bgScrollTable
                0x02014938       0x20 /opt/wonderful/thirdparty/blocksds/core/libs/libnds/lib/libnds9.a(background.c.o)
                0x02014938                bgScrollTable
 .data.bgControl
                0x02014958       0x20 /opt/wonderful/thirdparty/blocksds/core/libs/libnds/lib/libnds9.a(background.c.o)
                0x02014958                bgControl
 .data.lastKey  0x02014978        0x2 /opt/wonderful/thirdparty/blocksds/core/libs/libnds/lib/libnds9.a(keyboard.c.o)
                0x02014978                lastKey
 *(EXCLUDE_FILE(*.twl*) .gnu.linkonce.d*)
                0x0201497c                        . = ALIGN (0x4)
 *fill*         0x0201497a        0x2 ff

.igot.plt       0x0201497c        0x0
 .igot.plt      0x0201497c        0x0 build/source/main.c.o

.tdata          0x0201497c        0x0
                0x0201497c                        __tdata_start = ABSOLUTE (.)
 *(.tdata .tdata.* .gnu.linkonce.td.*)
                0x0201497c                        . = ALIGN (0x4)
                0x0201497c                        __tdata_end = ABSOLUTE (.)
                0x0201497c                        __data_end = .
                0x00000000                        __tdata_size = (__tdata_end - __tdata_start)

.tbss           0x0201497c       0x28
                0x0201497c                        __tbss_start = ABSOLUTE (.)
 *(.tbss .tbss.* .gnu.linkonce.tb.*)
 .tbss          0x0201497c        0x4 /opt/wonderful/toolchain/gcc-arm-none-eabi/lib/gcc/arm-none-eabi/13.2.0/../../../../arm-none-eabi/lib/thumb/arm7tdmi/libc.a(libc_errno_errno.c.o)
                0x0201497c                errno
 .tbss          0x02014980       0x24 /opt/wonderful/toolchain/gcc-arm-none-eabi/lib/gcc/arm-none-eabi/13.2.0/../../../../arm-none-eabi/lib/thumb/arm7tdmi/libc.a(libc_time_lcltime_buf.c.o)
                0x02014980                _localtime_buf
 *(.tcommon)
                0x020149a4                        . = ALIGN (0x4)
                0x020149a4                        __tbss_end = ABSOLUTE (.)
                0x00000028                        __tbss_size = (__tbss_end - __tbss_start)
                0x0201497c                        __bss_vma = .

.dtcm           0x02ff0000        0x0 load address 0x0201497c
                0x0201497c                        __dtcm_lma = LOADADDR (.dtcm)
                0x02ff0000                        __dtcm_start = ABSOLUTE (.)
 *(.dtcm)
 *(.dtcm.*)
                0x02ff0000                        . = ALIGN (0x4)
                0x02ff0000                        __dtcm_end = ABSOLUTE (.)

.itcm           0x01000100      0x2f8 load address 0x0201497c
                0x0201497c                        __itcm_lma = LOADADDR (.itcm)
                0x01000100                        __itcm_start = ABSOLUTE (.)
 *(.itcm)
 *(.itcm.*)
 .itcm.text     0x01000100       0x8c /opt/wonderful/thirdparty/blocksds/core/libs/libnds/lib/libnds9.a(cache.c.o)
                0x01000100                CP15_CleanAndFlushDCacheRange
                0x01000134                CP15_FlushDCacheRange
                0x01000160                CP15_FlushICacheRange
 .itcm.data     0x0100018c      0x100 /opt/wonderful/thirdparty/blocksds/core/libs/libnds/lib/libnds9.a(interrupts.c.o)
                0x0100018c                irqTable
 .itcm.text     0x0100028c       0x3c /opt/wonderful/thirdparty/blocksds/core/libs/libnds/lib/libnds9.a(threads.c.o)
                0x0100028c                cothread_scheduler_refresh_irq_flags
 .itcm.setCpuClock
                0x010002c8       0x50 /opt/wonderful/thirdparty/blocksds/core/libs/libnds/lib/libnds9.a(cpu_clock.s.o)
                0x010002c8                setCpuClock
 .itcm.IntrMain
                0x01000318       0xe0 /opt/wonderful/thirdparty/blocksds/core/libs/libnds/lib/libnds9.a(interruptDispatcher.s.o)
                0x01000318                IntrMain
 *.itcm*(.text .stub .text.*)
                0x010003f8                        . = ALIGN (0x4)
                0x010003f8                        __itcm_end = ABSOLUTE (.)

.vectors        0x01000000        0x0 load address 0x02014c74
                0x02014c74                        __vectors_lma = LOADADDR (.vectors)
                0x01000000                        __vectors_start = ABSOLUTE (.)
 *(.vectors .vectors.*)
                0x01000000                        . = ALIGN (0x4)
                0x01000000                        __vectors_end = ABSOLUTE (.)

.sbss           0x02ff0000        0x4
                0x02ff0000                        __sbss_start = ABSOLUTE (.)
                0x02ff0000                        __sbss_start__ = ABSOLUTE (.)
 *(.sbss)
 .sbss          0x02ff0000        0x4 /opt/wonderful/thirdparty/blocksds/core/libs/libnds/lib/libnds9.a(threads.c.o)
                0x02ff0000                cothread_irq_flags
                0x02ff0004                        . = ALIGN (0x4)
                0x02ff0004                        __sbss_end = ABSOLUTE (.)

.bss            0x0201497c     0x8590
                0x0201497c                        __bss_start = ABSOLUTE (.)
                0x0201497c                        __bss_start__ = ABSOLUTE (.)
 *(EXCLUDE_FILE(*.twl*) .dynbss)
 *(EXCLUDE_FILE(*.twl*) .gnu.linkonce.b*)
 *(EXCLUDE_FILE(*.twl*) .bss*)
 .bss.Released  0x0201497c        0x2 build/source/main.c.o
                0x0201497c                Released
 .bss.Held      0x0201497e        0x2 build/source/main.c.o
                0x0201497e                Held
 .bss.Pressed   0x02014980        0x2 build/source/main.c.o
                0x02014980                Pressed
 *fill*         0x02014982        0x2 
 .bss.NF_ROOTFOLDER
                0x02014984       0x40 /opt/wonderful/thirdparty/blocksds/external/nflib/lib/libnflib.a(nf_basic.c.o)
                0x02014984                NF_ROOTFOLDER
 .bss.NF_SPRVRAM
                0x020149c4      0x838 /opt/wonderful/thirdparty/blocksds/external/nflib/lib/libnflib.a(nf_sprite256.c.o)
                0x020149c4                NF_SPRVRAM
 .bss.NF_SPRITEOAM
                0x020151fc     0x2400 /opt/wonderful/thirdparty/blocksds/external/nflib/lib/libnflib.a(nf_sprite256.c.o)
                0x020151fc                NF_SPRITEOAM
 .bss.NF_SPRPALSLOT
                0x020175fc       0x40 /opt/wonderful/thirdparty/blocksds/external/nflib/lib/libnflib.a(nf_sprite256.c.o)
                0x020175fc                NF_SPRPALSLOT
 .bss.NF_SPR256VRAM
                0x0201763c     0x1400 /opt/wonderful/thirdparty/blocksds/external/nflib/lib/libnflib.a(nf_sprite256.c.o)
                0x0201763c                NF_SPR256VRAM
 .bss.NF_SPR256PAL
                0x02018a3c      0x200 /opt/wonderful/thirdparty/blocksds/external/nflib/lib/libnflib.a(nf_sprite256.c.o)
                0x02018a3c                NF_SPR256PAL
 .bss.NF_SPR256GFX
                0x02018c3c      0xc00 /opt/wonderful/thirdparty/blocksds/external/nflib/lib/libnflib.a(nf_sprite256.c.o)
                0x02018c3c                NF_SPR256GFX
 .bss.NF_BUFFER_SPR256PAL
                0x0201983c      0x100 /opt/wonderful/thirdparty/blocksds/external/nflib/lib/libnflib.a(nf_sprite256.c.o)
                0x0201983c                NF_BUFFER_SPR256PAL
 .bss.NF_BUFFER_SPR256GFX
                0x0201993c      0x400 /opt/wonderful/thirdparty/blocksds/external/nflib/lib/libnflib.a(nf_sprite256.c.o)
                0x0201993c                NF_BUFFER_SPR256GFX
 .bss.NF_MAPBLOCKS
                0x02019d3c       0x20 /opt/wonderful/thirdparty/blocksds/external/nflib/lib/libnflib.a(nf_tiledbg.c.o)
                0x02019d3c                NF_MAPBLOCKS
 .bss.NF_TILEBLOCKS
                0x02019d5c       0x10 /opt/wonderful/thirdparty/blocksds/external/nflib/lib/libnflib.a(nf_tiledbg.c.o)
                0x02019d5c                NF_TILEBLOCKS
 .bss.NF_EXBGPAL
                0x02019d6c      0x600 /opt/wonderful/thirdparty/blocksds/external/nflib/lib/libnflib.a(nf_tiledbg.c.o)
                0x02019d6c                NF_EXBGPAL
 .bss.NF_TILEDBG_LAYERS
                0x0201a36c       0x90 /opt/wonderful/thirdparty/blocksds/external/nflib/lib/libnflib.a(nf_tiledbg.c.o)
                0x0201a36c                NF_TILEDBG_LAYERS
 .bss.NF_TILEDBG
                0x0201a3fc      0xd00 /opt/wonderful/thirdparty/blocksds/external/nflib/lib/libnflib.a(nf_tiledbg.c.o)
                0x0201a3fc                NF_TILEDBG
 .bss.NF_BUFFER_BGPAL
                0x0201b0fc      0x100 /opt/wonderful/thirdparty/blocksds/external/nflib/lib/libnflib.a(nf_tiledbg.c.o)
                0x0201b0fc                NF_BUFFER_BGPAL
 .bss.NF_BUFFER_BGMAP
                0x0201b1fc      0x100 /opt/wonderful/thirdparty/blocksds/external/nflib/lib/libnflib.a(nf_tiledbg.c.o)
                0x0201b1fc                NF_BUFFER_BGMAP
 .bss.NF_BUFFER_BGTILES
                0x0201b2fc      0x100 /opt/wonderful/thirdparty/blocksds/external/nflib/lib/libnflib.a(nf_tiledbg.c.o)
                0x0201b2fc                NF_BUFFER_BGTILES
 .bss.NF_BANKS_MAPS
                0x0201b3fc        0x2 /opt/wonderful/thirdparty/blocksds/external/nflib/lib/libnflib.a(nf_tiledbg.c.o)
                0x0201b3fc                NF_BANKS_MAPS
 *fill*         0x0201b3fe        0x2 
 .bss.NF_BANKS_TILES
                0x0201b400        0x2 /opt/wonderful/thirdparty/blocksds/external/nflib/lib/libnflib.a(nf_tiledbg.c.o)
                0x0201b400                NF_BANKS_TILES
 *fill*         0x0201b402        0x2 
 .bss.NF_TEXT   0x0201b404       0x50 /opt/wonderful/thirdparty/blocksds/external/nflib/lib/libnflib.a(nf_text.c.o)
                0x0201b404                NF_TEXT
 .bss.OamMemory
                0x0201b454      0x400 /opt/wonderful/thirdparty/blocksds/core/libs/libnds/lib/libnds9.a(sprite.c.o)
                0x0201b454                OamMemory
 .bss.OamMemorySub
                0x0201b854      0x400 /opt/wonderful/thirdparty/blocksds/core/libs/libnds/lib/libnds9.a(sprite.c.o)
                0x0201b854                OamMemorySub
 .bss.keysrepeat
                0x0201bc54        0x2 /opt/wonderful/thirdparty/blocksds/core/libs/libnds/lib/libnds9.a(keys.c.o)
 .bss.keysold   0x0201bc56        0x2 /opt/wonderful/thirdparty/blocksds/core/libs/libnds/lib/libnds9.a(keys.c.o)
 .bss.keys      0x0201bc58        0x2 /opt/wonderful/thirdparty/blocksds/core/libs/libnds/lib/libnds9.a(keys.c.o)
 *fill*         0x0201bc5a        0x2 
 .bss.punixTime
                0x0201bc5c        0x4 /opt/wonderful/thirdparty/blocksds/core/libs/libnds/lib/libnds9.a(initSystem.c.o)
                0x0201bc5c                punixTime
 .bss.__dsimode
                0x0201bc60        0x1 /opt/wonderful/thirdparty/blocksds/core/libs/libnds/lib/libnds9.a(initSystem.c.o)
                0x0201bc60                __dsimode
 *fill*         0x0201bc61        0x3 
 .bss.libnds_stderr_write
                0x0201bc64        0x4 /opt/wonderful/thirdparty/blocksds/core/libs/libnds/lib/libnds9.a(console.c.o)
                0x0201bc64                libnds_stderr_write
 .bss.libnds_stdout_write
                0x0201bc68        0x4 /opt/wonderful/thirdparty/blocksds/core/libs/libnds/lib/libnds9.a(console.c.o)
                0x0201bc68                libnds_stdout_write
 .bss.currentCopy
                0x0201bc6c       0x5c /opt/wonderful/thirdparty/blocksds/core/libs/libnds/lib/libnds9.a(console.c.o)
                0x0201bc6c                currentCopy
 .bss.current_drive_is_nitrofs
                0x0201bcc8        0x1 /opt/wonderful/thirdparty/blocksds/core/libs/libnds/lib/libnds9.a(filesystem.c.o)
                0x0201bcc8                current_drive_is_nitrofs
 .bss.has_been_called.0
                0x0201bcc9        0x1 /opt/wonderful/thirdparty/blocksds/core/libs/libnds/lib/libnds9.a(fatfs.c.o)
 .bss.fat_initialized
                0x0201bcca        0x1 /opt/wonderful/thirdparty/blocksds/core/libs/libnds/lib/libnds9.a(fatfs.c.o)
 *fill*         0x0201bccb        0x1 
 .bss.fs_info   0x0201bccc      0x478 /opt/wonderful/thirdparty/blocksds/core/libs/libnds/lib/libnds9.a(fatfs.c.o)
 .bss.CurrVol   0x0201c144        0x1 /opt/wonderful/thirdparty/blocksds/core/libs/libnds/lib/libnds9.a(ff.c.o)
 *fill*         0x0201c145        0x1 
 .bss.Fsid      0x0201c146        0x2 /opt/wonderful/thirdparty/blocksds/core/libs/libnds/lib/libnds9.a(ff.c.o)
 .bss.FatFs     0x0201c148        0x8 /opt/wonderful/thirdparty/blocksds/core/libs/libnds/lib/libnds9.a(ff.c.o)
 .bss.Mutex     0x0201c150        0xc /opt/wonderful/thirdparty/blocksds/core/libs/libnds/lib/libnds9.a(ffsystem.c.o)
 .bss.fs_io     0x0201c15c        0x8 /opt/wonderful/thirdparty/blocksds/core/libs/libnds/lib/libnds9.a(diskio.c.o)
 .bss.fs_initialized
                0x0201c164        0x2 /opt/wonderful/thirdparty/blocksds/core/libs/libnds/lib/libnds9.a(diskio.c.o)
 *fill*         0x0201c166        0x2 
 .bss.selected_entry.0
                0x0201c168        0x4 /opt/wonderful/thirdparty/blocksds/core/libs/libnds/lib/libnds9.a(cache.c.o)
 .bss.dldi_stub_space_sectors
                0x0201c16c        0x4 /opt/wonderful/thirdparty/blocksds/core/libs/libnds/lib/libnds9.a(cache.c.o)
 .bss.cache_num_sectors
                0x0201c170        0x4 /opt/wonderful/thirdparty/blocksds/core/libs/libnds/lib/libnds9.a(cache.c.o)
 .bss.cache_mem